2021-05-18T02:35:02.6820561Z ##[section]Starting: Request a runner to run this job
2021-05-18T02:35:03.0836573Z Can't find any online and idle self-hosted runner in current repository that matches the required labels: 'ubuntu-latest'
2021-05-18T02:35:03.0836686Z Can't find any online and idle self-hosted runner in current repository's account/organization that matches the required labels: 'ubuntu-latest'
2021-05-18T02:35:03.0837114Z Found online and idle hosted runner in current repository's account/organization that matches the required labels: 'ubuntu-latest'
2021-05-18T02:35:03.2155653Z ##[section]Finishing: Request a runner to run this job
2021-05-18T02:35:10.6795175Z Current runner version: '2.278.0'
2021-05-18T02:35:10.6828849Z ##[group]Operating System
2021-05-18T02:35:10.6829815Z Ubuntu
2021-05-18T02:35:10.6830212Z 20.04.2
2021-05-18T02:35:10.6830639Z LTS
2021-05-18T02:35:10.6831157Z ##[endgroup]
2021-05-18T02:35:10.6831651Z ##[group]Virtual Environment
2021-05-18T02:35:10.6832292Z Environment: ubuntu-20.04
2021-05-18T02:35:10.6832784Z Version: 20210510.0
2021-05-18T02:35:10.6833867Z Included Software: https://github.com/actions/virtual-environments/blob/ubuntu20/20210510.0/images/linux/Ubuntu2004-README.md
2021-05-18T02:35:10.6835221Z Image Release: https://github.com/actions/virtual-environments/releases/tag/ubuntu20%2F20210510.0
2021-05-18T02:35:10.6836113Z ##[endgroup]
2021-05-18T02:35:10.6838269Z ##[group]GITHUB_TOKEN Permissions
2021-05-18T02:35:10.6839557Z Actions: write
2021-05-18T02:35:10.6840247Z Checks: write
2021-05-18T02:35:10.6840702Z Contents: write
2021-05-18T02:35:10.6841243Z Deployments: write
2021-05-18T02:35:10.6842173Z Issues: write
2021-05-18T02:35:10.6842784Z Metadata: read
2021-05-18T02:35:10.6843362Z Packages: write
2021-05-18T02:35:10.6843897Z PullRequests: write
2021-05-18T02:35:10.6844681Z RepositoryProjects: write
2021-05-18T02:35:10.6845310Z SecurityEvents: write
2021-05-18T02:35:10.6845902Z Statuses: write
2021-05-18T02:35:10.6846570Z ##[endgroup]
2021-05-18T02:35:10.6849984Z Prepare workflow directory
2021-05-18T02:35:10.7582210Z Prepare all required actions
2021-05-18T02:35:10.7593742Z Getting action download info
2021-05-18T02:35:11.1537908Z Download action repository 'actions/checkout@v2'
2021-05-18T02:35:13.1681616Z Download action repository 'actions/setup-python@v1'
2021-05-18T02:35:13.5489934Z Download action repository 'peaceiris/actions-gh-pages@v3.6.1'
2021-05-18T02:35:14.3767616Z ##[group]Run actions/checkout@v2
2021-05-18T02:35:14.3768221Z with:
2021-05-18T02:35:14.3768703Z   repository: LeDataSciFi/ledatascifi-2021
2021-05-18T02:35:14.3769616Z   token: ***
2021-05-18T02:35:14.3769977Z   ssh-strict: true
2021-05-18T02:35:14.3770453Z   persist-credentials: true
2021-05-18T02:35:14.3770872Z   clean: true
2021-05-18T02:35:14.3771225Z   fetch-depth: 1
2021-05-18T02:35:14.3771557Z   lfs: false
2021-05-18T02:35:14.3771909Z   submodules: false
2021-05-18T02:35:14.3772262Z ##[endgroup]
2021-05-18T02:35:15.1788918Z Syncing repository: LeDataSciFi/ledatascifi-2021
2021-05-18T02:35:15.1789715Z ##[group]Getting Git version info
2021-05-18T02:35:15.1790723Z Working directory is '/home/runner/work/ledatascifi-2021/ledatascifi-2021'
2021-05-18T02:35:15.1791424Z [command]/usr/bin/git version
2021-05-18T02:35:15.1791813Z git version 2.31.1
2021-05-18T02:35:15.1792593Z ##[endgroup]
2021-05-18T02:35:15.1793522Z Deleting the contents of '/home/runner/work/ledatascifi-2021/ledatascifi-2021'
2021-05-18T02:35:15.1794738Z ##[group]Initializing the repository
2021-05-18T02:35:15.1795675Z [command]/usr/bin/git init /home/runner/work/ledatascifi-2021/ledatascifi-2021
2021-05-18T02:35:15.1796653Z hint: Using 'master' as the name for the initial branch. This default branch name
2021-05-18T02:35:15.1797394Z hint: is subject to change. To configure the initial branch name to use in all
2021-05-18T02:35:15.1798126Z hint: of your new repositories, which will suppress this warning, call:
2021-05-18T02:35:15.1798633Z hint: 
2021-05-18T02:35:15.1799288Z hint: 	git config --global init.defaultBranch <name>
2021-05-18T02:35:15.1799776Z hint: 
2021-05-18T02:35:15.1800417Z hint: Names commonly chosen instead of 'master' are 'main', 'trunk' and
2021-05-18T02:35:15.1801323Z hint: 'development'. The just-created branch can be renamed via this command:
2021-05-18T02:35:15.1802083Z hint: 
2021-05-18T02:35:15.1802635Z hint: 	git branch -m <name>
2021-05-18T02:35:15.1803541Z Initialized empty Git repository in /home/runner/work/ledatascifi-2021/ledatascifi-2021/.git/
2021-05-18T02:35:15.1804741Z [command]/usr/bin/git remote add origin https://github.com/LeDataSciFi/ledatascifi-2021
2021-05-18T02:35:15.1805478Z ##[endgroup]
2021-05-18T02:35:15.1805982Z ##[group]Disabling automatic garbage collection
2021-05-18T02:35:15.1807134Z [command]/usr/bin/git config --local gc.auto 0
2021-05-18T02:35:15.1807592Z ##[endgroup]
2021-05-18T02:35:15.1809210Z ##[group]Setting up auth
2021-05-18T02:35:15.1810128Z [command]/usr/bin/git config --local --name-only --get-regexp core\.sshCommand
2021-05-18T02:35:15.1811678Z [command]/usr/bin/git submodule foreach --recursive git config --local --name-only --get-regexp 'core\.sshCommand' && git config --local --unset-all 'core.sshCommand' || :
2021-05-18T02:35:15.1819906Z [command]/usr/bin/git config --local --name-only --get-regexp http\.https\:\/\/github\.com\/\.extraheader
2021-05-18T02:35:15.1822188Z [command]/usr/bin/git submodule foreach --recursive git config --local --name-only --get-regexp 'http\.https\:\/\/github\.com\/\.extraheader' && git config --local --unset-all 'http.https://github.com/.extraheader' || :
2021-05-18T02:35:15.1823871Z [command]/usr/bin/git config --local http.https://github.com/.extraheader AUTHORIZATION: basic ***
2021-05-18T02:35:15.1824640Z ##[endgroup]
2021-05-18T02:35:15.1825090Z ##[group]Fetching the repository
2021-05-18T02:35:15.1826784Z [command]/usr/bin/git -c protocol.version=2 fetch --no-tags --prune --progress --no-recurse-submodules --depth=1 origin +d3eaeea2ea60cd683a90dd1dca115e8317f25513:refs/remotes/origin/main
2021-05-18T02:35:15.1828006Z remote: Enumerating objects: 305, done.        
2021-05-18T02:35:15.1828518Z remote: Counting objects:   0% (1/305)        
2021-05-18T02:35:15.1828988Z remote: Counting objects:   1% (4/305)        
2021-05-18T02:35:15.1829444Z remote: Counting objects:   2% (7/305)        
2021-05-18T02:35:15.1829917Z remote: Counting objects:   3% (10/305)        
2021-05-18T02:35:15.1830546Z remote: Counting objects:   4% (13/305)        
2021-05-18T02:35:15.1831055Z remote: Counting objects:   5% (16/305)        
2021-05-18T02:35:15.1831514Z remote: Counting objects:   6% (19/305)        
2021-05-18T02:35:15.1831984Z remote: Counting objects:   7% (22/305)        
2021-05-18T02:35:15.1832441Z remote: Counting objects:   8% (25/305)        
2021-05-18T02:35:15.1832923Z remote: Counting objects:   9% (28/305)        
2021-05-18T02:35:15.1833393Z remote: Counting objects:  10% (31/305)        
2021-05-18T02:35:15.1833849Z remote: Counting objects:  11% (34/305)        
2021-05-18T02:35:15.1834319Z remote: Counting objects:  12% (37/305)        
2021-05-18T02:35:15.1834775Z remote: Counting objects:  13% (40/305)        
2021-05-18T02:35:15.1835243Z remote: Counting objects:  14% (43/305)        
2021-05-18T02:35:15.1835701Z remote: Counting objects:  15% (46/305)        
2021-05-18T02:35:15.1836169Z remote: Counting objects:  16% (49/305)        
2021-05-18T02:35:15.1836631Z remote: Counting objects:  17% (52/305)        
2021-05-18T02:35:15.1837104Z remote: Counting objects:  18% (55/305)        
2021-05-18T02:35:15.1837571Z remote: Counting objects:  19% (58/305)        
2021-05-18T02:35:15.1838026Z remote: Counting objects:  20% (61/305)        
2021-05-18T02:35:15.1838494Z remote: Counting objects:  21% (65/305)        
2021-05-18T02:35:15.1838961Z remote: Counting objects:  22% (68/305)        
2021-05-18T02:35:15.1839428Z remote: Counting objects:  23% (71/305)        
2021-05-18T02:35:15.1839884Z remote: Counting objects:  24% (74/305)        
2021-05-18T02:35:15.1840350Z remote: Counting objects:  25% (77/305)        
2021-05-18T02:35:15.1840809Z remote: Counting objects:  26% (80/305)        
2021-05-18T02:35:15.1841275Z remote: Counting objects:  27% (83/305)        
2021-05-18T02:35:15.1841744Z remote: Counting objects:  28% (86/305)        
2021-05-18T02:35:15.1842370Z remote: Counting objects:  29% (89/305)        
2021-05-18T02:35:15.1842840Z remote: Counting objects:  30% (92/305)        
2021-05-18T02:35:15.1843303Z remote: Counting objects:  31% (95/305)        
2021-05-18T02:35:15.1843774Z remote: Counting objects:  32% (98/305)        
2021-05-18T02:35:15.1844234Z remote: Counting objects:  33% (101/305)        
2021-05-18T02:35:15.1844708Z remote: Counting objects:  34% (104/305)        
2021-05-18T02:35:15.1845301Z remote: Counting objects:  35% (107/305)        
2021-05-18T02:35:15.1845778Z remote: Counting objects:  36% (110/305)        
2021-05-18T02:35:15.1846252Z remote: Counting objects:  37% (113/305)        
2021-05-18T02:35:15.1846712Z remote: Counting objects:  38% (116/305)        
2021-05-18T02:35:15.1847182Z remote: Counting objects:  39% (119/305)        
2021-05-18T02:35:15.1847638Z remote: Counting objects:  40% (122/305)        
2021-05-18T02:35:15.1848108Z remote: Counting objects:  41% (126/305)        
2021-05-18T02:35:15.1848567Z remote: Counting objects:  42% (129/305)        
2021-05-18T02:35:15.1849037Z remote: Counting objects:  43% (132/305)        
2021-05-18T02:35:15.1849500Z remote: Counting objects:  44% (135/305)        
2021-05-18T02:35:15.1849975Z remote: Counting objects:  45% (138/305)        
2021-05-18T02:35:15.1850432Z remote: Counting objects:  46% (141/305)        
2021-05-18T02:35:15.1850902Z remote: Counting objects:  47% (144/305)        
2021-05-18T02:35:15.1851379Z remote: Counting objects:  48% (147/305)        
2021-05-18T02:35:15.1851837Z remote: Counting objects:  49% (150/305)        
2021-05-18T02:35:15.1852307Z remote: Counting objects:  50% (153/305)        
2021-05-18T02:35:15.1852764Z remote: Counting objects:  51% (156/305)        
2021-05-18T02:35:15.1853235Z remote: Counting objects:  52% (159/305)        
2021-05-18T02:35:15.1853690Z remote: Counting objects:  53% (162/305)        
2021-05-18T02:35:15.1854165Z remote: Counting objects:  54% (165/305)        
2021-05-18T02:35:15.1854627Z remote: Counting objects:  55% (168/305)        
2021-05-18T02:35:15.1855100Z remote: Counting objects:  56% (171/305)        
2021-05-18T02:35:15.1855649Z remote: Counting objects:  57% (174/305)        
2021-05-18T02:35:15.1856125Z remote: Counting objects:  58% (177/305)        
2021-05-18T02:35:15.1856595Z remote: Counting objects:  59% (180/305)        
2021-05-18T02:35:15.1857053Z remote: Counting objects:  60% (183/305)        
2021-05-18T02:35:15.1857529Z remote: Counting objects:  61% (187/305)        
2021-05-18T02:35:15.1858018Z remote: Counting objects:  62% (190/305)        
2021-05-18T02:35:15.1858475Z remote: Counting objects:  63% (193/305)        
2021-05-18T02:35:15.1858948Z remote: Counting objects:  64% (196/305)        
2021-05-18T02:35:15.1859404Z remote: Counting objects:  65% (199/305)        
2021-05-18T02:35:15.1859873Z remote: Counting objects:  66% (202/305)        
2021-05-18T02:35:15.1860333Z remote: Counting objects:  67% (205/305)        
2021-05-18T02:35:15.1860799Z remote: Counting objects:  68% (208/305)        
2021-05-18T02:35:15.1861255Z remote: Counting objects:  69% (211/305)        
2021-05-18T02:35:15.1861732Z remote: Counting objects:  70% (214/305)        
2021-05-18T02:35:15.1862204Z remote: Counting objects:  71% (217/305)        
2021-05-18T02:35:15.1862664Z remote: Counting objects:  72% (220/305)        
2021-05-18T02:35:15.1863132Z remote: Counting objects:  73% (223/305)        
2021-05-18T02:35:15.1863596Z remote: Counting objects:  74% (226/305)        
2021-05-18T02:35:15.1864064Z remote: Counting objects:  75% (229/305)        
2021-05-18T02:35:15.1864523Z remote: Counting objects:  76% (232/305)        
2021-05-18T02:35:15.1864993Z remote: Counting objects:  77% (235/305)        
2021-05-18T02:35:15.1865449Z remote: Counting objects:  78% (238/305)        
2021-05-18T02:35:15.1865918Z remote: Counting objects:  79% (241/305)        
2021-05-18T02:35:15.1866387Z remote: Counting objects:  80% (244/305)        
2021-05-18T02:35:15.1866842Z remote: Counting objects:  81% (248/305)        
2021-05-18T02:35:15.1867310Z remote: Counting objects:  82% (251/305)        
2021-05-18T02:35:15.1867772Z remote: Counting objects:  83% (254/305)        
2021-05-18T02:35:15.1868244Z remote: Counting objects:  84% (257/305)        
2021-05-18T02:35:15.1868700Z remote: Counting objects:  85% (260/305)        
2021-05-18T02:35:15.1869171Z remote: Counting objects:  86% (263/305)        
2021-05-18T02:35:15.1869625Z remote: Counting objects:  87% (266/305)        
2021-05-18T02:35:15.1870183Z remote: Counting objects:  88% (269/305)        
2021-05-18T02:35:15.1870654Z remote: Counting objects:  89% (272/305)        
2021-05-18T02:35:15.1871108Z remote: Counting objects:  90% (275/305)        
2021-05-18T02:35:15.1871578Z remote: Counting objects:  91% (278/305)        
2021-05-18T02:35:15.1872034Z remote: Counting objects:  92% (281/305)        
2021-05-18T02:35:15.1872505Z remote: Counting objects:  93% (284/305)        
2021-05-18T02:35:15.1872962Z remote: Counting objects:  94% (287/305)        
2021-05-18T02:35:15.1873429Z remote: Counting objects:  95% (290/305)        
2021-05-18T02:35:15.1873893Z remote: Counting objects:  96% (293/305)        
2021-05-18T02:35:15.1874369Z remote: Counting objects:  97% (296/305)        
2021-05-18T02:35:15.1874825Z remote: Counting objects:  98% (299/305)        
2021-05-18T02:35:15.1875296Z remote: Counting objects:  99% (302/305)        
2021-05-18T02:35:15.1875765Z remote: Counting objects: 100% (305/305)        
2021-05-18T02:35:15.1876252Z remote: Counting objects: 100% (305/305), done.        
2021-05-18T02:35:15.1876767Z remote: Compressing objects:   0% (1/290)        
2021-05-18T02:35:15.1877272Z remote: Compressing objects:   1% (3/290)        
2021-05-18T02:35:15.1877787Z remote: Compressing objects:   2% (6/290)        
2021-05-18T02:35:15.8667849Z remote: Compressing objects:   3% (9/290)        
2021-05-18T02:35:15.8670117Z remote: Compressing objects:   4% (12/290)        
2021-05-18T02:35:15.8672108Z remote: Compressing objects:   5% (15/290)        
2021-05-18T02:35:15.8673730Z remote: Compressing objects:   6% (18/290)        
2021-05-18T02:35:15.8675716Z remote: Compressing objects:   7% (21/290)        
2021-05-18T02:35:16.6976650Z remote: Compressing objects:   8% (24/290)        
2021-05-18T02:35:17.0704308Z remote: Compressing objects:   9% (27/290)        
2021-05-18T02:35:17.1069926Z remote: Compressing objects:  10% (29/290)        
2021-05-18T02:35:17.1204437Z remote: Compressing objects:  11% (32/290)        
2021-05-18T02:35:17.1350169Z remote: Compressing objects:  12% (35/290)        
2021-05-18T02:35:17.1398635Z remote: Compressing objects:  13% (38/290)        
2021-05-18T02:35:17.1404000Z remote: Compressing objects:  14% (41/290)        
2021-05-18T02:35:17.1405341Z remote: Compressing objects:  15% (44/290)        
2021-05-18T02:35:17.1539224Z remote: Compressing objects:  16% (47/290)        
2021-05-18T02:35:17.1560785Z remote: Compressing objects:  17% (50/290)        
2021-05-18T02:35:17.1608156Z remote: Compressing objects:  18% (53/290)        
2021-05-18T02:35:17.1609107Z remote: Compressing objects:  19% (56/290)        
2021-05-18T02:35:17.1766659Z remote: Compressing objects:  20% (58/290)        
2021-05-18T02:35:17.1780985Z remote: Compressing objects:  21% (61/290)        
2021-05-18T02:35:17.1798077Z remote: Compressing objects:  22% (64/290)        
2021-05-18T02:35:17.1799291Z remote: Compressing objects:  23% (67/290)        
2021-05-18T02:35:17.2115810Z remote: Compressing objects:  24% (70/290)        
2021-05-18T02:35:17.2116574Z remote: Compressing objects:  25% (73/290)        
2021-05-18T02:35:17.2180047Z remote: Compressing objects:  26% (76/290)        
2021-05-18T02:35:17.2216545Z remote: Compressing objects:  27% (79/290)        
2021-05-18T02:35:17.2240695Z remote: Compressing objects:  28% (82/290)        
2021-05-18T02:35:17.2249610Z remote: Compressing objects:  29% (85/290)        
2021-05-18T02:35:17.2270305Z remote: Compressing objects:  30% (87/290)        
2021-05-18T02:35:17.2271049Z remote: Compressing objects:  31% (90/290)        
2021-05-18T02:35:17.2271595Z remote: Compressing objects:  32% (93/290)        
2021-05-18T02:35:17.2272201Z remote: Compressing objects:  33% (96/290)        
2021-05-18T02:35:17.2272789Z remote: Compressing objects:  34% (99/290)        
2021-05-18T02:35:17.2290350Z remote: Compressing objects:  35% (102/290)        
2021-05-18T02:35:17.3063832Z remote: Compressing objects:  36% (105/290)        
2021-05-18T02:35:17.4276119Z remote: Compressing objects:  37% (108/290)        
2021-05-18T02:35:17.5104175Z remote: Compressing objects:  38% (111/290)        
2021-05-18T02:35:17.6399939Z remote: Compressing objects:  39% (114/290)        
2021-05-18T02:35:17.6653258Z remote: Compressing objects:  40% (116/290)        
2021-05-18T02:35:17.6653921Z remote: Compressing objects:  41% (119/290)        
2021-05-18T02:35:17.6654602Z remote: Compressing objects:  42% (122/290)        
2021-05-18T02:35:17.9440130Z remote: Compressing objects:  43% (125/290)        
2021-05-18T02:35:17.9442356Z remote: Compressing objects:  44% (128/290)        
2021-05-18T02:35:17.9443662Z remote: Compressing objects:  45% (131/290)        
2021-05-18T02:35:17.9480633Z remote: Compressing objects:  46% (134/290)        
2021-05-18T02:35:17.9527699Z remote: Compressing objects:  47% (137/290)        
2021-05-18T02:35:17.9528567Z remote: Compressing objects:  48% (140/290)        
2021-05-18T02:35:17.9598871Z remote: Compressing objects:  49% (143/290)        
2021-05-18T02:35:17.9599718Z remote: Compressing objects:  50% (145/290)        
2021-05-18T02:35:17.9618395Z remote: Compressing objects:  51% (148/290)        
2021-05-18T02:35:17.9635714Z remote: Compressing objects:  52% (151/290)        
2021-05-18T02:35:17.9647076Z remote: Compressing objects:  53% (154/290)        
2021-05-18T02:35:17.9671865Z remote: Compressing objects:  54% (157/290)        
2021-05-18T02:35:17.9673155Z remote: Compressing objects:  55% (160/290)        
2021-05-18T02:35:17.9684392Z remote: Compressing objects:  56% (163/290)        
2021-05-18T02:35:17.9688101Z remote: Compressing objects:  57% (166/290)        
2021-05-18T02:35:17.9694614Z remote: Compressing objects:  58% (169/290)        
2021-05-18T02:35:17.9695291Z remote: Compressing objects:  59% (172/290)        
2021-05-18T02:35:17.9746850Z remote: Compressing objects:  60% (174/290)        
2021-05-18T02:35:17.9771882Z remote: Compressing objects:  61% (177/290)        
2021-05-18T02:35:17.9800904Z remote: Compressing objects:  62% (180/290)        
2021-05-18T02:35:17.9818958Z remote: Compressing objects:  63% (183/290)        
2021-05-18T02:35:17.9838971Z remote: Compressing objects:  64% (186/290)        
2021-05-18T02:35:17.9848851Z remote: Compressing objects:  65% (189/290)        
2021-05-18T02:35:17.9857103Z remote: Compressing objects:  66% (192/290)        
2021-05-18T02:35:17.9875436Z remote: Compressing objects:  67% (195/290)        
2021-05-18T02:35:17.9895769Z remote: Compressing objects:  68% (198/290)        
2021-05-18T02:35:17.9912911Z remote: Compressing objects:  69% (201/290)        
2021-05-18T02:35:17.9913704Z remote: Compressing objects:  70% (203/290)        
2021-05-18T02:35:17.9939147Z remote: Compressing objects:  71% (206/290)        
2021-05-18T02:35:17.9955165Z remote: Compressing objects:  72% (209/290)        
2021-05-18T02:35:17.9955930Z remote: Compressing objects:  73% (212/290)        
2021-05-18T02:35:17.9972011Z remote: Compressing objects:  74% (215/290)        
2021-05-18T02:35:17.9980218Z remote: Compressing objects:  75% (218/290)        
2021-05-18T02:35:18.0007344Z remote: Compressing objects:  76% (221/290)        
2021-05-18T02:35:18.0008038Z remote: Compressing objects:  77% (224/290)        
2021-05-18T02:35:18.0015902Z remote: Compressing objects:  78% (227/290)        
2021-05-18T02:35:18.0060652Z remote: Compressing objects:  79% (230/290)        
2021-05-18T02:35:18.0061421Z remote: Compressing objects:  80% (232/290)        
2021-05-18T02:35:18.0062169Z remote: Compressing objects:  81% (235/290)        
2021-05-18T02:35:18.0098743Z remote: Compressing objects:  82% (238/290)        
2021-05-18T02:35:18.0257476Z remote: Compressing objects:  83% (241/290)        
2021-05-18T02:35:18.0400958Z remote: Compressing objects:  84% (244/290)        
2021-05-18T02:35:18.0401721Z remote: Compressing objects:  85% (247/290)        
2021-05-18T02:35:18.0402536Z remote: Compressing objects:  86% (250/290)        
2021-05-18T02:35:18.0427875Z remote: Compressing objects:  87% (253/290)        
2021-05-18T02:35:18.0428733Z remote: Compressing objects:  88% (256/290)        
2021-05-18T02:35:18.0433900Z remote: Compressing objects:  88% (258/290)        
2021-05-18T02:35:18.0434635Z remote: Compressing objects:  89% (259/290)        
2021-05-18T02:35:18.0435239Z remote: Compressing objects:  90% (261/290)        
2021-05-18T02:35:18.0435912Z remote: Compressing objects:  91% (264/290)        
2021-05-18T02:35:18.0436620Z remote: Compressing objects:  92% (267/290)        
2021-05-18T02:35:18.0437243Z remote: Compressing objects:  93% (270/290)        
2021-05-18T02:35:18.0437935Z remote: Compressing objects:  94% (273/290)        
2021-05-18T02:35:18.0438534Z remote: Compressing objects:  95% (276/290)        
2021-05-18T02:35:18.0439088Z remote: Compressing objects:  96% (279/290)        
2021-05-18T02:35:18.0440425Z remote: Compressing objects:  97% (282/290)        
2021-05-18T02:35:18.0441122Z remote: Compressing objects:  98% (285/290)        
2021-05-18T02:35:18.0446261Z remote: Compressing objects:  99% (288/290)        
2021-05-18T02:35:18.0446998Z remote: Compressing objects: 100% (290/290)        
2021-05-18T02:35:18.0447738Z remote: Compressing objects: 100% (290/290), done.        
2021-05-18T02:35:18.0484673Z Receiving objects:   0% (1/305)
2021-05-18T02:35:18.0485195Z Receiving objects:   1% (4/305)
2021-05-18T02:35:18.0488468Z Receiving objects:   2% (7/305)
2021-05-18T02:35:18.0489033Z Receiving objects:   3% (10/305)
2021-05-18T02:35:18.1026540Z Receiving objects:   4% (13/305)
2021-05-18T02:35:18.1870902Z Receiving objects:   5% (16/305)
2021-05-18T02:35:18.2256032Z Receiving objects:   6% (19/305)
2021-05-18T02:35:18.2314802Z Receiving objects:   7% (22/305)
2021-05-18T02:35:18.2328765Z Receiving objects:   8% (25/305)
2021-05-18T02:35:18.2331679Z Receiving objects:   9% (28/305)
2021-05-18T02:35:18.2333518Z Receiving objects:  10% (31/305)
2021-05-18T02:35:18.2334506Z Receiving objects:  11% (34/305)
2021-05-18T02:35:18.2336148Z Receiving objects:  12% (37/305)
2021-05-18T02:35:18.2337112Z Receiving objects:  13% (40/305)
2021-05-18T02:35:18.2343805Z Receiving objects:  14% (43/305)
2021-05-18T02:35:18.2345893Z Receiving objects:  15% (46/305)
2021-05-18T02:35:18.2367448Z Receiving objects:  16% (49/305)
2021-05-18T02:35:18.2453296Z Receiving objects:  17% (52/305)
2021-05-18T02:35:18.2472721Z Receiving objects:  18% (55/305)
2021-05-18T02:35:18.2653011Z Receiving objects:  19% (58/305)
2021-05-18T02:35:18.2655194Z Receiving objects:  20% (61/305)
2021-05-18T02:35:18.2657216Z Receiving objects:  21% (65/305)
2021-05-18T02:35:18.2658130Z Receiving objects:  22% (68/305)
2021-05-18T02:35:18.2660049Z Receiving objects:  23% (71/305)
2021-05-18T02:35:18.2661700Z Receiving objects:  24% (74/305)
2021-05-18T02:35:18.2662610Z Receiving objects:  25% (77/305)
2021-05-18T02:35:18.2672616Z Receiving objects:  26% (80/305)
2021-05-18T02:35:18.2689529Z Receiving objects:  27% (83/305)
2021-05-18T02:35:18.2691506Z Receiving objects:  28% (86/305)
2021-05-18T02:35:18.2710228Z Receiving objects:  29% (89/305)
2021-05-18T02:35:18.7443557Z Receiving objects:  30% (92/305)
2021-05-18T02:35:18.7445645Z Receiving objects:  31% (95/305), 5.54 MiB | 10.19 MiB/s
2021-05-18T02:35:18.7454695Z Receiving objects:  32% (98/305), 5.54 MiB | 10.19 MiB/s
2021-05-18T02:35:18.7886676Z Receiving objects:  33% (101/305), 5.54 MiB | 10.19 MiB/s
2021-05-18T02:35:18.9972899Z Receiving objects:  34% (104/305), 5.54 MiB | 10.19 MiB/s
2021-05-18T02:35:18.9973563Z Receiving objects:  35% (107/305), 5.54 MiB | 10.19 MiB/s
2021-05-18T02:35:18.9982146Z Receiving objects:  36% (110/305), 5.54 MiB | 10.19 MiB/s
2021-05-18T02:35:18.9986082Z Receiving objects:  37% (113/305), 5.54 MiB | 10.19 MiB/s
2021-05-18T02:35:18.9998230Z Receiving objects:  38% (116/305), 5.54 MiB | 10.19 MiB/s
2021-05-18T02:35:19.0005131Z Receiving objects:  39% (119/305), 5.54 MiB | 10.19 MiB/s
2021-05-18T02:35:19.0010365Z Receiving objects:  40% (122/305), 5.54 MiB | 10.19 MiB/s
2021-05-18T02:35:19.0066777Z Receiving objects:  41% (126/305), 5.54 MiB | 10.19 MiB/s
2021-05-18T02:35:19.0074077Z Receiving objects:  42% (129/305), 5.54 MiB | 10.19 MiB/s
2021-05-18T02:35:19.0078889Z Receiving objects:  43% (132/305), 5.54 MiB | 10.19 MiB/s
2021-05-18T02:35:19.0083408Z Receiving objects:  44% (135/305), 5.54 MiB | 10.19 MiB/s
2021-05-18T02:35:19.6722886Z Receiving objects:  45% (138/305), 5.54 MiB | 10.19 MiB/s
2021-05-18T02:35:19.6725624Z Receiving objects:  46% (141/305), 5.54 MiB | 10.19 MiB/s
2021-05-18T02:35:19.6726520Z Receiving objects:  47% (144/305), 5.54 MiB | 10.19 MiB/s
2021-05-18T02:35:19.6727338Z Receiving objects:  48% (147/305), 5.54 MiB | 10.19 MiB/s
2021-05-18T02:35:19.6738566Z Receiving objects:  49% (150/305), 5.54 MiB | 10.19 MiB/s
2021-05-18T02:35:19.6739684Z Receiving objects:  50% (153/305), 5.54 MiB | 10.19 MiB/s
2021-05-18T02:35:19.6740422Z Receiving objects:  51% (156/305), 5.54 MiB | 10.19 MiB/s
2021-05-18T02:35:19.6741130Z Receiving objects:  52% (159/305), 5.54 MiB | 10.19 MiB/s
2021-05-18T02:35:19.6741833Z Receiving objects:  53% (162/305), 5.54 MiB | 10.19 MiB/s
2021-05-18T02:35:19.6742672Z Receiving objects:  54% (165/305), 5.54 MiB | 10.19 MiB/s
2021-05-18T02:35:19.6743384Z Receiving objects:  55% (168/305), 5.54 MiB | 10.19 MiB/s
2021-05-18T02:35:19.6744185Z Receiving objects:  56% (171/305), 5.54 MiB | 10.19 MiB/s
2021-05-18T02:35:19.6744908Z Receiving objects:  56% (173/305), 5.54 MiB | 10.19 MiB/s
2021-05-18T02:35:19.6745859Z Receiving objects:  57% (174/305), 16.53 MiB | 15.85 MiB/s
2021-05-18T02:35:19.6746565Z Receiving objects:  58% (177/305), 16.53 MiB | 15.85 MiB/s
2021-05-18T02:35:19.6747272Z Receiving objects:  59% (180/305), 16.53 MiB | 15.85 MiB/s
2021-05-18T02:35:19.6748155Z Receiving objects:  60% (183/305), 16.53 MiB | 15.85 MiB/s
2021-05-18T02:35:19.6748905Z Receiving objects:  61% (187/305), 16.53 MiB | 15.85 MiB/s
2021-05-18T02:35:19.6749617Z Receiving objects:  62% (190/305), 16.53 MiB | 15.85 MiB/s
2021-05-18T02:35:19.6750309Z Receiving objects:  63% (193/305), 16.53 MiB | 15.85 MiB/s
2021-05-18T02:35:19.6756785Z Receiving objects:  64% (196/305), 16.53 MiB | 15.85 MiB/s
2021-05-18T02:35:19.6757981Z Receiving objects:  65% (199/305), 16.53 MiB | 15.85 MiB/s
2021-05-18T02:35:19.6758832Z Receiving objects:  66% (202/305), 16.53 MiB | 15.85 MiB/s
2021-05-18T02:35:19.6759547Z Receiving objects:  67% (205/305), 16.53 MiB | 15.85 MiB/s
2021-05-18T02:35:19.6760235Z Receiving objects:  68% (208/305), 16.53 MiB | 15.85 MiB/s
2021-05-18T02:35:19.6760954Z Receiving objects:  69% (211/305), 16.53 MiB | 15.85 MiB/s
2021-05-18T02:35:19.6761634Z Receiving objects:  70% (214/305), 16.53 MiB | 15.85 MiB/s
2021-05-18T02:35:19.7017401Z Receiving objects:  71% (217/305), 43.16 MiB | 27.97 MiB/s
2021-05-18T02:35:19.7115762Z Receiving objects:  72% (220/305), 43.16 MiB | 27.97 MiB/s
2021-05-18T02:35:20.0909664Z Receiving objects:  73% (223/305), 43.16 MiB | 27.97 MiB/s
2021-05-18T02:35:20.1235688Z Receiving objects:  73% (224/305), 69.27 MiB | 33.90 MiB/s
2021-05-18T02:35:20.5635255Z Receiving objects:  74% (226/305), 69.27 MiB | 33.90 MiB/s
2021-05-18T02:35:20.6048594Z Receiving objects:  75% (229/305), 69.27 MiB | 33.90 MiB/s
2021-05-18T02:35:20.6074741Z Receiving objects:  76% (232/305), 95.40 MiB | 37.51 MiB/s
2021-05-18T02:35:20.6080159Z Receiving objects:  77% (235/305), 95.40 MiB | 37.51 MiB/s
2021-05-18T02:35:20.6090988Z Receiving objects:  78% (238/305), 95.40 MiB | 37.51 MiB/s
2021-05-18T02:35:20.6093044Z Receiving objects:  79% (241/305), 95.40 MiB | 37.51 MiB/s
2021-05-18T02:35:20.6096527Z Receiving objects:  80% (244/305), 95.40 MiB | 37.51 MiB/s
2021-05-18T02:35:20.6098552Z Receiving objects:  81% (248/305), 95.40 MiB | 37.51 MiB/s
2021-05-18T02:35:20.6101703Z Receiving objects:  82% (251/305), 95.40 MiB | 37.51 MiB/s
2021-05-18T02:35:20.6112771Z Receiving objects:  83% (254/305), 95.40 MiB | 37.51 MiB/s
2021-05-18T02:35:20.6115889Z Receiving objects:  84% (257/305), 95.40 MiB | 37.51 MiB/s
2021-05-18T02:35:20.6142173Z Receiving objects:  85% (260/305), 95.40 MiB | 37.51 MiB/s
2021-05-18T02:35:20.6157579Z Receiving objects:  86% (263/305), 95.40 MiB | 37.51 MiB/s
2021-05-18T02:35:20.6179644Z Receiving objects:  87% (266/305), 95.40 MiB | 37.51 MiB/s
2021-05-18T02:35:21.0909299Z Receiving objects:  88% (269/305), 95.40 MiB | 37.51 MiB/s
2021-05-18T02:35:21.3995876Z Receiving objects:  88% (269/305), 121.66 MiB | 39.99 MiB/s
2021-05-18T02:35:21.4662918Z Receiving objects:  89% (272/305), 121.66 MiB | 39.99 MiB/s
2021-05-18T02:35:21.4987019Z Receiving objects:  90% (275/305), 121.66 MiB | 39.99 MiB/s
2021-05-18T02:35:21.5970098Z Receiving objects:  91% (278/305), 121.66 MiB | 39.99 MiB/s
2021-05-18T02:35:21.7576047Z Receiving objects:  92% (281/305), 150.41 MiB | 42.46 MiB/s
2021-05-18T02:35:21.8149685Z Receiving objects:  93% (284/305), 150.41 MiB | 42.46 MiB/s
2021-05-18T02:35:21.9640409Z Receiving objects:  94% (287/305), 150.41 MiB | 42.46 MiB/s
2021-05-18T02:35:22.0646705Z Receiving objects:  95% (290/305), 150.41 MiB | 42.46 MiB/s
2021-05-18T02:35:22.1130994Z Receiving objects:  95% (292/305), 150.41 MiB | 42.46 MiB/s
2021-05-18T02:35:22.3015016Z Receiving objects:  96% (293/305), 175.68 MiB | 43.46 MiB/s
2021-05-18T02:35:22.4169358Z Receiving objects:  97% (296/305), 175.68 MiB | 43.46 MiB/s
2021-05-18T02:35:22.5516529Z Receiving objects:  98% (299/305), 175.68 MiB | 43.46 MiB/s
2021-05-18T02:35:22.5518926Z remote: Total 305 (delta 24), reused 197 (delta 9), pack-reused 0        
2021-05-18T02:35:22.5530944Z Receiving objects:  99% (302/305), 175.68 MiB | 43.46 MiB/s
2021-05-18T02:35:22.5531450Z Receiving objects: 100% (305/305), 175.68 MiB | 43.46 MiB/s
2021-05-18T02:35:22.5531974Z Receiving objects: 100% (305/305), 200.32 MiB | 44.47 MiB/s, done.
2021-05-18T02:35:22.5566008Z Resolving deltas:   0% (0/24)
2021-05-18T02:35:22.5571215Z Resolving deltas:   4% (1/24)
2021-05-18T02:35:22.5576675Z Resolving deltas:   8% (2/24)
2021-05-18T02:35:22.5579008Z Resolving deltas:  12% (3/24)
2021-05-18T02:35:22.5583554Z Resolving deltas:  16% (4/24)
2021-05-18T02:35:22.5584013Z Resolving deltas:  20% (5/24)
2021-05-18T02:35:22.5587149Z Resolving deltas:  25% (6/24)
2021-05-18T02:35:22.5591157Z Resolving deltas:  29% (7/24)
2021-05-18T02:35:22.5595192Z Resolving deltas:  33% (8/24)
2021-05-18T02:35:22.5604443Z Resolving deltas:  37% (9/24)
2021-05-18T02:35:22.5712360Z Resolving deltas:  41% (10/24)
2021-05-18T02:35:22.5739376Z Resolving deltas:  45% (11/24)
2021-05-18T02:35:22.5753864Z Resolving deltas:  50% (12/24)
2021-05-18T02:35:22.5779860Z Resolving deltas:  54% (13/24)
2021-05-18T02:35:22.5794881Z Resolving deltas:  58% (14/24)
2021-05-18T02:35:22.5809425Z Resolving deltas:  62% (15/24)
2021-05-18T02:35:22.5822734Z Resolving deltas:  66% (16/24)
2021-05-18T02:35:22.5837176Z Resolving deltas:  70% (17/24)
2021-05-18T02:35:22.5852976Z Resolving deltas:  75% (18/24)
2021-05-18T02:35:22.5869181Z Resolving deltas:  79% (19/24)
2021-05-18T02:35:22.5896990Z Resolving deltas:  83% (20/24)
2021-05-18T02:35:22.5911164Z Resolving deltas:  87% (21/24)
2021-05-18T02:35:22.5924999Z Resolving deltas:  91% (22/24)
2021-05-18T02:35:22.5942677Z Resolving deltas:  95% (23/24)
2021-05-18T02:35:22.5943466Z Resolving deltas: 100% (24/24)
2021-05-18T02:35:22.5944397Z Resolving deltas: 100% (24/24), done.
2021-05-18T02:35:23.8197821Z From https://github.com/LeDataSciFi/ledatascifi-2021
2021-05-18T02:35:23.8199130Z  * [new ref]         d3eaeea2ea60cd683a90dd1dca115e8317f25513 -> origin/main
2021-05-18T02:35:23.8242067Z ##[endgroup]
2021-05-18T02:35:23.8244021Z ##[group]Determining the checkout info
2021-05-18T02:35:23.8244907Z ##[endgroup]
2021-05-18T02:35:23.8245626Z ##[group]Checking out the ref
2021-05-18T02:35:23.8246914Z [command]/usr/bin/git checkout --progress --force -B main refs/remotes/origin/main
2021-05-18T02:35:24.8846593Z Updating files:  95% (283/296)
2021-05-18T02:35:24.9437563Z Updating files:  96% (285/296)
2021-05-18T02:35:24.9905386Z Updating files:  97% (288/296)
2021-05-18T02:35:25.0059447Z Updating files:  98% (291/296)
2021-05-18T02:35:25.0063906Z Updating files:  99% (294/296)
2021-05-18T02:35:25.0064366Z Updating files: 100% (296/296)
2021-05-18T02:35:25.0065035Z Updating files: 100% (296/296), done.
2021-05-18T02:35:25.0079582Z Switched to a new branch 'main'
2021-05-18T02:35:25.0084576Z Branch 'main' set up to track remote branch 'main' from 'origin'.
2021-05-18T02:35:25.0147027Z ##[endgroup]
2021-05-18T02:35:25.0201961Z [command]/usr/bin/git log -1 --format='%H'
2021-05-18T02:35:25.0250296Z 'd3eaeea2ea60cd683a90dd1dca115e8317f25513'
2021-05-18T02:35:25.0419928Z ##[group]Run actions/setup-python@v1
2021-05-18T02:35:25.0420403Z with:
2021-05-18T02:35:25.0420792Z   python-version: 3.8
2021-05-18T02:35:25.0421334Z   architecture: x64
2021-05-18T02:35:25.0421745Z ##[endgroup]
2021-05-18T02:35:25.1120485Z Successfully setup CPython (3.8.10)
2021-05-18T02:35:25.1240433Z ##[group]Run pip install -r requirements.txt
2021-05-18T02:35:25.1241226Z [36;1mpip install -r requirements.txt[0m
2021-05-18T02:35:25.1286360Z shell: /usr/bin/bash -e {0}
2021-05-18T02:35:25.1286769Z env:
2021-05-18T02:35:25.1287310Z   pythonLocation: /opt/hostedtoolcache/Python/3.8.10/x64
2021-05-18T02:35:25.1287900Z ##[endgroup]
2021-05-18T02:35:26.0034559Z Collecting jupyter-book
2021-05-18T02:35:26.0668907Z   Downloading jupyter_book-0.10.2-py3-none-any.whl (49 kB)
2021-05-18T02:35:26.4056573Z Collecting matplotlib
2021-05-18T02:35:26.4203825Z   Downloading matplotlib-3.4.2-cp38-cp38-manylinux1_x86_64.whl (10.3 MB)
2021-05-18T02:35:27.3792244Z Collecting numpy
2021-05-18T02:35:27.3943326Z   Downloading numpy-1.20.3-cp38-cp38-manylinux_2_12_x86_64.manylinux2010_x86_64.whl (15.4 MB)
2021-05-18T02:35:27.7290787Z Collecting ghp-import
2021-05-18T02:35:27.7446011Z   Downloading ghp-import-1.1.0.tar.gz (13 kB)
2021-05-18T02:35:28.2675063Z Collecting myst-parser==0.13.3
2021-05-18T02:35:28.2831279Z   Downloading myst_parser-0.13.3-py3-none-any.whl (44 kB)
2021-05-18T02:35:28.3590633Z Collecting myst-nb==0.11.1
2021-05-18T02:35:28.3754945Z   Downloading myst_nb-0.11.1-py3-none-any.whl (36 kB)
2021-05-18T02:35:28.4391051Z Collecting sphinx-book-theme==0.0.39
2021-05-18T02:35:28.4547849Z   Downloading sphinx_book_theme-0.0.39-py3-none-any.whl (86 kB)
2021-05-18T02:35:28.5028660Z Collecting docutils==0.16
2021-05-18T02:35:28.5190980Z   Downloading docutils-0.16-py2.py3-none-any.whl (548 kB)
2021-05-18T02:35:28.5884947Z Collecting mdit-py-plugins~=0.2.4
2021-05-18T02:35:28.6063646Z   Downloading mdit_py_plugins-0.2.8-py3-none-any.whl (41 kB)
2021-05-18T02:35:28.6751406Z Collecting jinja2
2021-05-18T02:35:28.6912703Z   Downloading Jinja2-3.0.0-py3-none-any.whl (133 kB)
2021-05-18T02:35:28.7839745Z Collecting markdown-it-py~=0.6.0
2021-05-18T02:35:28.7997266Z   Downloading markdown_it_py-0.6.2-py3-none-any.whl (81 kB)
2021-05-18T02:35:28.9495886Z Collecting sphinx<4,>=2
2021-05-18T02:35:28.9682394Z   Downloading Sphinx-3.5.4-py3-none-any.whl (2.8 MB)
2021-05-18T02:35:29.1445785Z Collecting pyyaml
2021-05-18T02:35:29.1614106Z   Downloading PyYAML-5.4.1-cp38-cp38-manylinux1_x86_64.whl (662 kB)
2021-05-18T02:35:29.2683973Z Collecting nbconvert~=5.6
2021-05-18T02:35:29.2856662Z   Downloading nbconvert-5.6.1-py2.py3-none-any.whl (455 kB)
2021-05-18T02:35:29.3915908Z Collecting importlib-metadata
2021-05-18T02:35:29.4056290Z   Downloading importlib_metadata-4.0.1-py3-none-any.whl (16 kB)
2021-05-18T02:35:29.4551024Z Collecting jupyter-sphinx==0.3.1
2021-05-18T02:35:29.4705944Z   Downloading jupyter_sphinx-0.3.1-py3-none-any.whl (19 kB)
2021-05-18T02:35:29.6129347Z Collecting ipython
2021-05-18T02:35:29.6429378Z   Downloading ipython-7.23.1-py3-none-any.whl (785 kB)
2021-05-18T02:35:29.7124422Z Collecting nbformat~=5.0
2021-05-18T02:35:29.7276095Z   Downloading nbformat-5.1.3-py3-none-any.whl (178 kB)
2021-05-18T02:35:29.8185513Z Collecting ipywidgets<8,>=7.0.0
2021-05-18T02:35:29.8329416Z   Downloading ipywidgets-7.6.3-py2.py3-none-any.whl (121 kB)
2021-05-18T02:35:29.8877766Z Collecting sphinx-togglebutton~=0.2.2
2021-05-18T02:35:29.9042688Z   Downloading sphinx_togglebutton-0.2.3-py3-none-any.whl (6.1 kB)
2021-05-18T02:35:29.9643274Z Collecting jupyter-cache~=0.4.1
2021-05-18T02:35:29.9826667Z   Downloading jupyter_cache-0.4.2-py3-none-any.whl (31 kB)
2021-05-18T02:35:30.0646904Z Collecting pydata-sphinx-theme~=0.4.1
2021-05-18T02:35:30.0886540Z   Downloading pydata_sphinx_theme-0.4.3-py3-none-any.whl (2.1 MB)
2021-05-18T02:35:30.1796789Z Collecting click
2021-05-18T02:35:30.1944294Z   Downloading click-8.0.0-py3-none-any.whl (96 kB)
2021-05-18T02:35:30.2815032Z Collecting beautifulsoup4
2021-05-18T02:35:30.2996831Z   Downloading beautifulsoup4-4.9.3-py3-none-any.whl (115 kB)
2021-05-18T02:35:30.4400718Z Collecting widgetsnbextension~=3.5.0
2021-05-18T02:35:30.4576061Z   Downloading widgetsnbextension-3.5.1-py2.py3-none-any.whl (2.2 MB)
2021-05-18T02:35:30.5432555Z Collecting jupyterlab-widgets>=1.0.0
2021-05-18T02:35:30.5593084Z   Downloading jupyterlab_widgets-1.0.0-py3-none-any.whl (243 kB)
2021-05-18T02:35:30.6466215Z Collecting ipykernel>=4.5.1
2021-05-18T02:35:30.6617293Z   Downloading ipykernel-5.5.5-py3-none-any.whl (120 kB)
2021-05-18T02:35:30.7267235Z Collecting traitlets>=4.3.1
2021-05-18T02:35:30.7418633Z   Downloading traitlets-5.0.5-py3-none-any.whl (100 kB)
2021-05-18T02:35:30.8175862Z Collecting jupyter-client
2021-05-18T02:35:30.8328415Z   Downloading jupyter_client-6.1.12-py3-none-any.whl (112 kB)
2021-05-18T02:35:30.9687173Z Collecting tornado>=4.2
2021-05-18T02:35:30.9869528Z   Downloading tornado-6.1-cp38-cp38-manylinux2010_x86_64.whl (427 kB)
2021-05-18T02:35:31.1538401Z Collecting prompt-toolkit!=3.0.0,!=3.0.1,<3.1.0,>=2.0.0
2021-05-18T02:35:31.1698092Z   Downloading prompt_toolkit-3.0.18-py3-none-any.whl (367 kB)
2021-05-18T02:35:31.2304250Z Collecting jedi>=0.16
2021-05-18T02:35:31.2479418Z   Downloading jedi-0.18.0-py2.py3-none-any.whl (1.4 MB)
2021-05-18T02:35:31.3136082Z Collecting matplotlib-inline
2021-05-18T02:35:31.3272975Z   Downloading matplotlib_inline-0.1.2-py3-none-any.whl (8.2 kB)
2021-05-18T02:35:31.3975458Z Collecting pygments
2021-05-18T02:35:31.4117681Z   Downloading Pygments-2.9.0-py3-none-any.whl (1.0 MB)
2021-05-18T02:35:31.4342522Z Requirement already satisfied: setuptools>=18.5 in /opt/hostedtoolcache/Python/3.8.10/x64/lib/python3.8/site-packages (from ipython->myst-nb==0.11.1->-r requirements.txt (line 6)) (56.0.0)
2021-05-18T02:35:31.4657097Z Collecting pexpect>4.3
2021-05-18T02:35:31.4805096Z   Downloading pexpect-4.8.0-py2.py3-none-any.whl (59 kB)
2021-05-18T02:35:31.5143599Z Collecting backcall
2021-05-18T02:35:31.5285404Z   Downloading backcall-0.2.0-py2.py3-none-any.whl (11 kB)
2021-05-18T02:35:31.5617749Z Collecting pickleshare
2021-05-18T02:35:31.5765696Z   Downloading pickleshare-0.7.5-py2.py3-none-any.whl (6.9 kB)
2021-05-18T02:35:31.6436484Z Collecting decorator
2021-05-18T02:35:31.6585275Z   Downloading decorator-5.0.9-py3-none-any.whl (8.9 kB)
2021-05-18T02:35:31.7158588Z Collecting parso<0.9.0,>=0.8.0
2021-05-18T02:35:31.7305252Z   Downloading parso-0.8.2-py2.py3-none-any.whl (94 kB)
2021-05-18T02:35:31.8005036Z Collecting nbclient<0.6,>=0.2
2021-05-18T02:35:31.8156876Z   Downloading nbclient-0.5.3-py3-none-any.whl (82 kB)
2021-05-18T02:35:32.2214898Z Collecting sqlalchemy~=1.3.12
2021-05-18T02:35:32.3996972Z   Downloading SQLAlchemy-1.3.24-cp38-cp38-manylinux2010_x86_64.whl (1.3 MB)
2021-05-18T02:35:32.4702693Z Collecting attrs
2021-05-18T02:35:32.4849216Z   Downloading attrs-21.2.0-py2.py3-none-any.whl (53 kB)
2021-05-18T02:35:32.6098209Z Collecting nbdime
2021-05-18T02:35:32.8737235Z   Downloading nbdime-3.0.0-py2.py3-none-any.whl (5.2 MB)
2021-05-18T02:35:33.0110084Z Collecting attrs
2021-05-18T02:35:33.0261685Z   Downloading attrs-20.3.0-py2.py3-none-any.whl (49 kB)
2021-05-18T02:35:33.0828713Z Collecting mdit-py-plugins~=0.2.4
2021-05-18T02:35:33.0987372Z   Downloading mdit_py_plugins-0.2.7-py3-none-any.whl (41 kB)
2021-05-18T02:35:33.1344835Z   Downloading mdit_py_plugins-0.2.6-py3-none-any.whl (39 kB)
2021-05-18T02:35:33.2435965Z Collecting nest-asyncio
2021-05-18T02:35:33.2639233Z   Downloading nest_asyncio-1.5.1-py3-none-any.whl (5.0 kB)
2021-05-18T02:35:33.3066280Z Collecting async-generator
2021-05-18T02:35:33.3253855Z   Downloading async_generator-1.10-py3-none-any.whl (18 kB)
2021-05-18T02:35:33.3978642Z Collecting python-dateutil>=2.1
2021-05-18T02:35:33.4133540Z   Downloading python_dateutil-2.8.1-py2.py3-none-any.whl (227 kB)
2021-05-18T02:35:33.4663024Z Collecting jupyter-core>=4.6.0
2021-05-18T02:35:33.4814897Z   Downloading jupyter_core-4.7.1-py3-none-any.whl (82 kB)
2021-05-18T02:35:33.8605876Z Collecting pyzmq>=13
2021-05-18T02:35:33.9638847Z   Downloading pyzmq-22.0.3-cp38-cp38-manylinux2010_x86_64.whl (1.1 MB)
2021-05-18T02:35:34.1656355Z Collecting bleach
2021-05-18T02:35:34.1814757Z   Downloading bleach-3.3.0-py2.py3-none-any.whl (283 kB)
2021-05-18T02:35:34.2166763Z Collecting pandocfilters>=1.4.1
2021-05-18T02:35:34.2315874Z   Downloading pandocfilters-1.4.3.tar.gz (16 kB)
2021-05-18T02:35:34.4944348Z Collecting mistune<2,>=0.8.1
2021-05-18T02:35:34.5092201Z   Downloading mistune-0.8.4-py2.py3-none-any.whl (16 kB)
2021-05-18T02:35:34.5504848Z Collecting defusedxml
2021-05-18T02:35:34.5646679Z   Downloading defusedxml-0.7.1-py2.py3-none-any.whl (25 kB)
2021-05-18T02:35:34.5962562Z Collecting entrypoints>=0.2.2
2021-05-18T02:35:34.6099868Z   Downloading entrypoints-0.3-py2.py3-none-any.whl (11 kB)
2021-05-18T02:35:34.6504996Z Collecting testpath
2021-05-18T02:35:34.6653287Z   Downloading testpath-0.5.0-py3-none-any.whl (84 kB)
2021-05-18T02:35:34.7801224Z Collecting MarkupSafe>=2.0.0rc2
2021-05-18T02:35:34.7940504Z   Downloading MarkupSafe-2.0.0-cp38-cp38-manylinux2010_x86_64.whl (30 kB)
2021-05-18T02:35:34.8473072Z Collecting ipython-genutils
2021-05-18T02:35:34.8614528Z   Downloading ipython_genutils-0.2.0-py2.py3-none-any.whl (26 kB)
2021-05-18T02:35:34.9121678Z Collecting jsonschema!=2.5.0,>=2.4
2021-05-18T02:35:34.9268098Z   Downloading jsonschema-3.2.0-py2.py3-none-any.whl (56 kB)
2021-05-18T02:35:35.0025600Z Collecting pyrsistent>=0.14.0
2021-05-18T02:35:35.0170964Z   Downloading pyrsistent-0.17.3.tar.gz (106 kB)
2021-05-18T02:35:35.2983170Z Collecting six>=1.11.0
2021-05-18T02:35:35.3125734Z   Downloading six-1.16.0-py2.py3-none-any.whl (11 kB)
2021-05-18T02:35:35.3706046Z Collecting ptyprocess>=0.5
2021-05-18T02:35:35.3873455Z   Downloading ptyprocess-0.7.0-py2.py3-none-any.whl (13 kB)
2021-05-18T02:35:35.4277830Z Collecting wcwidth
2021-05-18T02:35:35.4419725Z   Downloading wcwidth-0.2.5-py2.py3-none-any.whl (30 kB)
2021-05-18T02:35:35.5558094Z Collecting sphinxcontrib-jsmath
2021-05-18T02:35:35.5695564Z   Downloading sphinxcontrib_jsmath-1.0.1-py2.py3-none-any.whl (5.1 kB)
2021-05-18T02:35:35.6610918Z Collecting requests>=2.5.0
2021-05-18T02:35:35.6755299Z   Downloading requests-2.25.1-py2.py3-none-any.whl (61 kB)
2021-05-18T02:35:35.7136109Z Collecting imagesize
2021-05-18T02:35:35.7277251Z   Downloading imagesize-1.2.0-py2.py3-none-any.whl (4.8 kB)
2021-05-18T02:35:35.7722350Z Collecting babel>=1.3
2021-05-18T02:35:35.7875928Z   Downloading Babel-2.9.1-py2.py3-none-any.whl (8.8 MB)
2021-05-18T02:35:35.9620334Z Collecting sphinxcontrib-htmlhelp
2021-05-18T02:35:35.9769564Z   Downloading sphinxcontrib_htmlhelp-1.0.3-py2.py3-none-any.whl (96 kB)
2021-05-18T02:35:36.0169961Z Collecting sphinxcontrib-applehelp
2021-05-18T02:35:36.0322093Z   Downloading sphinxcontrib_applehelp-1.0.2-py2.py3-none-any.whl (121 kB)
2021-05-18T02:35:36.1033085Z Collecting packaging
2021-05-18T02:35:36.1174876Z   Downloading packaging-20.9-py2.py3-none-any.whl (40 kB)
2021-05-18T02:35:36.1626830Z Collecting snowballstemmer>=1.1
2021-05-18T02:35:36.1776069Z   Downloading snowballstemmer-2.1.0-py2.py3-none-any.whl (93 kB)
2021-05-18T02:35:36.2211363Z Collecting alabaster<0.8,>=0.7
2021-05-18T02:35:36.2458223Z   Downloading alabaster-0.7.12-py2.py3-none-any.whl (14 kB)
2021-05-18T02:35:36.2751625Z Collecting sphinxcontrib-devhelp
2021-05-18T02:35:36.2966470Z   Downloading sphinxcontrib_devhelp-1.0.2-py2.py3-none-any.whl (84 kB)
2021-05-18T02:35:36.3301784Z Collecting sphinxcontrib-serializinghtml
2021-05-18T02:35:36.3447717Z   Downloading sphinxcontrib_serializinghtml-1.1.4-py2.py3-none-any.whl (89 kB)
2021-05-18T02:35:36.3747083Z Collecting sphinxcontrib-qthelp
2021-05-18T02:35:36.3891033Z   Downloading sphinxcontrib_qthelp-1.0.3-py2.py3-none-any.whl (90 kB)
2021-05-18T02:35:36.6068918Z Collecting pytz>=2015.7
2021-05-18T02:35:36.6243736Z   Downloading pytz-2021.1-py2.py3-none-any.whl (510 kB)
2021-05-18T02:35:36.7118303Z Collecting idna<3,>=2.5
2021-05-18T02:35:36.7375627Z   Downloading idna-2.10-py2.py3-none-any.whl (58 kB)
2021-05-18T02:35:36.8144979Z Collecting urllib3<1.27,>=1.21.1
2021-05-18T02:35:36.8296474Z   Downloading urllib3-1.26.4-py2.py3-none-any.whl (153 kB)
2021-05-18T02:35:36.8815025Z Collecting certifi>=2017.4.17
2021-05-18T02:35:36.8998737Z   Downloading certifi-2020.12.5-py2.py3-none-any.whl (147 kB)
2021-05-18T02:35:36.9383869Z Collecting chardet<5,>=3.0.2
2021-05-18T02:35:36.9530840Z   Downloading chardet-4.0.0-py2.py3-none-any.whl (178 kB)
2021-05-18T02:35:37.0851940Z Collecting wheel
2021-05-18T02:35:37.1008131Z   Downloading wheel-0.36.2-py2.py3-none-any.whl (35 kB)
2021-05-18T02:35:37.2692953Z Collecting notebook>=4.4.1
2021-05-18T02:35:37.2849919Z   Downloading notebook-6.4.0-py3-none-any.whl (9.5 MB)
2021-05-18T02:35:37.5075263Z Collecting prometheus-client
2021-05-18T02:35:37.5219688Z   Downloading prometheus_client-0.10.1-py2.py3-none-any.whl (55 kB)
2021-05-18T02:35:37.6019705Z Collecting argon2-cffi
2021-05-18T02:35:37.6163496Z   Downloading argon2_cffi-20.1.0-cp35-abi3-manylinux1_x86_64.whl (97 kB)
2021-05-18T02:35:37.6717208Z Collecting terminado>=0.8.3
2021-05-18T02:35:37.6856709Z   Downloading terminado-0.9.5-py3-none-any.whl (14 kB)
2021-05-18T02:35:37.7229525Z Collecting Send2Trash>=1.5.0
2021-05-18T02:35:37.7366981Z   Downloading Send2Trash-1.5.0-py3-none-any.whl (12 kB)
2021-05-18T02:35:37.9141064Z Collecting jupyterbook-latex~=0.2.0
2021-05-18T02:35:37.9323252Z   Downloading jupyterbook_latex-0.2.0-py3-none-any.whl (8.0 kB)
2021-05-18T02:35:37.9784885Z Collecting sphinx-thebe>=0.0.6
2021-05-18T02:35:37.9932470Z   Downloading sphinx_thebe-0.0.8-py3-none-any.whl (7.4 kB)
2021-05-18T02:35:38.0368413Z Collecting nested-lookup~=0.2.21
2021-05-18T02:35:38.2407264Z   Downloading nested-lookup-0.2.22.tar.gz (10 kB)
2021-05-18T02:35:38.4809485Z Collecting jupyter-book
2021-05-18T02:35:38.4972333Z   Downloading jupyter_book-0.10.1-py3-none-any.whl (47 kB)
2021-05-18T02:35:38.6392040Z   Downloading jupyter_book-0.10.0-py3-none-any.whl (47 kB)
2021-05-18T02:35:38.7451090Z Collecting sphinx-panels~=0.5.2
2021-05-18T02:35:38.7609162Z   Downloading sphinx_panels-0.5.2-py3-none-any.whl (87 kB)
2021-05-18T02:35:38.8036448Z Collecting sphinx-copybutton
2021-05-18T02:35:38.8839684Z   Downloading sphinx_copybutton-0.3.1-py3-none-any.whl (10 kB)
2021-05-18T02:35:38.9701866Z Collecting linkify-it-py~=1.0.1
2021-05-18T02:35:38.9853668Z   Downloading linkify_it_py-1.0.1-py3-none-any.whl (19 kB)
2021-05-18T02:35:39.0304620Z Collecting sphinxcontrib-bibtex~=2.1.0
2021-05-18T02:35:39.0480827Z   Downloading sphinxcontrib_bibtex-2.1.4-py3-none-any.whl (17 kB)
2021-05-18T02:35:39.1064601Z Collecting jupytext~=1.8.0
2021-05-18T02:35:39.1243108Z   Downloading jupytext-1.8.2-py3-none-any.whl (284 kB)
2021-05-18T02:35:39.2104110Z Collecting sphinx-comments
2021-05-18T02:35:39.2253533Z   Downloading sphinx_comments-0.0.3-py3-none-any.whl (4.6 kB)
2021-05-18T02:35:39.2820521Z Collecting toml
2021-05-18T02:35:39.3000469Z   Downloading toml-0.10.2-py2.py3-none-any.whl (16 kB)
2021-05-18T02:35:39.4213125Z Collecting uc-micro-py
2021-05-18T02:35:39.4365231Z   Downloading uc_micro_py-1.0.1-py3-none-any.whl (6.2 kB)
2021-05-18T02:35:39.5696311Z Collecting pybtex>=0.20
2021-05-18T02:35:39.5885966Z   Downloading pybtex-0.24.0-py2.py3-none-any.whl (561 kB)
2021-05-18T02:35:39.6289254Z Collecting pybtex-docutils>=0.2.2
2021-05-18T02:35:39.6446023Z   Downloading pybtex_docutils-1.0.0-py3-none-any.whl (4.7 kB)
2021-05-18T02:35:39.7276836Z Collecting latexcodec>=1.0.4
2021-05-18T02:35:39.7428294Z   Downloading latexcodec-2.0.1-py2.py3-none-any.whl (18 kB)
2021-05-18T02:35:39.8626862Z Collecting cycler>=0.10
2021-05-18T02:35:39.8767086Z   Downloading cycler-0.10.0-py2.py3-none-any.whl (6.5 kB)
2021-05-18T02:35:39.9455421Z Collecting kiwisolver>=1.0.1
2021-05-18T02:35:39.9651196Z   Downloading kiwisolver-1.3.1-cp38-cp38-manylinux1_x86_64.whl (1.2 MB)
2021-05-18T02:35:40.0676829Z Collecting pyparsing>=2.2.1
2021-05-18T02:35:40.0860979Z   Downloading pyparsing-2.4.7-py2.py3-none-any.whl (67 kB)
2021-05-18T02:35:40.6268974Z Collecting pillow>=6.2.0
2021-05-18T02:35:40.6494911Z   Downloading Pillow-8.2.0-cp38-cp38-manylinux1_x86_64.whl (3.0 MB)
2021-05-18T02:35:41.2230235Z Collecting cffi>=1.0.0
2021-05-18T02:35:41.2399803Z   Downloading cffi-1.14.5-cp38-cp38-manylinux1_x86_64.whl (411 kB)
2021-05-18T02:35:41.2902143Z Collecting pycparser
2021-05-18T02:35:41.3051315Z   Downloading pycparser-2.20-py2.py3-none-any.whl (112 kB)
2021-05-18T02:35:41.4088377Z Collecting soupsieve>1.2
2021-05-18T02:35:41.4234440Z   Downloading soupsieve-2.2.1-py3-none-any.whl (33 kB)
2021-05-18T02:35:41.4947690Z Collecting webencodings
2021-05-18T02:35:41.5092406Z   Downloading webencodings-0.5.1-py2.py3-none-any.whl (11 kB)
2021-05-18T02:35:41.7033772Z Collecting zipp>=0.5
2021-05-18T02:35:41.7178339Z   Downloading zipp-3.4.1-py3-none-any.whl (5.2 kB)
2021-05-18T02:35:41.8966982Z Collecting jupyter-server
2021-05-18T02:35:42.0576345Z   Downloading jupyter_server-1.7.0-py3-none-any.whl (382 kB)
2021-05-18T02:35:42.1564285Z Collecting GitPython!=2.1.4,!=2.1.5,!=2.1.6
2021-05-18T02:35:42.1719478Z   Downloading GitPython-3.1.17-py3-none-any.whl (166 kB)
2021-05-18T02:35:42.2239734Z Collecting colorama
2021-05-18T02:35:42.2380334Z   Downloading colorama-0.4.4-py2.py3-none-any.whl (16 kB)
2021-05-18T02:35:42.2943425Z Collecting jupyter-server-mathjax>=0.2.2
2021-05-18T02:35:42.3207943Z   Downloading jupyter_server_mathjax-0.2.2-py3-none-any.whl (3.1 MB)
2021-05-18T02:35:42.4342087Z Collecting gitdb<5,>=4.0.1
2021-05-18T02:35:42.4486230Z   Downloading gitdb-4.0.7-py3-none-any.whl (63 kB)
2021-05-18T02:35:42.5109526Z Collecting smmap<5,>=3.0.1
2021-05-18T02:35:42.5257582Z   Downloading smmap-4.0.0-py2.py3-none-any.whl (24 kB)
2021-05-18T02:35:42.6589440Z Collecting websocket-client
2021-05-18T02:35:42.6748083Z   Downloading websocket_client-1.0.0-py2.py3-none-any.whl (68 kB)
2021-05-18T02:35:42.7339323Z Collecting anyio<4,>=3.0.1
2021-05-18T02:35:42.7496747Z   Downloading anyio-3.0.1-py3-none-any.whl (72 kB)
2021-05-18T02:35:42.8270476Z Collecting sniffio>=1.1
2021-05-18T02:35:42.8420225Z   Downloading sniffio-1.2.0-py3-none-any.whl (10 kB)
2021-05-18T02:35:43.4859377Z Using legacy 'setup.py install' for pandocfilters, since package 'wheel' is not installed.
2021-05-18T02:35:43.4861417Z Using legacy 'setup.py install' for pyrsistent, since package 'wheel' is not installed.
2021-05-18T02:35:43.4864023Z Using legacy 'setup.py install' for nested-lookup, since package 'wheel' is not installed.
2021-05-18T02:35:43.4866507Z Using legacy 'setup.py install' for ghp-import, since package 'wheel' is not installed.
2021-05-18T02:35:44.3508962Z Installing collected packages: ipython-genutils, wcwidth, traitlets, six, pyrsistent, pyparsing, ptyprocess, parso, attrs, webencodings, tornado, pyzmq, python-dateutil, pygments, pycparser, prompt-toolkit, pickleshare, pexpect, packaging, matplotlib-inline, MarkupSafe, jupyter-core, jsonschema, jedi, decorator, backcall, testpath, sniffio, pandocfilters, nbformat, mistune, jupyter-client, jinja2, ipython, idna, entrypoints, defusedxml, cffi, bleach, websocket-client, terminado, smmap, Send2Trash, prometheus-client, nbconvert, ipykernel, argon2-cffi, anyio, urllib3, pytz, notebook, jupyter-server, gitdb, chardet, certifi, widgetsnbextension, sphinxcontrib-serializinghtml, sphinxcontrib-qthelp, sphinxcontrib-jsmath, sphinxcontrib-htmlhelp, sphinxcontrib-devhelp, sphinxcontrib-applehelp, snowballstemmer, requests, pyyaml, nest-asyncio, mdit-py-plugins, markdown-it-py, latexcodec, jupyterlab-widgets, jupyter-server-mathjax, imagesize, GitPython, docutils, colorama, babel, async-generator, alabaster, zipp, wheel, sqlalchemy, sphinx, soupsieve, pybtex, nbdime, nbclient, ipywidgets, uc-micro-py, toml, sphinx-togglebutton, pydata-sphinx-theme, pybtex-docutils, myst-parser, jupyter-sphinx, jupyter-cache, importlib-metadata, click, beautifulsoup4, sphinxcontrib-bibtex, sphinx-thebe, sphinx-panels, sphinx-copybutton, sphinx-comments, sphinx-book-theme, pillow, numpy, nested-lookup, myst-nb, linkify-it-py, kiwisolver, jupytext, cycler, matplotlib, jupyter-book, ghp-import
2021-05-18T02:35:44.5288584Z     Running setup.py install for pyrsistent: started
2021-05-18T02:35:46.6788773Z     Running setup.py install for pyrsistent: finished with status 'done'
2021-05-18T02:35:48.4331180Z     Running setup.py install for pandocfilters: started
2021-05-18T02:35:48.6841598Z     Running setup.py install for pandocfilters: finished with status 'done'
2021-05-18T02:35:57.8107766Z     Running setup.py install for nested-lookup: started
2021-05-18T02:35:58.1083718Z     Running setup.py install for nested-lookup: finished with status 'done'
2021-05-18T02:35:59.5723551Z     Running setup.py install for ghp-import: started
2021-05-18T02:35:59.8925633Z     Running setup.py install for ghp-import: finished with status 'done'
2021-05-18T02:35:59.9664350Z Successfully installed GitPython-3.1.17 MarkupSafe-2.0.0 Send2Trash-1.5.0 alabaster-0.7.12 anyio-3.0.1 argon2-cffi-20.1.0 async-generator-1.10 attrs-20.3.0 babel-2.9.1 backcall-0.2.0 beautifulsoup4-4.9.3 bleach-3.3.0 certifi-2020.12.5 cffi-1.14.5 chardet-4.0.0 click-8.0.0 colorama-0.4.4 cycler-0.10.0 decorator-5.0.9 defusedxml-0.7.1 docutils-0.16 entrypoints-0.3 ghp-import-1.1.0 gitdb-4.0.7 idna-2.10 imagesize-1.2.0 importlib-metadata-4.0.1 ipykernel-5.5.5 ipython-7.23.1 ipython-genutils-0.2.0 ipywidgets-7.6.3 jedi-0.18.0 jinja2-3.0.0 jsonschema-3.2.0 jupyter-book-0.10.0 jupyter-cache-0.4.2 jupyter-client-6.1.12 jupyter-core-4.7.1 jupyter-server-1.7.0 jupyter-server-mathjax-0.2.2 jupyter-sphinx-0.3.1 jupyterlab-widgets-1.0.0 jupytext-1.8.2 kiwisolver-1.3.1 latexcodec-2.0.1 linkify-it-py-1.0.1 markdown-it-py-0.6.2 matplotlib-3.4.2 matplotlib-inline-0.1.2 mdit-py-plugins-0.2.6 mistune-0.8.4 myst-nb-0.11.1 myst-parser-0.13.3 nbclient-0.5.3 nbconvert-5.6.1 nbdime-3.0.0 nbformat-5.1.3 nest-asyncio-1.5.1 nested-lookup-0.2.22 notebook-6.4.0 numpy-1.20.3 packaging-20.9 pandocfilters-1.4.3 parso-0.8.2 pexpect-4.8.0 pickleshare-0.7.5 pillow-8.2.0 prometheus-client-0.10.1 prompt-toolkit-3.0.18 ptyprocess-0.7.0 pybtex-0.24.0 pybtex-docutils-1.0.0 pycparser-2.20 pydata-sphinx-theme-0.4.3 pygments-2.9.0 pyparsing-2.4.7 pyrsistent-0.17.3 python-dateutil-2.8.1 pytz-2021.1 pyyaml-5.4.1 pyzmq-22.0.3 requests-2.25.1 six-1.16.0 smmap-4.0.0 sniffio-1.2.0 snowballstemmer-2.1.0 soupsieve-2.2.1 sphinx-3.5.4 sphinx-book-theme-0.0.39 sphinx-comments-0.0.3 sphinx-copybutton-0.3.1 sphinx-panels-0.5.2 sphinx-thebe-0.0.8 sphinx-togglebutton-0.2.3 sphinxcontrib-applehelp-1.0.2 sphinxcontrib-bibtex-2.1.4 sphinxcontrib-devhelp-1.0.2 sphinxcontrib-htmlhelp-1.0.3 sphinxcontrib-jsmath-1.0.1 sphinxcontrib-qthelp-1.0.3 sphinxcontrib-serializinghtml-1.1.4 sqlalchemy-1.3.24 terminado-0.9.5 testpath-0.5.0 toml-0.10.2 tornado-6.1 traitlets-5.0.5 uc-micro-py-1.0.1 urllib3-1.26.4 wcwidth-0.2.5 webencodings-0.5.1 websocket-client-1.0.0 wheel-0.36.2 widgetsnbextension-3.5.1 zipp-3.4.1
2021-05-18T02:36:00.2686330Z ##[group]Run jupyter-book build ./
2021-05-18T02:36:00.2687339Z [36;1mjupyter-book build ./[0m
2021-05-18T02:36:00.2727001Z shell: /usr/bin/bash -e {0}
2021-05-18T02:36:00.2727374Z env:
2021-05-18T02:36:00.2727868Z   pythonLocation: /opt/hostedtoolcache/Python/3.8.10/x64
2021-05-18T02:36:00.2728394Z ##[endgroup]
2021-05-18T02:36:00.8757608Z Running Jupyter-Book v0.10.0
2021-05-18T02:36:00.8760906Z Source Folder: /home/runner/work/ledatascifi-2021/ledatascifi-2021
2021-05-18T02:36:00.8762144Z Config Path: /home/runner/work/ledatascifi-2021/ledatascifi-2021/_config.yml
2021-05-18T02:36:00.8763241Z Output Path: /home/runner/work/ledatascifi-2021/ledatascifi-2021/_build/html
2021-05-18T02:36:00.9013947Z [01mRunning Sphinx v3.5.4[39;49;00m
2021-05-18T02:36:03.3245518Z [01mmaking output directory... [39;49;00mdone
2021-05-18T02:36:03.4497770Z [01mmyst v0.13.3:[39;49;00m MdParserConfig(renderer='sphinx', commonmark_only=False, dmath_allow_labels=True, dmath_allow_space=True, dmath_allow_digits=True, update_mathjax=True, enable_extensions=['colon_fence', 'dollarmath', 'linkify', 'substitution'], disable_syntax=[], url_schemes=['mailto', 'http', 'https'], heading_anchors=None, html_meta=[], footnote_transition=True, substitutions=[], sub_delimiters=['{', '}'])
2021-05-18T02:36:03.4509895Z [01mbuilding [mo]: [39;49;00mtargets for 0 po files that are out of date
2021-05-18T02:36:03.4540445Z [01mbuilding [html]: [39;49;00mtargets for 128 source files that are out of date
2021-05-18T02:36:03.4643477Z [01mupdating environment: [39;49;00m[new config] 128 added, 0 changed, 0 removed
2021-05-18T02:36:03.6359735Z [01mreading sources... [39;49;00m[  0%] [35mREADME[39;49;00m                                               
2021-05-18T02:36:03.6490919Z [01mreading sources... [39;49;00m[  1%] [35mUntitled[39;49;00m                                             
2021-05-18T02:36:03.6639940Z [01mreading sources... [39;49;00m[  2%] [35mcommunity_codebook/README[39;49;00m                            
2021-05-18T02:36:03.6844535Z [01mreading sources... [39;49;00m[  3%] [35mcontent/01/00_Getting_Started[39;49;00m                        
2021-05-18T02:36:03.7309171Z [01mreading sources... [39;49;00m[  3%] [35mcontent/01/01_Motivation[39;49;00m                             
2021-05-18T02:36:03.8125852Z [01mreading sources... [39;49;00m[  4%] [35mcontent/01/02_Setup[39;49;00m                                  
2021-05-18T02:36:03.8852406Z [01mreading sources... [39;49;00m[  5%] [35mcontent/01/03_github[39;49;00m                                 
2021-05-18T02:36:03.8992727Z [01mreading sources... [39;49;00m[  6%] [35mcontent/01/04_Markdown[39;49;00m                               
2021-05-18T02:36:04.0922922Z [01mreading sources... [39;49;00m[  7%] [35mcontent/01/05_jupyterlab[39;49;00m                             
2021-05-18T02:36:04.4164230Z [01mreading sources... [39;49;00m[  7%] [35mcontent/01/06_python[39;49;00m                                 
2021-05-18T02:36:04.4705002Z [01mreading sources... [39;49;00m[  8%] [35mcontent/01/07_debugging[39;49;00m                              
2021-05-18T02:36:04.5107049Z [01mreading sources... [39;49;00m[  9%] [35mcontent/01/07a_errors[39;49;00m                                
2021-05-18T02:36:04.5224228Z [01mreading sources... [39;49;00m[ 10%] [35mcontent/01/08_libraries[39;49;00m                              
2021-05-18T02:36:04.5434245Z [01mreading sources... [39;49;00m[ 10%] [35mcontent/01/09_gitignore[39;49;00m                              
2021-05-18T02:36:04.5646174Z [01mreading sources... [39;49;00m[ 11%] [35mcontent/02/10_Golden_1[39;49;00m                               
2021-05-18T02:36:04.5861697Z [01mreading sources... [39;49;00m[ 12%] [35mcontent/02/10_Golden_2[39;49;00m                               
2021-05-18T02:36:04.6171840Z [01mreading sources... [39;49;00m[ 13%] [35mcontent/02/10_Golden_3[39;49;00m                               
2021-05-18T02:36:04.6689544Z [01mreading sources... [39;49;00m[ 14%] [35mcontent/02/10_Golden_4[39;49;00m                               
2021-05-18T02:36:04.6971247Z [01mreading sources... [39;49;00m[ 14%] [35mcontent/02/10_Golden_5[39;49;00m                               
2021-05-18T02:36:04.7136990Z [01mreading sources... [39;49;00m[ 15%] [35mcontent/02/10_Golden_6[39;49;00m                               
2021-05-18T02:36:04.7314000Z [01mreading sources... [39;49;00m[ 16%] [35mcontent/02/10_Golden_7[39;49;00m                               
2021-05-18T02:36:04.7539222Z [01mreading sources... [39;49;00m[ 17%] [35mcontent/03/00_Data_Wrangling_Intro[39;49;00m                   
2021-05-18T02:36:04.7703258Z [01mreading sources... [39;49;00m[ 17%] [35mcontent/03/01_Numpy[39;49;00m                                  
2021-05-18T02:36:04.8183002Z [01mreading sources... [39;49;00m[ 18%] [35mcontent/03/01a_NumpyCS[39;49;00m                               
2021-05-18T02:36:04.8582157Z [01mreading sources... [39;49;00m[ 19%] [35mcontent/03/01b_NumpyBasics[39;49;00m                           
2021-05-18T02:36:04.8752340Z [01mreading sources... [39;49;00m[ 20%] [35mcontent/03/01c_NumpyPractice[39;49;00m                         
2021-05-18T02:36:04.8909214Z [01mreading sources... [39;49;00m[ 21%] [35mcontent/03/01c_NumpyPractice_ans[39;49;00m                     
2021-05-18T02:36:04.9059773Z [01mreading sources... [39;49;00m[ 21%] [35mcontent/03/01d_NumpyResources[39;49;00m                        
2021-05-18T02:36:04.9371759Z [01mreading sources... [39;49;00m[ 22%] [35mcontent/03/02a_pandasIntro[39;49;00m                           
2021-05-18T02:36:04.9586322Z [01mreading sources... [39;49;00m[ 23%] [35mcontent/03/02a_pandasTips[39;49;00m                            
2021-05-18T02:36:05.0135000Z [01mreading sources... [39;49;00m[ 24%] [35mcontent/03/02b_pandasVocab[39;49;00m                           
2021-05-18T02:36:05.1569109Z [01mreading sources... [39;49;00m[ 25%] [35mcontent/03/02c_commonFcns[39;49;00m                            
2021-05-18T02:36:05.1827401Z [01mreading sources... [39;49;00m[ 25%] [35mcontent/03/02d_temp[39;49;00m                                  
2021-05-18T02:36:05.2646597Z [01mreading sources... [39;49;00m[ 26%] [35mcontent/03/02e_eda_golden[39;49;00m                            
2021-05-18T02:36:05.3445504Z [01mreading sources... [39;49;00m[ 27%] [35mcontent/03/02f_chains[39;49;00m                                
2021-05-18T02:36:05.3639054Z [01mreading sources... [39;49;00m[ 28%] [35mcontent/03/02g2_finance[39;49;00m                              
2021-05-18T02:36:05.4417118Z [01mreading sources... [39;49;00m[ 28%] [35mcontent/03/02g_commontasks[39;49;00m                           
2021-05-18T02:36:05.4717985Z [01mreading sources... [39;49;00m[ 29%] [35mcontent/03/02h_exercises[39;49;00m                             
2021-05-18T02:36:05.5133677Z [01mreading sources... [39;49;00m[ 30%] [35mcontent/03/02i_answers[39;49;00m                               
2021-05-18T02:36:05.5321440Z [01mreading sources... [39;49;00m[ 31%] [35mcontent/03/02j_resourcesAndSum[39;49;00m                       
2021-05-18T02:36:05.5543103Z [01mreading sources... [39;49;00m[ 32%] [35mcontent/03/04a-dataviz[39;49;00m                               
2021-05-18T02:36:05.6122454Z [01mreading sources... [39;49;00m[ 32%] [35mcontent/03/04b-whyplot[39;49;00m                               
2021-05-18T02:36:05.6487703Z [01mreading sources... [39;49;00m[ 33%] [35mcontent/03/04c-makeplot[39;49;00m                              
2021-05-18T02:36:05.7562405Z [01mreading sources... [39;49;00m[ 34%] [35mcontent/03/04d-whichplot[39;49;00m                             
2021-05-18T02:36:05.8646295Z [01mreading sources... [39;49;00m[ 35%] [35mcontent/03/04e-visualEDA[39;49;00m                             
2021-05-18T02:36:06.7539503Z [01mreading sources... [39;49;00m[ 35%] [35mcontent/03/04f-betterplots[39;49;00m                           
2021-05-18T02:36:06.7657877Z [01mreading sources... [39;49;00m[ 36%] [35mcontent/03/04g-lyingfigures[39;49;00m                          
2021-05-18T02:36:06.7913747Z [01mreading sources... [39;49;00m[ 37%] [35mcontent/03/05a-otherskills[39;49;00m                           
2021-05-18T02:36:06.8856090Z [01mreading sources... [39;49;00m[ 38%] [35mcontent/03/05b_merging[39;49;00m                               
2021-05-18T02:36:06.9141439Z [01mreading sources... [39;49;00m[ 39%] [35mcontent/03/05c_missingdata[39;49;00m                           
2021-05-18T02:36:06.9519030Z [01mreading sources... [39;49;00m[ 39%] [35mcontent/03/05d_outliers[39;49;00m                              
2021-05-18T02:36:06.9614632Z [01mreading sources... [39;49;00m[ 40%] [35mcontent/03/print multiple_dfs[39;49;00m                        
2021-05-18T02:36:06.9829891Z [01mreading sources... [39;49;00m[ 41%] [35mcontent/04/00_World_Wide_Data[39;49;00m                        
2021-05-18T02:36:07.0388738Z [01mreading sources... [39;49;00m[ 42%] [35mcontent/04/01_Intro_to_scraping[39;49;00m                      
2021-05-18T02:36:07.0857124Z [01mreading sources... [39;49;00m[ 42%] [35mcontent/04/01a_openingAndParsing[39;49;00m                     
2021-05-18T02:36:07.1442956Z [01mreading sources... [39;49;00m[ 43%] [35mcontent/04/01b_spiders[39;49;00m                               
2021-05-18T02:36:07.1668826Z [01mreading sources... [39;49;00m[ 44%] [35mcontent/04/02_strings[39;49;00m                                
2021-05-18T02:36:07.1904671Z [01mreading sources... [39;49;00m[ 45%] [35mcontent/04/02a_Python Strings[39;49;00m                        
2021-05-18T02:36:07.3245605Z [01mreading sources... [39;49;00m[ 46%] [35mcontent/04/02b_regex[39;49;00m                                 
2021-05-18T02:36:07.3408483Z [01mreading sources... [39;49;00m[ 46%] [35mcontent/04/02c_developing a regex[39;49;00m                    
2021-05-18T02:36:07.3709894Z [01mreading sources... [39;49;00m[ 47%] [35mcontent/04/02d_RegexApplication[39;49;00m                      
2021-05-18T02:36:07.3931742Z [01mreading sources... [39;49;00m[ 48%] [35mcontent/05/00_intro[39;49;00m                                  
2021-05-18T02:36:07.4148311Z [01mreading sources... [39;49;00m[ 49%] [35mcontent/05/01_bigpicture[39;49;00m                             
2021-05-18T02:36:07.4376085Z [01mreading sources... [39;49;00m[ 50%] [35mcontent/05/01a_MLgonewrong[39;49;00m                           
2021-05-18T02:36:07.4919855Z [01mreading sources... [39;49;00m[ 50%] [35mcontent/05/01b_model_process[39;49;00m                         
2021-05-18T02:36:07.5348098Z [01mreading sources... [39;49;00m[ 51%] [35mcontent/05/01c_teams[39;49;00m                                 
2021-05-18T02:36:07.5549618Z [01mreading sources... [39;49;00m[ 52%] [35mcontent/05/01d_sharingBigFiles[39;49;00m                       
2021-05-18T02:36:07.5779995Z [01mreading sources... [39;49;00m[ 53%] [35mcontent/05/02_reg[39;49;00m                                    
2021-05-18T02:36:07.6142319Z [01mreading sources... [39;49;00m[ 53%] [35mcontent/05/02a_basics[39;49;00m                                
2021-05-18T02:36:07.6935628Z [01mreading sources... [39;49;00m[ 54%] [35mcontent/05/02b_mechanics[39;49;00m                             
2021-05-18T02:36:07.7320533Z [01mreading sources... [39;49;00m[ 55%] [35mcontent/05/02c_goodnessOfFit[39;49;00m                         
2021-05-18T02:36:07.8471782Z [01mreading sources... [39;49;00m[ 56%] [35mcontent/05/02d_interpretingCoefs[39;49;00m                     
2021-05-18T02:36:07.8917660Z [01mreading sources... [39;49;00m[ 57%] [35mcontent/05/02e_statisticalSig[39;49;00m                        
2021-05-18T02:36:07.9104405Z [01mreading sources... [39;49;00m[ 57%] [35mcontent/05/02g_summary[39;49;00m                               
2021-05-18T02:36:07.9322643Z [01mreading sources... [39;49;00m[ 58%] [35mcontent/05/03_ML[39;49;00m                                     
2021-05-18T02:36:07.9753977Z [01mreading sources... [39;49;00m[ 59%] [35mcontent/05/03a_ML_obj_and_tradeoff[39;49;00m                   
2021-05-18T02:36:07.9982189Z [01mreading sources... [39;49;00m[ 60%] [35mcontent/05/03c1_OOS[39;49;00m                                  
2021-05-18T02:36:08.0316616Z [01mreading sources... [39;49;00m[ 60%] [35mcontent/05/03c_ModelEval[39;49;00m                             
2021-05-18T02:36:08.0665154Z [01mreading sources... [39;49;00m[ 61%] [35mcontent/05/03d_whatToMax[39;49;00m                             
2021-05-18T02:36:08.0857386Z [01mreading sources... [39;49;00m[ 62%] [35mcontent/05/03e_whichModel[39;49;00m                            
2021-05-18T02:36:08.1160751Z [01mreading sources... [39;49;00m[ 63%] [35mcontent/05/03f_leakage[39;49;00m                               
2021-05-18T02:36:08.1376204Z [01mreading sources... [39;49;00m[ 64%] [35mcontent/05/04a_SKLearn[39;49;00m                               
2021-05-18T02:36:08.1687812Z [01mreading sources... [39;49;00m[ 64%] [35mcontent/05/04b_best_practices[39;49;00m                        
2021-05-18T02:36:08.1954169Z [01mreading sources... [39;49;00m[ 65%] [35mcontent/05/04c_onemodel[39;49;00m                              
2021-05-18T02:36:08.2428335Z [01mreading sources... [39;49;00m[ 66%] [35mcontent/05/04d_crossval[39;49;00m                              
2021-05-18T02:36:08.2759202Z [01mreading sources... [39;49;00m[ 67%] [35mcontent/05/04e1_preprocessing[39;49;00m                        
2021-05-18T02:36:08.3378372Z [01mreading sources... [39;49;00m[ 67%] [35mcontent/05/04e_pipelines[39;49;00m                             
2021-05-18T02:36:08.3884367Z [01mreading sources... [39;49;00m[ 68%] [35mcontent/05/04f_optimizing_a_model[39;49;00m                    
2021-05-18T02:36:08.4074302Z [01mreading sources... [39;49;00m[ 69%] [35mcontent/05/04h_putting_together[39;49;00m                      
2021-05-18T02:36:08.4191671Z [01mreading sources... [39;49;00m[ 70%] [35mcontent/05/05_saving[39;49;00m                                 
2021-05-18T02:36:08.4427992Z [01mreading sources... [39;49;00m[ 71%] [35mcontent/05/05_thefuture[39;49;00m                              
2021-05-18T02:36:08.4536045Z [01mreading sources... [39;49;00m[ 71%] [35mcontent/05/regression_techniques/README[39;49;00m              
2021-05-18T02:36:08.4684456Z [01mreading sources... [39;49;00m[ 72%] [35mcontent/about/about_us[39;49;00m                               
2021-05-18T02:36:08.4786552Z [01mreading sources... [39;49;00m[ 73%] [35mcontent/about/acknowledgments[39;49;00m                        
2021-05-18T02:36:08.5056999Z [01mreading sources... [39;49;00m[ 74%] [35mcontent/about/gradeoverview[39;49;00m                          
2021-05-18T02:36:08.5334912Z [01mreading sources... [39;49;00m[ 75%] [35mcontent/about/objectives[39;49;00m                             
2021-05-18T02:36:08.5670682Z [01mreading sources... [39;49;00m[ 75%] [35mcontent/about/outcomes[39;49;00m                               
2021-05-18T02:36:08.7074464Z [01mreading sources... [39;49;00m[ 76%] [35mcontent/about/resources[39;49;00m                              
2021-05-18T02:36:08.7247754Z [01mreading sources... [39;49;00m[ 77%] [35mcontent/about/schedule[39;49;00m                               
2021-05-18T02:36:08.7583931Z [01mreading sources... [39;49;00m[ 78%] [35mcontent/about/structure_and_policies[39;49;00m                 
2021-05-18T02:36:08.7803430Z [01mreading sources... [39;49;00m[ 78%] [35mcontent/about/tips[39;49;00m                                   
2021-05-18T02:36:08.8087251Z [01mreading sources... [39;49;00m[ 79%] [35mcontent/assignments/asgn05_measurerisk[39;49;00m               
2021-05-18T02:36:08.8929729Z [01mreading sources... [39;49;00m[ 80%] [35mcontent/assignments/asgn_5[39;49;00m                           
2021-05-18T02:36:08.9495931Z [01mreading sources... [39;49;00m[ 81%] [35mcontent/assignments/howto_do[39;49;00m                         
2021-05-18T02:36:08.9575611Z [01mreading sources... [39;49;00m[ 82%] [35mcontent/assignments/howto_review[39;49;00m                     
2021-05-18T02:36:09.0058515Z [01mreading sources... [39;49;00m[ 82%] [35mcontent/assignments/project[39;49;00m                          
2021-05-18T02:36:09.0236185Z [01mreading sources... [39;49;00m[ 83%] [35mcontent/assignments/project_prop_template[39;49;00m            
2021-05-18T02:36:09.0572507Z [01mreading sources... [39;49;00m[ 84%] [35mcontent/estimate_factor_loadings[39;49;00m                     
2021-05-18T02:36:09.0733640Z [01mreading sources... [39;49;00m[ 85%] [35mcontent/frontpage[39;49;00m                                    
2021-05-18T02:36:09.1669940Z [01mreading sources... [39;49;00m[ 85%] [35mlectures/L01_intro_github[39;49;00m                            
2021-05-18T02:36:09.2545847Z [01mreading sources... [39;49;00m[ 86%] [35mlectures/L02_jupyterlab[39;49;00m                              
2021-05-18T02:36:09.3776785Z [01mreading sources... [39;49;00m[ 87%] [35mlectures/L03_python[39;49;00m                                  
2021-05-18T02:36:09.4381181Z [01mreading sources... [39;49;00m[ 88%] [35mlectures/L05_numpypandas[39;49;00m                             
2021-05-18T02:36:09.4825062Z [01mreading sources... [39;49;00m[ 89%] [35mlectures/L06_pandas[39;49;00m                                  
2021-05-18T02:36:09.5347013Z [01mreading sources... [39;49;00m[ 89%] [35mlectures/L07_dataviz[39;49;00m                                 
2021-05-18T02:36:09.5993943Z [01mreading sources... [39;49;00m[ 90%] [35mlectures/L09_merging[39;49;00m                                 
2021-05-18T02:36:09.6419753Z [01mreading sources... [39;49;00m[ 91%] [35mlectures/L11_scrapingWeek-Copy1[39;49;00m                      
2021-05-18T02:36:09.6915201Z [01mreading sources... [39;49;00m[ 92%] [35mlectures/L13_regexWeek[39;49;00m                               
2021-05-18T02:36:09.7198731Z [01mreading sources... [39;49;00m[ 92%] [35mlectures/L15_modeling_intro[39;49;00m                          
2021-05-18T02:36:09.7517574Z [01mreading sources... [39;49;00m[ 93%] [35mlectures/L16_POSTCLASS_first_regs[39;49;00m                    
2021-05-18T02:36:09.8402199Z [01mreading sources... [39;49;00m[ 94%] [35mlectures/L17_interpretation[39;49;00m                          
2021-05-18T02:36:09.8498921Z [01mreading sources... [39;49;00m[ 95%] [35mlectures/L18[39;49;00m                                         
2021-05-18T02:36:09.8772635Z [01mreading sources... [39;49;00m[ 96%] [35mlectures/L21 pipelines and optimizing model[39;49;00m          
2021-05-18T02:36:09.9291528Z [01mreading sources... [39;49;00m[ 96%] [35mlectures/L22 preprocessing[39;49;00m                           
2021-05-18T02:36:09.9839386Z [01mreading sources... [39;49;00m[ 97%] [35mlectures/L23 trees and ensemble models[39;49;00m               
2021-05-18T02:36:10.0437433Z [01mreading sources... [39;49;00m[ 98%] [35mlectures/L24[39;49;00m                                         
2021-05-18T02:36:10.0512666Z [01mreading sources... [39;49;00m[ 99%] [35mlectures/README[39;49;00m                                      
2021-05-18T02:36:10.0721774Z [01mreading sources... [39;49;00m[100%] [35mlectures/stock_prices[39;49;00m                                
2021-05-18T02:36:10.0746692Z [91mWARNING: Found a content page that is not in _toc.yml: README.md.[39;49;00m
2021-05-18T02:36:10.0747791Z [91mWARNING: Found a content page that is not in _toc.yml: Untitled.ipynb.[39;49;00m
2021-05-18T02:36:10.0748926Z [91mWARNING: Found a content page that is not in _toc.yml: community_codebook/README.md.[39;49;00m
2021-05-18T02:36:10.0750479Z [31m/home/runner/work/ledatascifi-2021/ledatascifi-2021/content/01/07a_errors.ipynb:130004: WARNING: Directive 'admonition': 1 argument(s) required, 0 supplied
2021-05-18T02:36:10.0751334Z 
2021-05-18T02:36:10.0752022Z Q: When should you write code with `try-except` blocks?
2021-05-18T02:36:10.0752467Z 
2021-05-18T02:36:10.0753342Z A: When you are writing code where you expect some exceptions to occur, and you want the code to continue on. 
2021-05-18T02:36:10.0753959Z 
2021-05-18T02:36:10.0755072Z The most common example in this class: You wrote code that scrapes a website. Sometimes, a page won't load. You want the crawler to continue.[39;49;00m
2021-05-18T02:36:10.0757050Z [91m/home/runner/work/ledatascifi-2021/ledatascifi-2021/content/02/10_Golden_2.ipynb:10002: WARNING: Non-consecutive header level increase; 0 to 2[39;49;00m
2021-05-18T02:36:10.0758848Z [91m/home/runner/work/ledatascifi-2021/ledatascifi-2021/content/02/10_Golden_3.ipynb:10002: WARNING: Non-consecutive header level increase; 0 to 2[39;49;00m
2021-05-18T02:36:10.0760591Z [91m/home/runner/work/ledatascifi-2021/ledatascifi-2021/content/02/10_Golden_4.ipynb:10031: WARNING: Non-consecutive header level increase; 1 to 3[39;49;00m
2021-05-18T02:36:10.0762568Z [91m/home/runner/work/ledatascifi-2021/ledatascifi-2021/content/02/10_Golden_5.ipynb:10025: WARNING: Non-consecutive header level increase; 1 to 3[39;49;00m
2021-05-18T02:36:10.0764585Z [91m/home/runner/work/ledatascifi-2021/ledatascifi-2021/content/03/01a_NumpyCS.ipynb:70008: WARNING: Non-consecutive header level increase; 1 to 3[39;49;00m
2021-05-18T02:36:10.0766382Z [91m/home/runner/work/ledatascifi-2021/ledatascifi-2021/content/03/01a_NumpyCS.ipynb:90006: WARNING: Non-consecutive header level increase; 1 to 3[39;49;00m
2021-05-18T02:36:10.0768166Z [91m/home/runner/work/ledatascifi-2021/ledatascifi-2021/content/03/01a_NumpyCS.ipynb:90013: WARNING: Non-consecutive header level increase; 1 to 3[39;49;00m
2021-05-18T02:36:10.0769660Z [91mWARNING: Found a content page that is not in _toc.yml: content/03/01c_NumpyPractice_ans.ipynb.[39;49;00m
2021-05-18T02:36:10.0771188Z [91m/home/runner/work/ledatascifi-2021/ledatascifi-2021/content/03/02d_temp.ipynb:10010: WARNING: Non-consecutive header level increase; 1 to 3[39;49;00m
2021-05-18T02:36:10.0772954Z [91m/home/runner/work/ledatascifi-2021/ledatascifi-2021/content/03/02d_temp.ipynb:50002: WARNING: Non-consecutive header level increase; 1 to 3[39;49;00m
2021-05-18T02:36:10.0782555Z [91m/home/runner/work/ledatascifi-2021/ledatascifi-2021/content/03/02f_chains.ipynb:20014: WARNING: Non-consecutive header level increase; 1 to 3[39;49;00m
2021-05-18T02:36:10.0784878Z [91m/home/runner/work/ledatascifi-2021/ledatascifi-2021/content/03/02f_chains.ipynb:40002: WARNING: Non-consecutive header level increase; 1 to 3[39;49;00m
2021-05-18T02:36:10.0786751Z [91m/home/runner/work/ledatascifi-2021/ledatascifi-2021/content/03/02f_chains.ipynb:40006: WARNING: Non-consecutive header level increase; 1 to 3[39;49;00m
2021-05-18T02:36:10.0788531Z [91m/home/runner/work/ledatascifi-2021/ledatascifi-2021/content/03/02f_chains.ipynb:90002: WARNING: Non-consecutive header level increase; 1 to 3[39;49;00m
2021-05-18T02:36:10.0790387Z [91m/home/runner/work/ledatascifi-2021/ledatascifi-2021/content/03/02f_chains.ipynb:110009: WARNING: Non-consecutive header level increase; 1 to 3[39;49;00m
2021-05-18T02:36:10.0792178Z [91m/home/runner/work/ledatascifi-2021/ledatascifi-2021/content/03/02f_chains.ipynb:150002: WARNING: Non-consecutive header level increase; 1 to 3[39;49;00m
2021-05-18T02:36:10.0793624Z [91mWARNING: Found a content page that is not in _toc.yml: content/03/02g2_finance.ipynb.[39;49;00m
2021-05-18T02:36:10.0795145Z [91m/home/runner/work/ledatascifi-2021/ledatascifi-2021/content/03/02g2_finance.ipynb:20002: WARNING: Non-consecutive header level increase; 1 to 4[39;49;00m
2021-05-18T02:36:10.0797001Z [31m/home/runner/work/ledatascifi-2021/ledatascifi-2021/content/03/02g_commontasks.ipynb:120008: WARNING: Directive 'admonition': 1 argument(s) required, 0 supplied
2021-05-18T02:36:10.0797884Z 
2021-05-18T02:36:10.0798238Z :class: tip
2021-05-18T02:36:10.0798477Z 
2021-05-18T02:36:10.0799347Z Use `.transform(<function>)` after `groupby` to "cast" those statistics back to the original[39;49;00m
2021-05-18T02:36:10.0800523Z [91mWARNING: Found a content page that is not in _toc.yml: content/03/02i_answers.ipynb.[39;49;00m
2021-05-18T02:36:10.0802003Z [91mWARNING: Found a content page that is not in _toc.yml: content/03/04g-lyingfigures.ipynb.[39;49;00m
2021-05-18T02:36:10.0803728Z [91m/home/runner/work/ledatascifi-2021/ledatascifi-2021/content/03/05c_missingdata.ipynb:10002: WARNING: Non-consecutive header level increase; 0 to 2[39;49;00m
2021-05-18T02:36:10.0805222Z [91mWARNING: Found a content page that is not in _toc.yml: content/03/print multiple_dfs.ipynb.[39;49;00m
2021-05-18T02:36:10.0806797Z [91m/home/runner/work/ledatascifi-2021/ledatascifi-2021/content/04/01_Intro_to_scraping.ipynb:10008: WARNING: Non-consecutive header level increase; 1 to 3[39;49;00m
2021-05-18T02:36:10.0808671Z [91m/home/runner/work/ledatascifi-2021/ledatascifi-2021/content/04/01_Intro_to_scraping.ipynb:20002: WARNING: Non-consecutive header level increase; 1 to 3[39;49;00m
2021-05-18T02:36:10.0810698Z [91m/home/runner/work/ledatascifi-2021/ledatascifi-2021/content/04/01_Intro_to_scraping.ipynb:30002: WARNING: Non-consecutive header level increase; 1 to 3[39;49;00m
2021-05-18T02:36:10.0812458Z [31m/home/runner/work/ledatascifi-2021/ledatascifi-2021/content/05/01c_teams.ipynb:20036: WARNING: Unknown directive type "admonotion".[39;49;00m
2021-05-18T02:36:10.0814297Z [91m/home/runner/work/ledatascifi-2021/ledatascifi-2021/content/05/01d_sharingBigFiles.ipynb:10016: WARNING: Non-consecutive header level increase; 1 to 3[39;49;00m
2021-05-18T02:36:10.0816258Z [91m/home/runner/work/ledatascifi-2021/ledatascifi-2021/content/05/01d_sharingBigFiles.ipynb:10042: WARNING: Non-consecutive header level increase; 1 to 3[39;49;00m
2021-05-18T02:36:10.0818130Z [91m/home/runner/work/ledatascifi-2021/ledatascifi-2021/content/05/02a_basics.ipynb:20015: WARNING: Non-consecutive header level increase; 1 to 3[39;49;00m
2021-05-18T02:36:10.0819897Z [91m/home/runner/work/ledatascifi-2021/ledatascifi-2021/content/05/02g_summary.ipynb:20003: WARNING: Non-consecutive header level increase; 1 to 3[39;49;00m
2021-05-18T02:36:10.0821725Z [91m/home/runner/work/ledatascifi-2021/ledatascifi-2021/content/05/03c_ModelEval.ipynb:10002: WARNING: Non-consecutive header level increase; 0 to 2[39;49;00m
2021-05-18T02:36:10.0823574Z [91m/home/runner/work/ledatascifi-2021/ledatascifi-2021/content/05/03e_whichModel.ipynb:10002: WARNING: Non-consecutive header level increase; 0 to 2[39;49;00m
2021-05-18T02:36:10.0825620Z [31m/home/runner/work/ledatascifi-2021/ledatascifi-2021/content/05/04b_best_practices.ipynb:0: WARNING: At least one body element must separate transitions; adjacent transitions are not allowed.[39;49;00m
2021-05-18T02:36:10.0827689Z [31m/home/runner/work/ledatascifi-2021/ledatascifi-2021/content/05/04f_optimizing_a_model.ipynb:10009: WARNING: Directive 'admonition': 1 argument(s) required, 0 supplied
2021-05-18T02:36:10.0828573Z 
2021-05-18T02:36:10.0828951Z :class: seealso
2021-05-18T02:36:10.0830092Z The [sk-learn](https://scikit-learn.org/stable/modules/grid_search.html#grid-search) docs on hypertuning.[39;49;00m
2021-05-18T02:36:10.0831572Z [91mWARNING: Found a content page that is not in _toc.yml: content/05/regression_techniques/README.md.[39;49;00m
2021-05-18T02:36:10.0833097Z [91m/home/runner/work/ledatascifi-2021/ledatascifi-2021/content/about/about_us.md:1: WARNING: Non-consecutive header level increase; 0 to 2[39;49;00m
2021-05-18T02:36:10.0834918Z [91m/home/runner/work/ledatascifi-2021/ledatascifi-2021/content/about/acknowledgments.md:1: WARNING: Non-consecutive header level increase; 0 to 2[39;49;00m
2021-05-18T02:36:10.0836804Z [91m/home/runner/work/ledatascifi-2021/ledatascifi-2021/content/about/gradeoverview.md:1: WARNING: Non-consecutive header level increase; 0 to 2[39;49;00m
2021-05-18T02:36:10.0838625Z [91m/home/runner/work/ledatascifi-2021/ledatascifi-2021/content/about/objectives.md:1: WARNING: Non-consecutive header level increase; 0 to 2[39;49;00m
2021-05-18T02:36:10.0840588Z [91m/home/runner/work/ledatascifi-2021/ledatascifi-2021/content/about/structure_and_policies.md:1: WARNING: Non-consecutive header level increase; 0 to 2[39;49;00m
2021-05-18T02:36:10.0842445Z [91mWARNING: Found a content page that is not in _toc.yml: content/assignments/asgn05_measurerisk.md.[39;49;00m
2021-05-18T02:36:10.0844164Z [91m/home/runner/work/ledatascifi-2021/ledatascifi-2021/content/assignments/asgn05_measurerisk.md:1: WARNING: Non-consecutive header level increase; 0 to 2[39;49;00m
2021-05-18T02:36:10.0846125Z [91m/home/runner/work/ledatascifi-2021/ledatascifi-2021/content/assignments/asgn05_measurerisk.md:42: WARNING: Non-consecutive header level increase; 0 to 2[39;49;00m
2021-05-18T02:36:10.0848071Z [31m/home/runner/work/ledatascifi-2021/ledatascifi-2021/content/assignments/howto_do.md:75: WARNING: Content block expected for the "admonition" directive; none found.[39;49;00m
2021-05-18T02:36:10.0849699Z [91mWARNING: Found a content page that is not in _toc.yml: content/assignments/project_prop_template.md.[39;49;00m
2021-05-18T02:36:10.0851204Z [91mWARNING: Found a content page that is not in _toc.yml: content/estimate_factor_loadings.ipynb.[39;49;00m
2021-05-18T02:36:10.0852741Z [91m/home/runner/work/ledatascifi-2021/ledatascifi-2021/content/frontpage.md:4: WARNING: Non-consecutive header level increase; 0 to 2[39;49;00m
2021-05-18T02:36:10.0854205Z [91mWARNING: Found a content page that is not in _toc.yml: lectures/L01_intro_github.ipynb.[39;49;00m
2021-05-18T02:36:10.0855425Z [91mWARNING: Found a content page that is not in _toc.yml: lectures/L02_jupyterlab.ipynb.[39;49;00m
2021-05-18T02:36:10.0856600Z [91mWARNING: Found a content page that is not in _toc.yml: lectures/L03_python.ipynb.[39;49;00m
2021-05-18T02:36:10.0858108Z [91m/home/runner/work/ledatascifi-2021/ledatascifi-2021/lectures/L03_python.ipynb:10025: WARNING: Non-consecutive header level increase; 0 to 2[39;49;00m
2021-05-18T02:36:10.0859903Z [91m/home/runner/work/ledatascifi-2021/ledatascifi-2021/lectures/L03_python.ipynb:10036: WARNING: Non-consecutive header level increase; 0 to 2[39;49;00m
2021-05-18T02:36:10.0861703Z [91m/home/runner/work/ledatascifi-2021/ledatascifi-2021/lectures/L03_python.ipynb:20002: WARNING: Non-consecutive header level increase; 0 to 2[39;49;00m
2021-05-18T02:36:10.0863497Z [91m/home/runner/work/ledatascifi-2021/ledatascifi-2021/lectures/L03_python.ipynb:30002: WARNING: Non-consecutive header level increase; 0 to 2[39;49;00m
2021-05-18T02:36:10.0865270Z [91m/home/runner/work/ledatascifi-2021/ledatascifi-2021/lectures/L03_python.ipynb:40002: WARNING: Non-consecutive header level increase; 0 to 2[39;49;00m
2021-05-18T02:36:10.0867056Z [91m/home/runner/work/ledatascifi-2021/ledatascifi-2021/lectures/L03_python.ipynb:50002: WARNING: Non-consecutive header level increase; 0 to 2[39;49;00m
2021-05-18T02:36:10.0868846Z [91m/home/runner/work/ledatascifi-2021/ledatascifi-2021/lectures/L03_python.ipynb:70002: WARNING: Non-consecutive header level increase; 0 to 2[39;49;00m
2021-05-18T02:36:10.0870639Z [91m/home/runner/work/ledatascifi-2021/ledatascifi-2021/lectures/L03_python.ipynb:150002: WARNING: Non-consecutive header level increase; 0 to 2[39;49;00m
2021-05-18T02:36:10.0872433Z [91m/home/runner/work/ledatascifi-2021/ledatascifi-2021/lectures/L03_python.ipynb:230002: WARNING: Non-consecutive header level increase; 0 to 2[39;49;00m
2021-05-18T02:36:10.0873925Z [91mWARNING: Found a content page that is not in _toc.yml: lectures/L05_numpypandas.ipynb.[39;49;00m
2021-05-18T02:36:10.0876134Z [91m/home/runner/work/ledatascifi-2021/ledatascifi-2021/lectures/L05_numpypandas.ipynb:10010: WARNING: Non-consecutive header level increase; 1 to 3[39;49;00m
2021-05-18T02:36:10.0878174Z [91m/home/runner/work/ledatascifi-2021/ledatascifi-2021/lectures/L05_numpypandas.ipynb:190010: WARNING: Non-consecutive header level increase; 2 to 4[39;49;00m
2021-05-18T02:36:10.0879658Z [91mWARNING: Found a content page that is not in _toc.yml: lectures/L06_pandas.ipynb.[39;49;00m
2021-05-18T02:36:10.0881172Z [91m/home/runner/work/ledatascifi-2021/ledatascifi-2021/lectures/L06_pandas.ipynb:20010: WARNING: Non-consecutive header level increase; 1 to 3[39;49;00m
2021-05-18T02:36:10.0883521Z [91m/home/runner/work/ledatascifi-2021/ledatascifi-2021/lectures/L06_pandas.ipynb:90013: WARNING: Non-consecutive header level increase; 2 to 4[39;49;00m
2021-05-18T02:36:10.0885030Z [91mWARNING: Found a content page that is not in _toc.yml: lectures/L07_dataviz.ipynb.[39;49;00m
2021-05-18T02:36:10.0886550Z [91m/home/runner/work/ledatascifi-2021/ledatascifi-2021/lectures/L07_dataviz.ipynb:150014: WARNING: Non-consecutive header level increase; 2 to 4[39;49;00m
2021-05-18T02:36:10.0888074Z [91mWARNING: Found a content page that is not in _toc.yml: lectures/L09_merging.ipynb.[39;49;00m
2021-05-18T02:36:10.0889584Z [91m/home/runner/work/ledatascifi-2021/ledatascifi-2021/lectures/L09_merging.ipynb:190011: WARNING: Non-consecutive header level increase; 2 to 4[39;49;00m
2021-05-18T02:36:10.0891193Z [91mWARNING: Found a content page that is not in _toc.yml: lectures/L11_scrapingWeek-Copy1.ipynb.[39;49;00m
2021-05-18T02:36:10.0892714Z [91mWARNING: Found a content page that is not in _toc.yml: lectures/L13_regexWeek.ipynb.[39;49;00m
2021-05-18T02:36:10.0893941Z [91mWARNING: Found a content page that is not in _toc.yml: lectures/L15_modeling_intro.ipynb.[39;49;00m
2021-05-18T02:36:10.0895193Z [91mWARNING: Found a content page that is not in _toc.yml: lectures/L16_POSTCLASS_first_regs.ipynb.[39;49;00m
2021-05-18T02:36:10.0896797Z [91m/home/runner/work/ledatascifi-2021/ledatascifi-2021/lectures/L16_POSTCLASS_first_regs.ipynb:30002: WARNING: Non-consecutive header level increase; 0 to 2[39;49;00m
2021-05-18T02:36:10.0898703Z [91m/home/runner/work/ledatascifi-2021/ledatascifi-2021/lectures/L16_POSTCLASS_first_regs.ipynb:50002: WARNING: Non-consecutive header level increase; 0 to 2[39;49;00m
2021-05-18T02:36:10.0900584Z [91m/home/runner/work/ledatascifi-2021/ledatascifi-2021/lectures/L16_POSTCLASS_first_regs.ipynb:70002: WARNING: Non-consecutive header level increase; 0 to 2[39;49;00m
2021-05-18T02:36:10.0902498Z [91m/home/runner/work/ledatascifi-2021/ledatascifi-2021/lectures/L16_POSTCLASS_first_regs.ipynb:90002: WARNING: Non-consecutive header level increase; 0 to 2[39;49;00m
2021-05-18T02:36:10.0904076Z [91mWARNING: Found a content page that is not in _toc.yml: lectures/L17_interpretation.ipynb.[39;49;00m
2021-05-18T02:36:10.0905252Z [91mWARNING: Found a content page that is not in _toc.yml: lectures/L18.ipynb.[39;49;00m
2021-05-18T02:36:10.0906484Z [91mWARNING: Found a content page that is not in _toc.yml: lectures/L21 pipelines and optimizing model.ipynb.[39;49;00m
2021-05-18T02:36:10.0907797Z [91mWARNING: Found a content page that is not in _toc.yml: lectures/L22 preprocessing.ipynb.[39;49;00m
2021-05-18T02:36:10.0909115Z [91mWARNING: Found a content page that is not in _toc.yml: lectures/L23 trees and ensemble models.ipynb.[39;49;00m
2021-05-18T02:36:10.0910287Z [91mWARNING: Found a content page that is not in _toc.yml: lectures/L24.ipynb.[39;49;00m
2021-05-18T02:36:10.0911357Z [91mWARNING: Found a content page that is not in _toc.yml: lectures/README.md.[39;49;00m
2021-05-18T02:36:10.0912491Z [91mWARNING: Found a content page that is not in _toc.yml: lectures/stock_prices.ipynb.[39;49;00m
2021-05-18T02:36:10.3149712Z [01mlooking for now-outdated files... [39;49;00mnone found
2021-05-18T02:36:10.3261564Z [01mpickling environment... [39;49;00mdone
2021-05-18T02:36:10.3286770Z [91m/home/runner/work/ledatascifi-2021/ledatascifi-2021/README.md: WARNING: document isn't included in any toctree[39;49;00m
2021-05-18T02:36:10.3288740Z [91m/home/runner/work/ledatascifi-2021/ledatascifi-2021/Untitled.ipynb: WARNING: document isn't included in any toctree[39;49;00m
2021-05-18T02:36:10.3290217Z [91m/home/runner/work/ledatascifi-2021/ledatascifi-2021/community_codebook/README.md: WARNING: document isn't included in any toctree[39;49;00m
2021-05-18T02:36:10.3291741Z [91m/home/runner/work/ledatascifi-2021/ledatascifi-2021/content/03/01c_NumpyPractice_ans.ipynb: WARNING: document isn't included in any toctree[39;49;00m
2021-05-18T02:36:10.3293450Z [91m/home/runner/work/ledatascifi-2021/ledatascifi-2021/content/03/02g2_finance.ipynb: WARNING: document isn't included in any toctree[39;49;00m
2021-05-18T02:36:10.3295001Z [91m/home/runner/work/ledatascifi-2021/ledatascifi-2021/content/03/02i_answers.ipynb: WARNING: document isn't included in any toctree[39;49;00m
2021-05-18T02:36:10.3296526Z [91m/home/runner/work/ledatascifi-2021/ledatascifi-2021/content/03/04g-lyingfigures.ipynb: WARNING: document isn't included in any toctree[39;49;00m
2021-05-18T02:36:10.3298061Z [91m/home/runner/work/ledatascifi-2021/ledatascifi-2021/content/03/print multiple_dfs.ipynb: WARNING: document isn't included in any toctree[39;49;00m
2021-05-18T02:36:10.3299607Z [91m/home/runner/work/ledatascifi-2021/ledatascifi-2021/content/05/regression_techniques/README.md: WARNING: document isn't included in any toctree[39;49;00m
2021-05-18T02:36:10.3308233Z [91m/home/runner/work/ledatascifi-2021/ledatascifi-2021/content/assignments/asgn05_measurerisk.md: WARNING: document isn't included in any toctree[39;49;00m
2021-05-18T02:36:10.3310411Z [91m/home/runner/work/ledatascifi-2021/ledatascifi-2021/content/assignments/project_prop_template.md: WARNING: document isn't included in any toctree[39;49;00m
2021-05-18T02:36:10.3312135Z [91m/home/runner/work/ledatascifi-2021/ledatascifi-2021/content/estimate_factor_loadings.ipynb: WARNING: document isn't included in any toctree[39;49;00m
2021-05-18T02:36:10.3313856Z [91m/home/runner/work/ledatascifi-2021/ledatascifi-2021/lectures/L01_intro_github.ipynb: WARNING: document isn't included in any toctree[39;49;00m
2021-05-18T02:36:10.3317797Z [91m/home/runner/work/ledatascifi-2021/ledatascifi-2021/lectures/L02_jupyterlab.ipynb: WARNING: document isn't included in any toctree[39;49;00m
2021-05-18T02:36:10.3319422Z [91m/home/runner/work/ledatascifi-2021/ledatascifi-2021/lectures/L03_python.ipynb: WARNING: document isn't included in any toctree[39;49;00m
2021-05-18T02:36:10.3321052Z [91m/home/runner/work/ledatascifi-2021/ledatascifi-2021/lectures/L05_numpypandas.ipynb: WARNING: document isn't included in any toctree[39;49;00m
2021-05-18T02:36:10.3322839Z [91m/home/runner/work/ledatascifi-2021/ledatascifi-2021/lectures/L06_pandas.ipynb: WARNING: document isn't included in any toctree[39;49;00m
2021-05-18T02:36:10.3324416Z [91m/home/runner/work/ledatascifi-2021/ledatascifi-2021/lectures/L07_dataviz.ipynb: WARNING: document isn't included in any toctree[39;49;00m
2021-05-18T02:36:10.3325996Z [91m/home/runner/work/ledatascifi-2021/ledatascifi-2021/lectures/L09_merging.ipynb: WARNING: document isn't included in any toctree[39;49;00m
2021-05-18T02:36:10.3327899Z [91m/home/runner/work/ledatascifi-2021/ledatascifi-2021/lectures/L11_scrapingWeek-Copy1.ipynb: WARNING: document isn't included in any toctree[39;49;00m
2021-05-18T02:36:10.3329675Z [91m/home/runner/work/ledatascifi-2021/ledatascifi-2021/lectures/L13_regexWeek.ipynb: WARNING: document isn't included in any toctree[39;49;00m
2021-05-18T02:36:10.3331452Z [91m/home/runner/work/ledatascifi-2021/ledatascifi-2021/lectures/L15_modeling_intro.ipynb: WARNING: document isn't included in any toctree[39;49;00m
2021-05-18T02:36:10.3333102Z [91m/home/runner/work/ledatascifi-2021/ledatascifi-2021/lectures/L16_POSTCLASS_first_regs.ipynb: WARNING: document isn't included in any toctree[39;49;00m
2021-05-18T02:36:10.3334834Z [91m/home/runner/work/ledatascifi-2021/ledatascifi-2021/lectures/L17_interpretation.ipynb: WARNING: document isn't included in any toctree[39;49;00m
2021-05-18T02:36:10.3336340Z [91m/home/runner/work/ledatascifi-2021/ledatascifi-2021/lectures/L18.ipynb: WARNING: document isn't included in any toctree[39;49;00m
2021-05-18T02:36:10.3337860Z [91m/home/runner/work/ledatascifi-2021/ledatascifi-2021/lectures/L21 pipelines and optimizing model.ipynb: WARNING: document isn't included in any toctree[39;49;00m
2021-05-18T02:36:10.3339483Z [91m/home/runner/work/ledatascifi-2021/ledatascifi-2021/lectures/L22 preprocessing.ipynb: WARNING: document isn't included in any toctree[39;49;00m
2021-05-18T02:36:10.3341229Z [91m/home/runner/work/ledatascifi-2021/ledatascifi-2021/lectures/L23 trees and ensemble models.ipynb: WARNING: document isn't included in any toctree[39;49;00m
2021-05-18T02:36:10.3342779Z [91m/home/runner/work/ledatascifi-2021/ledatascifi-2021/lectures/L24.ipynb: WARNING: document isn't included in any toctree[39;49;00m
2021-05-18T02:36:10.3344176Z [91m/home/runner/work/ledatascifi-2021/ledatascifi-2021/lectures/README.md: WARNING: document isn't included in any toctree[39;49;00m
2021-05-18T02:36:10.3345636Z [91m/home/runner/work/ledatascifi-2021/ledatascifi-2021/lectures/stock_prices.ipynb: WARNING: document isn't included in any toctree[39;49;00m
2021-05-18T02:36:10.3346681Z [01mchecking consistency... [39;49;00mdone
2021-05-18T02:36:10.3347414Z [01mpreparing documents... [39;49;00mdone
2021-05-18T02:36:10.5041724Z [01mwriting output... [39;49;00m[  0%] [32mREADME[39;49;00m                                                
2021-05-18T02:36:10.7104467Z [01mwriting output... [39;49;00m[  1%] [32mUntitled[39;49;00m                                              
2021-05-18T02:36:10.7740987Z [01mwriting output... [39;49;00m[  2%] [32mcommunity_codebook/README[39;49;00m                             
2021-05-18T02:36:10.8440716Z [01mwriting output... [39;49;00m[  3%] [32mcontent/01/00_Getting_Started[39;49;00m                         
2021-05-18T02:36:10.9953109Z [01mwriting output... [39;49;00m[  3%] [32mcontent/01/01_Motivation[39;49;00m                              
2021-05-18T02:36:11.0723537Z [01mwriting output... [39;49;00m[  4%] [32mcontent/01/02_Setup[39;49;00m                                   
2021-05-18T02:36:11.1813225Z [01mwriting output... [39;49;00m[  5%] [32mcontent/01/03_github[39;49;00m                                  
2021-05-18T02:36:11.2544981Z [01mwriting output... [39;49;00m[  6%] [32mcontent/01/04_Markdown[39;49;00m                                
2021-05-18T02:36:11.3645636Z [01mwriting output... [39;49;00m[  7%] [32mcontent/01/05_jupyterlab[39;49;00m                              
2021-05-18T02:36:11.7238752Z [01mwriting output... [39;49;00m[  7%] [32mcontent/01/06_python[39;49;00m                                  
2021-05-18T02:36:11.9080187Z [01mwriting output... [39;49;00m[  8%] [32mcontent/01/07_debugging[39;49;00m                               
2021-05-18T02:36:12.0801051Z [01mwriting output... [39;49;00m[  9%] [32mcontent/01/07a_errors[39;49;00m                                 
2021-05-18T02:36:12.1486341Z [01mwriting output... [39;49;00m[ 10%] [32mcontent/01/08_libraries[39;49;00m                               
2021-05-18T02:36:12.2241252Z [01mwriting output... [39;49;00m[ 10%] [32mcontent/01/09_gitignore[39;49;00m                               
2021-05-18T02:36:12.3702925Z [01mwriting output... [39;49;00m[ 11%] [32mcontent/02/10_Golden_1[39;49;00m                                
2021-05-18T02:36:12.4423271Z [01mwriting output... [39;49;00m[ 12%] [32mcontent/02/10_Golden_2[39;49;00m                                
2021-05-18T02:36:12.5234327Z [01mwriting output... [39;49;00m[ 13%] [32mcontent/02/10_Golden_3[39;49;00m                                
2021-05-18T02:36:12.6091536Z [01mwriting output... [39;49;00m[ 14%] [32mcontent/02/10_Golden_4[39;49;00m                                
2021-05-18T02:36:12.6878904Z [01mwriting output... [39;49;00m[ 14%] [32mcontent/02/10_Golden_5[39;49;00m                                
2021-05-18T02:36:12.7608549Z [01mwriting output... [39;49;00m[ 15%] [32mcontent/02/10_Golden_6[39;49;00m                                
2021-05-18T02:36:12.9066980Z [01mwriting output... [39;49;00m[ 16%] [32mcontent/02/10_Golden_7[39;49;00m                                
2021-05-18T02:36:12.9800038Z [01mwriting output... [39;49;00m[ 17%] [32mcontent/03/00_Data_Wrangling_Intro[39;49;00m                    
2021-05-18T02:36:13.0481385Z [01mwriting output... [39;49;00m[ 17%] [32mcontent/03/01_Numpy[39;49;00m                                   
2021-05-18T02:36:13.2010678Z [01mwriting output... [39;49;00m[ 18%] [32mcontent/03/01a_NumpyCS[39;49;00m                                
2021-05-18T02:36:13.3446639Z [01mwriting output... [39;49;00m[ 19%] [32mcontent/03/01b_NumpyBasics[39;49;00m                            
2021-05-18T02:36:13.4813406Z [01mwriting output... [39;49;00m[ 20%] [32mcontent/03/01c_NumpyPractice[39;49;00m                          
2021-05-18T02:36:13.6881166Z [01mwriting output... [39;49;00m[ 21%] [32mcontent/03/01c_NumpyPractice_ans[39;49;00m                      
2021-05-18T02:36:13.7622958Z [01mwriting output... [39;49;00m[ 21%] [32mcontent/03/01d_NumpyResources[39;49;00m                         
2021-05-18T02:36:13.8340163Z [01mwriting output... [39;49;00m[ 22%] [32mcontent/03/02a_pandasIntro[39;49;00m                            
2021-05-18T02:36:13.9052084Z [01mwriting output... [39;49;00m[ 23%] [32mcontent/03/02a_pandasTips[39;49;00m                             
2021-05-18T02:36:14.0009194Z [01mwriting output... [39;49;00m[ 24%] [32mcontent/03/02b_pandasVocab[39;49;00m                            
2021-05-18T02:36:14.1031749Z [01mwriting output... [39;49;00m[ 25%] [32mcontent/03/02c_commonFcns[39;49;00m                             
2021-05-18T02:36:14.3371008Z [01mwriting output... [39;49;00m[ 25%] [32mcontent/03/02d_temp[39;49;00m                                   
2021-05-18T02:36:14.5349855Z [01mwriting output... [39;49;00m[ 26%] [32mcontent/03/02e_eda_golden[39;49;00m                             
2021-05-18T02:36:14.7066827Z [01mwriting output... [39;49;00m[ 27%] [32mcontent/03/02f_chains[39;49;00m                                 
2021-05-18T02:36:14.7762048Z [01mwriting output... [39;49;00m[ 28%] [32mcontent/03/02g2_finance[39;49;00m                               
2021-05-18T02:36:14.9803894Z [01mwriting output... [39;49;00m[ 28%] [32mcontent/03/02g_commontasks[39;49;00m                            
2021-05-18T02:36:15.1586287Z [01mwriting output... [39;49;00m[ 29%] [32mcontent/03/02h_exercises[39;49;00m                              
2021-05-18T02:36:15.3639994Z [01mwriting output... [39;49;00m[ 30%] [32mcontent/03/02i_answers[39;49;00m                                
2021-05-18T02:36:15.4387853Z [01mwriting output... [39;49;00m[ 31%] [32mcontent/03/02j_resourcesAndSum[39;49;00m                        
2021-05-18T02:36:15.5104321Z [01mwriting output... [39;49;00m[ 32%] [32mcontent/03/04a-dataviz[39;49;00m                                
2021-05-18T02:36:15.6579174Z [01mwriting output... [39;49;00m[ 32%] [32mcontent/03/04b-whyplot[39;49;00m                                
2021-05-18T02:36:15.7417989Z [01mwriting output... [39;49;00m[ 33%] [32mcontent/03/04c-makeplot[39;49;00m                               
2021-05-18T02:36:15.9939273Z [01mwriting output... [39;49;00m[ 34%] [32mcontent/03/04d-whichplot[39;49;00m                              
2021-05-18T02:36:16.2202789Z [01mwriting output... [39;49;00m[ 35%] [32mcontent/03/04e-visualEDA[39;49;00m                              
2021-05-18T02:36:16.9423373Z [01mwriting output... [39;49;00m[ 35%] [32mcontent/03/04f-betterplots[39;49;00m                            
2021-05-18T02:36:17.0045930Z [01mwriting output... [39;49;00m[ 36%] [32mcontent/03/04g-lyingfigures[39;49;00m                           
2021-05-18T02:36:17.0765462Z [01mwriting output... [39;49;00m[ 37%] [32mcontent/03/05a-otherskills[39;49;00m                            
2021-05-18T02:36:17.3606347Z [01mwriting output... [39;49;00m[ 38%] [32mcontent/03/05b_merging[39;49;00m                                
2021-05-18T02:36:17.4470780Z [01mwriting output... [39;49;00m[ 39%] [32mcontent/03/05c_missingdata[39;49;00m                            
2021-05-18T02:36:17.6196755Z [01mwriting output... [39;49;00m[ 39%] [32mcontent/03/05d_outliers[39;49;00m                               
2021-05-18T02:36:17.6867568Z [01mwriting output... [39;49;00m[ 40%] [32mcontent/03/print multiple_dfs[39;49;00m                         
2021-05-18T02:36:17.7583447Z [01mwriting output... [39;49;00m[ 41%] [32mcontent/04/00_World_Wide_Data[39;49;00m                         
2021-05-18T02:36:17.8495740Z [01mwriting output... [39;49;00m[ 42%] [32mcontent/04/01_Intro_to_scraping[39;49;00m                       
2021-05-18T02:36:18.0213062Z [01mwriting output... [39;49;00m[ 42%] [32mcontent/04/01a_openingAndParsing[39;49;00m                      
2021-05-18T02:36:18.1285832Z [01mwriting output... [39;49;00m[ 43%] [32mcontent/04/01b_spiders[39;49;00m                                
2021-05-18T02:36:18.2009990Z [01mwriting output... [39;49;00m[ 44%] [32mcontent/04/02_strings[39;49;00m                                 
2021-05-18T02:36:18.3507859Z [01mwriting output... [39;49;00m[ 45%] [32mcontent/04/02a_Python Strings[39;49;00m                         
2021-05-18T02:36:18.5367673Z [01mwriting output... [39;49;00m[ 46%] [32mcontent/04/02b_regex[39;49;00m                                  
2021-05-18T02:36:18.6834160Z [01mwriting output... [39;49;00m[ 46%] [32mcontent/04/02c_developing a regex[39;49;00m                     
2021-05-18T02:36:18.9601249Z [01mwriting output... [39;49;00m[ 47%] [32mcontent/04/02d_RegexApplication[39;49;00m                       
2021-05-18T02:36:19.0293076Z [01mwriting output... [39;49;00m[ 48%] [32mcontent/05/00_intro[39;49;00m                                   
2021-05-18T02:36:19.0999071Z [01mwriting output... [39;49;00m[ 49%] [32mcontent/05/01_bigpicture[39;49;00m                              
2021-05-18T02:36:19.1739059Z [01mwriting output... [39;49;00m[ 50%] [32mcontent/05/01a_MLgonewrong[39;49;00m                            
2021-05-18T02:36:19.2617716Z [01mwriting output... [39;49;00m[ 50%] [32mcontent/05/01b_model_process[39;49;00m                          
2021-05-18T02:36:19.3483143Z [01mwriting output... [39;49;00m[ 51%] [32mcontent/05/01c_teams[39;49;00m                                  
2021-05-18T02:36:19.4265288Z [01mwriting output... [39;49;00m[ 52%] [32mcontent/05/01d_sharingBigFiles[39;49;00m                        
2021-05-18T02:36:19.6090186Z [01mwriting output... [39;49;00m[ 53%] [32mcontent/05/02_reg[39;49;00m                                     
2021-05-18T02:36:19.7572082Z [01mwriting output... [39;49;00m[ 53%] [32mcontent/05/02a_basics[39;49;00m                                 
2021-05-18T02:36:19.9649320Z [01mwriting output... [39;49;00m[ 54%] [32mcontent/05/02b_mechanics[39;49;00m                              
2021-05-18T02:36:20.1370639Z [01mwriting output... [39;49;00m[ 55%] [32mcontent/05/02c_goodnessOfFit[39;49;00m                          
2021-05-18T02:36:20.3563305Z [01mwriting output... [39;49;00m[ 56%] [32mcontent/05/02d_interpretingCoefs[39;49;00m                      
2021-05-18T02:36:20.5964323Z [01mwriting output... [39;49;00m[ 57%] [32mcontent/05/02e_statisticalSig[39;49;00m                         
2021-05-18T02:36:20.6711092Z [01mwriting output... [39;49;00m[ 57%] [32mcontent/05/02g_summary[39;49;00m                                
2021-05-18T02:36:20.7474406Z [01mwriting output... [39;49;00m[ 58%] [32mcontent/05/03_ML[39;49;00m                                      
2021-05-18T02:36:20.8356908Z [01mwriting output... [39;49;00m[ 59%] [32mcontent/05/03a_ML_obj_and_tradeoff[39;49;00m                    
2021-05-18T02:36:20.9104472Z [01mwriting output... [39;49;00m[ 60%] [32mcontent/05/03c1_OOS[39;49;00m                                   
2021-05-18T02:36:20.9892207Z [01mwriting output... [39;49;00m[ 60%] [32mcontent/05/03c_ModelEval[39;49;00m                              
2021-05-18T02:36:21.1613460Z [01mwriting output... [39;49;00m[ 61%] [32mcontent/05/03d_whatToMax[39;49;00m                              
2021-05-18T02:36:21.2391993Z [01mwriting output... [39;49;00m[ 62%] [32mcontent/05/03e_whichModel[39;49;00m                             
2021-05-18T02:36:21.3996549Z [01mwriting output... [39;49;00m[ 63%] [32mcontent/05/03f_leakage[39;49;00m                                
2021-05-18T02:36:21.4757389Z [01mwriting output... [39;49;00m[ 64%] [32mcontent/05/04a_SKLearn[39;49;00m                                
2021-05-18T02:36:21.5666362Z [01mwriting output... [39;49;00m[ 64%] [32mcontent/05/04b_best_practices[39;49;00m                         
2021-05-18T02:36:21.7204650Z [01mwriting output... [39;49;00m[ 65%] [32mcontent/05/04c_onemodel[39;49;00m                               
2021-05-18T02:36:21.8771791Z [01mwriting output... [39;49;00m[ 66%] [32mcontent/05/04d_crossval[39;49;00m                               
2021-05-18T02:36:22.1124160Z [01mwriting output... [39;49;00m[ 67%] [32mcontent/05/04e1_preprocessing[39;49;00m                         
2021-05-18T02:36:22.3092508Z [01mwriting output... [39;49;00m[ 67%] [32mcontent/05/04e_pipelines[39;49;00m                              
2021-05-18T02:36:22.5067699Z [01mwriting output... [39;49;00m[ 68%] [32mcontent/05/04f_optimizing_a_model[39;49;00m                     
2021-05-18T02:36:22.5828103Z [01mwriting output... [39;49;00m[ 69%] [32mcontent/05/04h_putting_together[39;49;00m                       
2021-05-18T02:36:22.6548725Z [01mwriting output... [39;49;00m[ 70%] [32mcontent/05/05_saving[39;49;00m                                  
2021-05-18T02:36:22.7260509Z [01mwriting output... [39;49;00m[ 71%] [32mcontent/05/05_thefuture[39;49;00m                               
2021-05-18T02:36:22.7927432Z [01mwriting output... [39;49;00m[ 71%] [32mcontent/05/regression_techniques/README[39;49;00m               
2021-05-18T02:36:22.9617073Z [01mwriting output... [39;49;00m[ 72%] [32mcontent/about/about_us[39;49;00m                                
2021-05-18T02:36:23.0362958Z [01mwriting output... [39;49;00m[ 73%] [32mcontent/about/acknowledgments[39;49;00m                         
2021-05-18T02:36:23.1098260Z [01mwriting output... [39;49;00m[ 74%] [32mcontent/about/gradeoverview[39;49;00m                           
2021-05-18T02:36:23.1874433Z [01mwriting output... [39;49;00m[ 75%] [32mcontent/about/objectives[39;49;00m                              
2021-05-18T02:36:23.2669120Z [01mwriting output... [39;49;00m[ 75%] [32mcontent/about/outcomes[39;49;00m                                
2021-05-18T02:36:23.3694512Z [01mwriting output... [39;49;00m[ 76%] [32mcontent/about/resources[39;49;00m                               
2021-05-18T02:36:23.5398494Z [01mwriting output... [39;49;00m[ 77%] [32mcontent/about/schedule[39;49;00m                                
2021-05-18T02:36:23.6358967Z [01mwriting output... [39;49;00m[ 78%] [32mcontent/about/structure_and_policies[39;49;00m                  
2021-05-18T02:36:23.7115774Z [01mwriting output... [39;49;00m[ 78%] [32mcontent/about/tips[39;49;00m                                    
2021-05-18T02:36:23.7814503Z [01mwriting output... [39;49;00m[ 79%] [32mcontent/assignments/asgn05_measurerisk[39;49;00m                
2021-05-18T02:36:23.8811107Z [01mwriting output... [39;49;00m[ 80%] [32mcontent/assignments/asgn_5[39;49;00m                            
2021-05-18T02:36:23.9683969Z [01mwriting output... [39;49;00m[ 81%] [32mcontent/assignments/howto_do[39;49;00m                          
2021-05-18T02:36:24.0359039Z [01mwriting output... [39;49;00m[ 82%] [32mcontent/assignments/howto_review[39;49;00m                      
2021-05-18T02:36:24.2134007Z [01mwriting output... [39;49;00m[ 82%] [32mcontent/assignments/project[39;49;00m                           
2021-05-18T02:36:24.2803192Z [01mwriting output... [39;49;00m[ 83%] [32mcontent/assignments/project_prop_template[39;49;00m             
2021-05-18T02:36:24.4313250Z [01mwriting output... [39;49;00m[ 84%] [32mcontent/estimate_factor_loadings[39;49;00m                      
2021-05-18T02:36:24.4984047Z [01mwriting output... [39;49;00m[ 85%] [32mcontent/frontpage[39;49;00m                                     
2021-05-18T02:36:24.5929404Z [01mwriting output... [39;49;00m[ 85%] [32mlectures/L01_intro_github[39;49;00m                             
2021-05-18T02:36:24.6921967Z [01mwriting output... [39;49;00m[ 86%] [32mlectures/L02_jupyterlab[39;49;00m                               
2021-05-18T02:36:24.9380764Z [01mwriting output... [39;49;00m[ 87%] [32mlectures/L03_python[39;49;00m                                   
2021-05-18T02:36:25.1055356Z [01mwriting output... [39;49;00m[ 88%] [32mlectures/L05_numpypandas[39;49;00m                              
2021-05-18T02:36:25.1870799Z [01mwriting output... [39;49;00m[ 89%] [32mlectures/L06_pandas[39;49;00m                                   
2021-05-18T02:36:25.2798089Z [01mwriting output... [39;49;00m[ 89%] [32mlectures/L07_dataviz[39;49;00m                                  
2021-05-18T02:36:25.3784351Z [01mwriting output... [39;49;00m[ 90%] [32mlectures/L09_merging[39;49;00m                                  
2021-05-18T02:36:25.4539671Z [01mwriting output... [39;49;00m[ 91%] [32mlectures/L11_scrapingWeek-Copy1[39;49;00m                       
2021-05-18T02:36:25.5475993Z [01mwriting output... [39;49;00m[ 92%] [32mlectures/L13_regexWeek[39;49;00m                                
2021-05-18T02:36:25.7220041Z [01mwriting output... [39;49;00m[ 92%] [32mlectures/L15_modeling_intro[39;49;00m                           
2021-05-18T02:36:25.8915690Z [01mwriting output... [39;49;00m[ 93%] [32mlectures/L16_POSTCLASS_first_regs[39;49;00m                     
2021-05-18T02:36:26.0447161Z [01mwriting output... [39;49;00m[ 94%] [32mlectures/L17_interpretation[39;49;00m                           
2021-05-18T02:36:26.1187829Z [01mwriting output... [39;49;00m[ 95%] [32mlectures/L18[39;49;00m                                          
2021-05-18T02:36:26.2921945Z [01mwriting output... [39;49;00m[ 96%] [32mlectures/L21 pipelines and optimizing model[39;49;00m           
2021-05-18T02:36:26.4266068Z [01mwriting output... [39;49;00m[ 96%] [32mlectures/L22 preprocessing[39;49;00m                            
2021-05-18T02:36:26.6225667Z [01mwriting output... [39;49;00m[ 97%] [32mlectures/L23 trees and ensemble models[39;49;00m                
2021-05-18T02:36:26.9079976Z [01mwriting output... [39;49;00m[ 98%] [32mlectures/L24[39;49;00m                                          
2021-05-18T02:36:26.9662577Z [01mwriting output... [39;49;00m[ 99%] [32mlectures/README[39;49;00m                                       
2021-05-18T02:36:27.0459182Z [91m/home/runner/work/ledatascifi-2021/ledatascifi-2021/Untitled.ipynb:: WARNING: Could not lex literal_block as "ipython3". Highlighting skipped.[39;49;00m
2021-05-18T02:36:27.0460452Z [01mwriting output... [39;49;00m[100%] [32mlectures/stock_prices[39;49;00m                                 
2021-05-18T02:36:27.0462342Z [91m/home/runner/work/ledatascifi-2021/ledatascifi-2021/content/01/00_Getting_Started.ipynb:10004: WARNING: 'myst' reference target not found: img/liam.jpg[39;49;00m
2021-05-18T02:36:27.0464341Z [91m/home/runner/work/ledatascifi-2021/ledatascifi-2021/content/01/03_github.ipynb:70004: WARNING: 'myst' reference target not found: stat545.stat.ubc.ca/[39;49;00m
2021-05-18T02:36:27.0466297Z [91m/home/runner/work/ledatascifi-2021/ledatascifi-2021/content/01/03_github.ipynb:70005: WARNING: 'myst' reference target not found: QuantEcon.org[39;49;00m
2021-05-18T02:36:27.0468389Z [91m/home/runner/work/ledatascifi-2021/ledatascifi-2021/content/01/06_python.ipynb:170012: WARNING: 'myst' reference target not found: ../../lectures/stock_prices.html[39;49;00m
2021-05-18T02:36:27.0470676Z [91m/home/runner/work/ledatascifi-2021/ledatascifi-2021/content/02/10_Golden_5.ipynb:10020: WARNING: 'myst' reference target not found: python-files/02a-a-simple-program.html[39;49;00m
2021-05-18T02:36:27.0472906Z [91m/home/runner/work/ledatascifi-2021/ledatascifi-2021/content/03/00_Data_Wrangling_Intro.ipynb:20002: WARNING: 'myst' reference target not found: ../01/04_Golden_Rules.html[39;49;00m
2021-05-18T02:36:27.0475032Z [91m/home/runner/work/ledatascifi-2021/ledatascifi-2021/content/03/02b_pandasVocab.ipynb:20053: WARNING: 'myst' reference target not found: ../about/resoruces[39;49;00m
2021-05-18T02:36:27.0477918Z [91m/home/runner/work/ledatascifi-2021/ledatascifi-2021/content/03/05a-otherskills.ipynb:20003: WARNING: 'myst' reference target not found: ../../about/objectives[39;49;00m
2021-05-18T02:36:27.0480386Z [91m/home/runner/work/ledatascifi-2021/ledatascifi-2021/content/04/00_World_Wide_Data.ipynb:20008: WARNING: 'myst' reference target not found: ../02/04_Making_Good_Viz_Happen.html[39;49;00m
2021-05-18T02:36:27.0486306Z [91m/home/runner/work/ledatascifi-2021/ledatascifi-2021/content/04/01a_openingAndParsing.ipynb:30011: WARNING: 'myst' reference target not found: view-source:https://en.m.wikipedia.org/wiki/List_of_S&P_500_companies[39;49;00m
2021-05-18T02:36:27.0488312Z [91m/home/runner/work/ledatascifi-2021/ledatascifi-2021/content/04/01b_spiders.ipynb:90018: WARNING: Could not lex literal_block as "PYTHON". Highlighting skipped.[39;49;00m
2021-05-18T02:36:27.0490146Z [91m/home/runner/work/ledatascifi-2021/ledatascifi-2021/content/05/03f_leakage.ipynb:20002: WARNING: 'myst' reference target not found: Data-Leakage[39;49;00m
2021-05-18T02:36:27.0491748Z [91m/home/runner/work/ledatascifi-2021/ledatascifi-2021/content/05/regression_techniques/README.md:3: WARNING: 'myst' reference target not found: RCT.pdf[39;49;00m
2021-05-18T02:36:27.0493344Z [91m/home/runner/work/ledatascifi-2021/ledatascifi-2021/content/05/regression_techniques/README.md:4: WARNING: 'myst' reference target not found: RDD.pdf[39;49;00m
2021-05-18T02:36:27.0494997Z [91m/home/runner/work/ledatascifi-2021/ledatascifi-2021/content/05/regression_techniques/README.md:5: WARNING: 'myst' reference target not found: DiffNDiff.pdf[39;49;00m
2021-05-18T02:36:27.0496597Z [91m/home/runner/work/ledatascifi-2021/ledatascifi-2021/content/about/outcomes.md:5: WARNING: 'myst' reference target not found: Objectives[39;49;00m
2021-05-18T02:36:27.0498110Z [91m/home/runner/work/ledatascifi-2021/ledatascifi-2021/content/about/resources.md:124: WARNING: 'myst' reference target not found: kaggle.com[39;49;00m
2021-05-18T02:36:27.0499638Z [91m/home/runner/work/ledatascifi-2021/ledatascifi-2021/content/about/resources.md:133: WARNING: 'myst' reference target not found: data.gov[39;49;00m
2021-05-18T02:36:27.0501198Z [91m/home/runner/work/ledatascifi-2021/ledatascifi-2021/content/about/resources.md:133: WARNING: 'myst' reference target not found: data.census.gov[39;49;00m
2021-05-18T02:36:27.0502748Z [91m/home/runner/work/ledatascifi-2021/ledatascifi-2021/content/about/resources.md:133: WARNING: 'myst' reference target not found: data.world[39;49;00m
2021-05-18T02:36:27.0504404Z [91m/home/runner/work/ledatascifi-2021/ledatascifi-2021/content/about/structure_and_policies.md:76: WARNING: 'myst' reference target not found: www.lehigh.edu/diversity[39;49;00m
2021-05-18T02:36:27.0506025Z [91m/home/runner/work/ledatascifi-2021/ledatascifi-2021/content/about/structure_and_policies.md:82: WARNING: 'myst' reference target not found: [39;49;00m
2021-05-18T02:36:27.0507632Z [91m/home/runner/work/ledatascifi-2021/ledatascifi-2021/content/assignments/howto_review.md:4: WARNING: 'myst' reference target not found: www.github.com[39;49;00m
2021-05-18T02:36:27.0509559Z [91m/home/runner/work/ledatascifi-2021/ledatascifi-2021/content/assignments/project_prop_template.md:6: WARNING: 'myst' reference target not found: ourworldindata.com[39;49;00m
2021-05-18T02:36:27.0511393Z [91m/home/runner/work/ledatascifi-2021/ledatascifi-2021/lectures/L05_numpypandas.ipynb:20006: WARNING: 'myst' reference target not found: github.com[39;49;00m
2021-05-18T02:36:27.0513126Z [91m/home/runner/work/ledatascifi-2021/ledatascifi-2021/lectures/L05_numpypandas.ipynb:90004: WARNING: 'myst' reference target not found: numpy.org/doc[39;49;00m
2021-05-18T02:36:27.0514881Z [91m/home/runner/work/ledatascifi-2021/ledatascifi-2021/lectures/L05_numpypandas.ipynb:170011: WARNING: Pygments lexer name '(' is not known[39;49;00m
2021-05-18T02:36:27.0516625Z [91m/home/runner/work/ledatascifi-2021/ledatascifi-2021/lectures/L06_pandas.ipynb:30005: WARNING: 'myst' reference target not found: github.com[39;49;00m
2021-05-18T02:36:27.0518360Z [91m/home/runner/work/ledatascifi-2021/ledatascifi-2021/lectures/L09_merging.ipynb:60002: WARNING: 'myst' reference target not found: ../../about/objectives[39;49;00m
2021-05-18T02:36:27.0520022Z [91m/home/runner/work/ledatascifi-2021/ledatascifi-2021/lectures/L13_regexWeek.ipynb:30004: WARNING: Could not lex literal_block as "python". Highlighting skipped.[39;49;00m
2021-05-18T02:36:27.0521747Z [91m/home/runner/work/ledatascifi-2021/ledatascifi-2021/lectures/L16_POSTCLASS_first_regs.ipynb:70007: WARNING: Could not lex literal_block as "python". Highlighting skipped.[39;49;00m
2021-05-18T02:36:27.0523881Z [91m/home/runner/work/ledatascifi-2021/ledatascifi-2021/lectures/L18.ipynb:: WARNING: Could not lex literal_block as "ipython3". Highlighting skipped.[39;49;00m
2021-05-18T02:36:27.1159301Z [01mgenerating indices... [39;49;00mgenindex done
2021-05-18T02:36:27.1739590Z [01mwriting additional pages... [39;49;00msearch done
2021-05-18T02:36:27.1743953Z [01mcopying images... [39;49;00m[  1%] [33mcontent/01/img/indeed.png[39;49;00m                             
2021-05-18T02:36:27.1745530Z [01mcopying images... [39;49;00m[  2%] [33mcontent/01/img/jobs-by-lang.png[39;49;00m                       
2021-05-18T02:36:27.1747969Z [01mcopying images... [39;49;00m[  3%] [33mcontent/01/img/stackoverflowstrends.svg[39;49;00m               
2021-05-18T02:36:27.1751197Z [01mcopying images... [39;49;00m[  4%] [33mcontent/01/img/lehigh.jpg[39;49;00m                             
2021-05-18T02:36:27.1764091Z [01mcopying images... [39;49;00m[  6%] [33mcontent/01/img/sarahchange.png[39;49;00m                        
2021-05-18T02:36:27.1766458Z [01mcopying images... [39;49;00m[  7%] [33mcontent/01/img/oldarnold.jpg[39;49;00m                          
2021-05-18T02:36:27.1767975Z [01mcopying images... [39;49;00m[  8%] [33mcontent/01/img/bug.jpg[39;49;00m                                
2021-05-18T02:36:27.1771797Z [01mcopying images... [39;49;00m[  9%] [33mcontent/02/img/bad-directory.png[39;49;00m                      
2021-05-18T02:36:27.1773484Z [01mcopying images... [39;49;00m[ 11%] [33mcontent/02/img/dir-top.png[39;49;00m                            
2021-05-18T02:36:27.1780785Z [01mcopying images... [39;49;00m[ 12%] [33mcontent/02/img/dir-build.png[39;49;00m                          
2021-05-18T02:36:27.1783635Z [01mcopying images... [39;49;00m[ 13%] [33m_build/jupyter_execute/content/03/02f_chains_9_0.png[39;49;00m  
2021-05-18T02:36:27.1786818Z [01mcopying images... [39;49;00m[ 14%] [33m_build/jupyter_execute/content/03/02f_chains_11_0.png[39;49;00m 
2021-05-18T02:36:27.1789223Z [01mcopying images... [39;49;00m[ 16%] [33m_build/jupyter_execute/content/03/02f_chains_13_0.png[39;49;00m 
2021-05-18T02:36:27.1791618Z [01mcopying images... [39;49;00m[ 17%] [33m_build/jupyter_execute/content/03/04b-whyplot_6_0.png[39;49;00m 
2021-05-18T02:36:27.1802891Z [01mcopying images... [39;49;00m[ 18%] [33m_build/jupyter_execute/content/03/04b-whyplot_8_0.png[39;49;00m 
2021-05-18T02:36:27.1804286Z [01mcopying images... [39;49;00m[ 19%] [33m_build/jupyter_execute/content/03/04b-whyplot_11_0.png[39;49;00m
2021-05-18T02:36:27.1805277Z [01mcopying images... [39;49;00m[ 20%] [33m_build/jupyter_execute/content/03/04b-whyplot_13_0.png[39;49;00m
2021-05-18T02:36:27.1807427Z [01mcopying images... [39;49;00m[ 22%] [33m_build/jupyter_execute/content/03/04d-whichplot_7_0.png[39;49;00m
2021-05-18T02:36:27.1810096Z [01mcopying images... [39;49;00m[ 23%] [33m_build/jupyter_execute/content/03/04d-whichplot_7_1.png[39;49;00m
2021-05-18T02:36:27.1812340Z [01mcopying images... [39;49;00m[ 24%] [33m_build/jupyter_execute/content/03/04d-whichplot_9_0.png[39;49;00m
2021-05-18T02:36:27.1814935Z [01mcopying images... [39;49;00m[ 25%] [33m_build/jupyter_execute/content/03/04d-whichplot_11_0.png[39;49;00m
2021-05-18T02:36:27.1817329Z [01mcopying images... [39;49;00m[ 27%] [33m_build/jupyter_execute/content/03/04d-whichplot_11_1.png[39;49;00m
2021-05-18T02:36:27.1819319Z [01mcopying images... [39;49;00m[ 28%] [33m_build/jupyter_execute/content/03/04d-whichplot_11_2.png[39;49;00m
2021-05-18T02:36:27.1821419Z [01mcopying images... [39;49;00m[ 29%] [33m_build/jupyter_execute/content/03/04e-visualEDA_5_0.png[39;49;00m
2021-05-18T02:36:27.1823344Z [01mcopying images... [39;49;00m[ 30%] [33m_build/jupyter_execute/content/03/04e-visualEDA_7_0.png[39;49;00m
2021-05-18T02:36:27.1825580Z [01mcopying images... [39;49;00m[ 32%] [33m_build/jupyter_execute/content/03/04e-visualEDA_7_1.png[39;49;00m
2021-05-18T02:36:27.1827651Z [01mcopying images... [39;49;00m[ 33%] [33m_build/jupyter_execute/content/03/04e-visualEDA_7_2.png[39;49;00m
2021-05-18T02:36:27.1829947Z [01mcopying images... [39;49;00m[ 34%] [33m_build/jupyter_execute/content/03/04e-visualEDA_8_0.png[39;49;00m
2021-05-18T02:36:27.1834100Z [01mcopying images... [39;49;00m[ 35%] [33m_build/jupyter_execute/content/03/04e-visualEDA_8_1.png[39;49;00m
2021-05-18T02:36:27.1835362Z [01mcopying images... [39;49;00m[ 37%] [33m_build/jupyter_execute/content/03/04e-visualEDA_9_0.png[39;49;00m
2021-05-18T02:36:27.1836374Z [01mcopying images... [39;49;00m[ 38%] [33m_build/jupyter_execute/content/03/04e-visualEDA_11_0.png[39;49;00m
2021-05-18T02:36:27.1838480Z [01mcopying images... [39;49;00m[ 39%] [33m_build/jupyter_execute/content/03/04e-visualEDA_11_1.png[39;49;00m
2021-05-18T02:36:27.1843948Z [01mcopying images... [39;49;00m[ 40%] [33m_build/jupyter_execute/content/03/04e-visualEDA_14_0.png[39;49;00m
2021-05-18T02:36:27.1845982Z [01mcopying images... [39;49;00m[ 41%] [33m_build/jupyter_execute/content/03/04e-visualEDA_14_1.png[39;49;00m
2021-05-18T02:36:27.1847102Z [01mcopying images... [39;49;00m[ 43%] [33m_build/jupyter_execute/content/03/04e-visualEDA_18_0.png[39;49;00m
2021-05-18T02:36:27.1849221Z [01mcopying images... [39;49;00m[ 44%] [33m_build/jupyter_execute/content/03/04e-visualEDA_20_0.png[39;49;00m
2021-05-18T02:36:27.1853247Z [01mcopying images... [39;49;00m[ 45%] [33m_build/jupyter_execute/content/03/04e-visualEDA_23_0.png[39;49;00m
2021-05-18T02:36:27.1855403Z [01mcopying images... [39;49;00m[ 46%] [33m_build/jupyter_execute/content/03/04e-visualEDA_23_1.png[39;49;00m
2021-05-18T02:36:27.1857329Z [01mcopying images... [39;49;00m[ 48%] [33m_build/jupyter_execute/content/03/04e-visualEDA_25_0.png[39;49;00m
2021-05-18T02:36:27.1859418Z [01mcopying images... [39;49;00m[ 49%] [33m_build/jupyter_execute/content/03/04e-visualEDA_25_1.png[39;49;00m
2021-05-18T02:36:27.1861651Z [01mcopying images... [39;49;00m[ 50%] [33m_build/jupyter_execute/content/03/04f-betterplots_4_1.png[39;49;00m
2021-05-18T02:36:27.1863029Z [01mcopying images... [39;49;00m[ 51%] [33m_build/jupyter_execute/content/03/04f-betterplots_8_0.png[39;49;00m
2021-05-18T02:36:27.1865380Z [01mcopying images... [39;49;00m[ 53%] [33m_build/jupyter_execute/content/03/04f-betterplots_10_1.png[39;49;00m
2021-05-18T02:36:27.1867838Z [01mcopying images... [39;49;00m[ 54%] [33m_build/jupyter_execute/content/03/04f-betterplots_12_0.png[39;49;00m
2021-05-18T02:36:27.1868862Z [01mcopying images... [39;49;00m[ 55%] [33mcontent/03/img/merges.png[39;49;00m                             
2021-05-18T02:36:27.1870938Z [01mcopying images... [39;49;00m[ 56%] [33mcontent/05/img/data_fallacies_to_avoid.jpg[39;49;00m            
2021-05-18T02:36:27.1872870Z [01mcopying images... [39;49;00m[ 58%] [33m_build/jupyter_execute/content/05/02a_basics_2_0.png[39;49;00m  
2021-05-18T02:36:27.1874973Z [01mcopying images... [39;49;00m[ 59%] [33m_build/jupyter_execute/content/05/02a_basics_4_0.png[39;49;00m  
2021-05-18T02:36:27.1877060Z [01mcopying images... [39;49;00m[ 60%] [33m_build/jupyter_execute/content/05/02b_mechanics_13_0.png[39;49;00m
2021-05-18T02:36:27.1879140Z [01mcopying images... [39;49;00m[ 61%] [33m_build/jupyter_execute/content/05/02b_mechanics_22_0.png[39;49;00m
2021-05-18T02:36:27.1883684Z [01mcopying images... [39;49;00m[ 62%] [33m_build/jupyter_execute/content/05/02c_goodnessOfFit_2_0.png[39;49;00m
2021-05-18T02:36:27.1885822Z [01mcopying images... [39;49;00m[ 64%] [33m_build/jupyter_execute/content/05/02c_goodnessOfFit_4_0.png[39;49;00m
2021-05-18T02:36:27.1886960Z [01mcopying images... [39;49;00m[ 65%] [33mcontent/05/img/flowchart.png[39;49;00m                          
2021-05-18T02:36:27.1889808Z [01mcopying images... [39;49;00m[ 66%] [33mcontent/05/img/bias_modeling_bias_var_plot.png[39;49;00m        
2021-05-18T02:36:27.1892187Z [01mcopying images... [39;49;00m[ 67%] [33mcontent/05/img/validation-curve.png[39;49;00m                   
2021-05-18T02:36:27.1893804Z [01mcopying images... [39;49;00m[ 69%] [33mcontent/05/img/feature_5_fold_cv.jpg[39;49;00m                  
2021-05-18T02:36:27.1898555Z [01mcopying images... [39;49;00m[ 70%] [33mcontent/05/img/type1and2errors.jpg[39;49;00m                    
2021-05-18T02:36:27.1900712Z [01mcopying images... [39;49;00m[ 71%] [33mcontent/05/img/localmax.png[39;49;00m                           
2021-05-18T02:36:27.1902708Z [01mcopying images... [39;49;00m[ 72%] [33m_build/jupyter_execute/content/05/04f_optimizing_a_model_15_1.png[39;49;00m
2021-05-18T02:36:27.1905223Z [01mcopying images... [39;49;00m[ 74%] [33m_build/jupyter_execute/content/05/04f_optimizing_a_model_18_0.png[39;49;00m
2021-05-18T02:36:27.1920088Z [01mcopying images... [39;49;00m[ 75%] [33mcontent/about/img/don2.jpg[39;49;00m                            
2021-05-18T02:36:27.1922658Z [01mcopying images... [39;49;00m[ 76%] [33mcontent/about/img/jason.jpg[39;49;00m                           
2021-05-18T02:36:27.1924621Z [01mcopying images... [39;49;00m[ 77%] [33mcontent/about/img/william.jpg[39;49;00m                         
2021-05-18T02:36:27.1927137Z [01mcopying images... [39;49;00m[ 79%] [33mcontent/about/img/jack.jpg[39;49;00m                            
2021-05-18T02:36:27.1949852Z [01mcopying images... [39;49;00m[ 80%] [33mcontent/about/img/griffin.jpeg[39;49;00m                        
2021-05-18T02:36:27.1952023Z [01mcopying images... [39;49;00m[ 81%] [33mcontent/about/img/sophia.jpg[39;49;00m                          
2021-05-18T02:36:27.1954372Z [01mcopying images... [39;49;00m[ 82%] [33mcontent/about/img/kathryn.jpg[39;49;00m                         
2021-05-18T02:36:27.1956315Z [01mcopying images... [39;49;00m[ 83%] [33mcontent/about/img/appierto.jpg[39;49;00m                        
2021-05-18T02:36:27.1977792Z [01mcopying images... [39;49;00m[ 85%] [33mcontent/coverphoto/my_cover_skinny.png[39;49;00m                
2021-05-18T02:36:27.1979859Z [01mcopying images... [39;49;00m[ 86%] [33mlectures/img/weirdbaby.png[39;49;00m                            
2021-05-18T02:36:27.1982171Z [01mcopying images... [39;49;00m[ 87%] [33mlectures/img/badcode2.jpg[39;49;00m                             
2021-05-18T02:36:27.1985161Z [01mcopying images... [39;49;00m[ 88%] [33m_build/jupyter_execute/lectures/L16_POSTCLASS_first_regs_9_1.png[39;49;00m
2021-05-18T02:36:27.1988702Z [01mcopying images... [39;49;00m[ 90%] [33m_build/jupyter_execute/lectures/L16_POSTCLASS_first_regs_11_1.png[39;49;00m
2021-05-18T02:36:27.1990934Z [01mcopying images... [39;49;00m[ 91%] [33m_build/jupyter_execute/lectures/L23 trees and ensemble models_13_0.png[39;49;00m
2021-05-18T02:36:27.1993180Z [01mcopying images... [39;49;00m[ 92%] [33m_build/jupyter_execute/lectures/L23 trees and ensemble models_14_0.png[39;49;00m
2021-05-18T02:36:27.1997491Z [01mcopying images... [39;49;00m[ 93%] [33m_build/jupyter_execute/lectures/L23 trees and ensemble models_15_0.png[39;49;00m
2021-05-18T02:36:27.1998953Z [01mcopying images... [39;49;00m[ 95%] [33m_build/jupyter_execute/lectures/L23 trees and ensemble models_22_0.png[39;49;00m
2021-05-18T02:36:27.2002904Z [01mcopying images... [39;49;00m[ 96%] [33m_build/jupyter_execute/lectures/L24_17_1.png[39;49;00m          
2021-05-18T02:36:27.2005195Z [01mcopying images... [39;49;00m[ 97%] [33m_build/jupyter_execute/lectures/L24_19_1.png[39;49;00m          
2021-05-18T02:36:27.2007309Z [01mcopying images... [39;49;00m[ 98%] [33m_build/jupyter_execute/lectures/L24_21_0.png[39;49;00m          
2021-05-18T02:36:27.2009552Z [01mcopying images... [39;49;00m[100%] [33m_build/jupyter_execute/lectures/L24_23_0.png[39;49;00m          
2021-05-18T02:36:27.2312212Z [01mcopying static files... [39;49;00mdone
2021-05-18T02:36:27.2313126Z [01mcopying extra files... [39;49;00mdone
2021-05-18T02:36:27.2869664Z [01mdumping search index in English (code: en)... [39;49;00mdone
2021-05-18T02:36:27.2900232Z [01mdumping object inventory... [39;49;00mdone
2021-05-18T02:36:27.2900947Z [01mbuild succeeded, 154 warnings.[39;49;00m
2021-05-18T02:36:27.2901266Z 
2021-05-18T02:36:27.2901680Z The HTML pages are in _build/html.
2021-05-18T02:36:27.3252726Z 
2021-05-18T02:36:27.3253856Z [92m===============================================================================[0m
2021-05-18T02:36:27.3254150Z 
2021-05-18T02:36:27.3254570Z Finished generating HTML for book.
2021-05-18T02:36:27.3255250Z Your book's HTML pages are here:
2021-05-18T02:36:27.3255803Z     _build/html/
2021-05-18T02:36:27.3256314Z You can look at your book by opening this file in a browser:
2021-05-18T02:36:27.3256843Z     _build/html/index.html
2021-05-18T02:36:27.3257375Z Or paste this line directly into your browser bar:
2021-05-18T02:36:27.3258402Z     file:///home/runner/work/ledatascifi-2021/ledatascifi-2021/_build/html/index.html            
2021-05-18T02:36:27.3258960Z 
2021-05-18T02:36:27.3259506Z [92m===============================================================================[0m
2021-05-18T02:36:27.3259786Z 
2021-05-18T02:36:27.6122427Z ##[group]Run peaceiris/actions-gh-pages@v3.6.1
2021-05-18T02:36:27.6122990Z with:
2021-05-18T02:36:27.6124394Z   github_token: ***
2021-05-18T02:36:27.6124856Z   publish_dir: _build/html
2021-05-18T02:36:27.6125415Z   publish_branch: gh-pages
2021-05-18T02:36:27.6125896Z   allow_empty_commit: false
2021-05-18T02:36:27.6126451Z   keep_files: false
2021-05-18T02:36:27.6126856Z   force_orphan: false
2021-05-18T02:36:27.6127287Z   enable_jekyll: false
2021-05-18T02:36:27.6127736Z   disable_nojekyll: false
2021-05-18T02:36:27.6128129Z env:
2021-05-18T02:36:27.6128685Z   pythonLocation: /opt/hostedtoolcache/Python/3.8.10/x64
2021-05-18T02:36:27.6129249Z ##[endgroup]
2021-05-18T02:36:27.7223417Z ##[group]Dump inputs
2021-05-18T02:36:27.7223969Z [INFO] GithubToken: true
2021-05-18T02:36:27.7225149Z [INFO] PublishBranch: gh-pages
2021-05-18T02:36:27.7225680Z [INFO] PublishDir: _build/html
2021-05-18T02:36:27.7226195Z [INFO] ExternalRepository: 
2021-05-18T02:36:27.7226847Z [INFO] AllowEmptyCommit: false
2021-05-18T02:36:27.7227340Z [INFO] KeepFiles: false
2021-05-18T02:36:27.7227807Z [INFO] ForceOrphan: false
2021-05-18T02:36:27.7228230Z [INFO] UserName: 
2021-05-18T02:36:27.7228646Z [INFO] UserEmail: 
2021-05-18T02:36:27.7229066Z [INFO] CommitMessage: 
2021-05-18T02:36:27.7229664Z [INFO] FullCommitMessage: 
2021-05-18T02:36:27.7230084Z [INFO] TagName: 
2021-05-18T02:36:27.7230462Z [INFO] TagMessage: 
2021-05-18T02:36:27.7230961Z [INFO] EnableJekyll (DisableNoJekyll): false
2021-05-18T02:36:27.7231447Z [INFO] CNAME: 
2021-05-18T02:36:27.7231677Z 
2021-05-18T02:36:27.7232098Z ##[endgroup]
2021-05-18T02:36:27.7232570Z ##[group]Setup auth token
2021-05-18T02:36:27.7232979Z [INFO] setup GITHUB_TOKEN
2021-05-18T02:36:27.7234095Z ##[endgroup]
2021-05-18T02:36:27.7236842Z ##[group]Prepare publishing assets
2021-05-18T02:36:27.7237450Z [INFO] ForceOrphan: false
2021-05-18T02:36:27.7295474Z [command]/usr/bin/git clone --depth=1 --single-branch --branch gh-pages ***github.com/LeDataSciFi/ledatascifi-2021.git /home/runner/actions_github_pages_1621305387720
2021-05-18T02:36:27.7350106Z Cloning into '/home/runner/actions_github_pages_1621305387720'...
2021-05-18T02:36:30.2687754Z [command]/usr/bin/git rm -r --ignore-unmatch *
2021-05-18T02:36:30.6572691Z rm '.buildinfo'
2021-05-18T02:36:30.6573396Z rm '.nojekyll'
2021-05-18T02:36:30.6573906Z rm 'README.html'
2021-05-18T02:36:30.6574418Z rm 'Untitled.html'
2021-05-18T02:36:30.6574984Z rm '_images/02a_basics_2_0.png'
2021-05-18T02:36:30.6575526Z rm '_images/02a_basics_4_0.png'
2021-05-18T02:36:30.6576104Z rm '_images/02b_mechanics_13_0.png'
2021-05-18T02:36:30.6576684Z rm '_images/02b_mechanics_22_0.png'
2021-05-18T02:36:30.6577323Z rm '_images/02c_goodnessOfFit_2_0.png'
2021-05-18T02:36:30.6577971Z rm '_images/02c_goodnessOfFit_4_0.png'
2021-05-18T02:36:30.6578553Z rm '_images/02f_chains_11_0.png'
2021-05-18T02:36:30.6579109Z rm '_images/02f_chains_13_0.png'
2021-05-18T02:36:30.6579915Z rm '_images/02f_chains_9_0.png'
2021-05-18T02:36:30.6580564Z rm '_images/04b-whyplot_11_0.png'
2021-05-18T02:36:30.6581194Z rm '_images/04b-whyplot_13_0.png'
2021-05-18T02:36:30.6581830Z rm '_images/04b-whyplot_6_0.png'
2021-05-18T02:36:30.6582448Z rm '_images/04b-whyplot_8_0.png'
2021-05-18T02:36:30.6583642Z rm '_images/04d-whichplot_11_0.png'
2021-05-18T02:36:30.6584232Z rm '_images/04d-whichplot_11_1.png'
2021-05-18T02:36:30.6584833Z rm '_images/04d-whichplot_11_2.png'
2021-05-18T02:36:30.6585747Z rm '_images/04d-whichplot_7_0.png'
2021-05-18T02:36:30.6586551Z rm '_images/04d-whichplot_7_1.png'
2021-05-18T02:36:30.6587245Z rm '_images/04d-whichplot_9_0.png'
2021-05-18T02:36:30.6587917Z rm '_images/04e-visualEDA_11_0.png'
2021-05-18T02:36:30.6588617Z rm '_images/04e-visualEDA_11_1.png'
2021-05-18T02:36:30.6589289Z rm '_images/04e-visualEDA_14_0.png'
2021-05-18T02:36:30.6590145Z rm '_images/04e-visualEDA_14_1.png'
2021-05-18T02:36:30.6590728Z rm '_images/04e-visualEDA_18_0.png'
2021-05-18T02:36:30.6591329Z rm '_images/04e-visualEDA_20_0.png'
2021-05-18T02:36:30.6592100Z rm '_images/04e-visualEDA_23_0.png'
2021-05-18T02:36:30.6592773Z rm '_images/04e-visualEDA_23_1.png'
2021-05-18T02:36:30.6593649Z rm '_images/04e-visualEDA_25_0.png'
2021-05-18T02:36:30.6594293Z rm '_images/04e-visualEDA_25_1.png'
2021-05-18T02:36:30.6594969Z rm '_images/04e-visualEDA_5_0.png'
2021-05-18T02:36:30.6595613Z rm '_images/04e-visualEDA_7_0.png'
2021-05-18T02:36:30.6596385Z rm '_images/04e-visualEDA_7_1.png'
2021-05-18T02:36:30.6597080Z rm '_images/04e-visualEDA_7_2.png'
2021-05-18T02:36:30.6597678Z rm '_images/04e-visualEDA_8_0.png'
2021-05-18T02:36:30.6598259Z rm '_images/04e-visualEDA_8_1.png'
2021-05-18T02:36:30.6598857Z rm '_images/04e-visualEDA_9_0.png'
2021-05-18T02:36:30.6599466Z rm '_images/04f-betterplots_10_1.png'
2021-05-18T02:36:30.6600102Z rm '_images/04f-betterplots_12_0.png'
2021-05-18T02:36:30.6600735Z rm '_images/04f-betterplots_4_1.png'
2021-05-18T02:36:30.6601350Z rm '_images/04f-betterplots_8_0.png'
2021-05-18T02:36:30.6602810Z rm '_images/04f_optimizing_a_model_15_1.png'
2021-05-18T02:36:30.6603538Z rm '_images/04f_optimizing_a_model_18_0.png'
2021-05-18T02:36:30.6604219Z rm '_images/L16_POSTCLASS_first_regs_11_1.png'
2021-05-18T02:36:30.6604992Z rm '_images/L16_POSTCLASS_first_regs_9_1.png'
2021-05-18T02:36:30.6605739Z rm '_images/L23 trees and ensemble models_13_0.png'
2021-05-18T02:36:30.6606479Z rm '_images/L23 trees and ensemble models_14_0.png'
2021-05-18T02:36:30.6607231Z rm '_images/L23 trees and ensemble models_15_0.png'
2021-05-18T02:36:30.6607981Z rm '_images/L23 trees and ensemble models_22_0.png'
2021-05-18T02:36:30.6608667Z rm '_images/L24_17_1.png'
2021-05-18T02:36:30.6609173Z rm '_images/L24_19_1.png'
2021-05-18T02:36:30.6609658Z rm '_images/L24_21_0.png'
2021-05-18T02:36:30.6610167Z rm '_images/L24_23_0.png'
2021-05-18T02:36:30.6610690Z rm '_images/appierto.jpg'
2021-05-18T02:36:30.6611305Z rm '_images/bad-directory.png'
2021-05-18T02:36:30.6611899Z rm '_images/badcode2.jpg'
2021-05-18T02:36:30.6612530Z rm '_images/bias_modeling_bias_var_plot.png'
2021-05-18T02:36:30.6613106Z rm '_images/bug.jpg'
2021-05-18T02:36:30.6613695Z rm '_images/data_fallacies_to_avoid.jpg'
2021-05-18T02:36:30.6614292Z rm '_images/dir-build.png'
2021-05-18T02:36:30.6614858Z rm '_images/dir-top.png'
2021-05-18T02:36:30.6615381Z rm '_images/don2.jpg'
2021-05-18T02:36:30.6615943Z rm '_images/feature_5_fold_cv.jpg'
2021-05-18T02:36:30.6616529Z rm '_images/flowchart.png'
2021-05-18T02:36:30.6617093Z rm '_images/griffin.jpeg'
2021-05-18T02:36:30.6617654Z rm '_images/indeed.png'
2021-05-18T02:36:30.6618167Z rm '_images/jack.jpg'
2021-05-18T02:36:30.6618687Z rm '_images/jason.jpg'
2021-05-18T02:36:30.6619249Z rm '_images/jobs-by-lang.png'
2021-05-18T02:36:30.6619833Z rm '_images/kathryn.jpg'
2021-05-18T02:36:30.6620372Z rm '_images/lehigh.jpg'
2021-05-18T02:36:30.6620925Z rm '_images/localmax.png'
2021-05-18T02:36:30.6621465Z rm '_images/merges.png'
2021-05-18T02:36:30.6622041Z rm '_images/my_cover_skinny.png'
2021-05-18T02:36:30.6622613Z rm '_images/oldarnold.jpg'
2021-05-18T02:36:30.6623221Z rm '_images/sarahchange.png'
2021-05-18T02:36:30.6623786Z rm '_images/sophia.jpg'
2021-05-18T02:36:30.6624462Z rm '_images/stackoverflowstrends.svg'
2021-05-18T02:36:30.6625204Z rm '_images/type1and2errors.jpg'
2021-05-18T02:36:30.6626075Z rm '_images/validation-curve.png'
2021-05-18T02:36:30.6626724Z rm '_images/weirdbaby.png'
2021-05-18T02:36:30.6627277Z rm '_images/william.jpg'
2021-05-18T02:36:30.6628266Z rm '_panels_static/panels-main.c949a650a448cc0ae9fd3441c0e17fb0.css'
2021-05-18T02:36:30.6629725Z rm '_panels_static/panels-variables.06eb56fa6e07937060861dad626602ad.css'
2021-05-18T02:36:30.6630746Z rm '_sources/README.md'
2021-05-18T02:36:30.6631317Z rm '_sources/Untitled.ipynb'
2021-05-18T02:36:30.6631981Z rm '_sources/community_codebook/README.md'
2021-05-18T02:36:30.6632700Z rm '_sources/content/01/00_Getting_Started.ipynb'
2021-05-18T02:36:30.6633415Z rm '_sources/content/01/01_Motivation.ipynb'
2021-05-18T02:36:30.6634097Z rm '_sources/content/01/02_Setup.ipynb'
2021-05-18T02:36:30.6634845Z rm '_sources/content/01/03_github.ipynb'
2021-05-18T02:36:30.6635570Z rm '_sources/content/01/04_Markdown.ipynb'
2021-05-18T02:36:30.6636270Z rm '_sources/content/01/05_jupyterlab.ipynb'
2021-05-18T02:36:30.6636980Z rm '_sources/content/01/06_python.ipynb'
2021-05-18T02:36:30.6637657Z rm '_sources/content/01/07_debugging.ipynb'
2021-05-18T02:36:30.6638343Z rm '_sources/content/01/07a_errors.ipynb'
2021-05-18T02:36:30.6639032Z rm '_sources/content/01/08_libraries.ipynb'
2021-05-18T02:36:30.6639729Z rm '_sources/content/01/09_gitignore.ipynb'
2021-05-18T02:36:30.6640402Z rm '_sources/content/02/10_Golden_1.ipynb'
2021-05-18T02:36:30.6641022Z rm '_sources/content/02/10_Golden_2.ipynb'
2021-05-18T02:36:30.6641655Z rm '_sources/content/02/10_Golden_3.ipynb'
2021-05-18T02:36:30.6642446Z rm '_sources/content/02/10_Golden_4.ipynb'
2021-05-18T02:36:30.6643082Z rm '_sources/content/02/10_Golden_5.ipynb'
2021-05-18T02:36:30.6643701Z rm '_sources/content/02/10_Golden_6.ipynb'
2021-05-18T02:36:30.6644343Z rm '_sources/content/02/10_Golden_7.ipynb'
2021-05-18T02:36:30.6645033Z rm '_sources/content/03/00_Data_Wrangling_Intro.ipynb'
2021-05-18T02:36:30.6645729Z rm '_sources/content/03/01_Numpy.ipynb'
2021-05-18T02:36:30.6646399Z rm '_sources/content/03/01a_NumpyCS.ipynb'
2021-05-18T02:36:30.6647119Z rm '_sources/content/03/01b_NumpyBasics.ipynb'
2021-05-18T02:36:30.6647905Z rm '_sources/content/03/01c_NumpyPractice.ipynb'
2021-05-18T02:36:30.6648685Z rm '_sources/content/03/01c_NumpyPractice_ans.ipynb'
2021-05-18T02:36:30.6649481Z rm '_sources/content/03/01d_NumpyResources.ipynb'
2021-05-18T02:36:30.6651156Z rm '_sources/content/03/02a_pandasIntro.ipynb'
2021-05-18T02:36:30.6652028Z rm '_sources/content/03/02a_pandasTips.ipynb'
2021-05-18T02:36:30.6652851Z rm '_sources/content/03/02b_pandasVocab.ipynb'
2021-05-18T02:36:30.6653783Z rm '_sources/content/03/02c_commonFcns.ipynb'
2021-05-18T02:36:30.6654624Z rm '_sources/content/03/02d_temp.ipynb'
2021-05-18T02:36:30.6655286Z rm '_sources/content/03/02e_eda_golden.ipynb'
2021-05-18T02:36:30.6655979Z rm '_sources/content/03/02f_chains.ipynb'
2021-05-18T02:36:30.6656650Z rm '_sources/content/03/02g2_finance.ipynb'
2021-05-18T02:36:30.6657373Z rm '_sources/content/03/02g_commontasks.ipynb'
2021-05-18T02:36:30.6658107Z rm '_sources/content/03/02h_exercises.ipynb'
2021-05-18T02:36:30.6658814Z rm '_sources/content/03/02i_answers.ipynb'
2021-05-18T02:36:30.6659571Z rm '_sources/content/03/02j_resourcesAndSum.ipynb'
2021-05-18T02:36:30.6660343Z rm '_sources/content/03/04a-dataviz.ipynb'
2021-05-18T02:36:30.6661030Z rm '_sources/content/03/04b-whyplot.ipynb'
2021-05-18T02:36:30.6661737Z rm '_sources/content/03/04c-makeplot.ipynb'
2021-05-18T02:36:30.6662467Z rm '_sources/content/03/04d-whichplot.ipynb'
2021-05-18T02:36:30.6663191Z rm '_sources/content/03/04e-visualEDA.ipynb'
2021-05-18T02:36:30.6663954Z rm '_sources/content/03/04f-betterplots.ipynb'
2021-05-18T02:36:30.6664729Z rm '_sources/content/03/04g-lyingfigures.ipynb'
2021-05-18T02:36:30.6665514Z rm '_sources/content/03/05a-otherskills.ipynb'
2021-05-18T02:36:30.6666234Z rm '_sources/content/03/05b_merging.ipynb'
2021-05-18T02:36:30.6666954Z rm '_sources/content/03/05c_missingdata.ipynb'
2021-05-18T02:36:30.6667663Z rm '_sources/content/03/05d_outliers.ipynb'
2021-05-18T02:36:30.6668615Z rm '_sources/content/03/print multiple_dfs.ipynb'
2021-05-18T02:36:30.6669340Z rm '_sources/content/04/00_World_Wide_Data.ipynb'
2021-05-18T02:36:30.6670055Z rm '_sources/content/04/01_Intro_to_scraping.ipynb'
2021-05-18T02:36:30.6670883Z rm '_sources/content/04/01a_openingAndParsing.ipynb'
2021-05-18T02:36:30.6671662Z rm '_sources/content/04/01b_spiders.ipynb'
2021-05-18T02:36:30.6672350Z rm '_sources/content/04/02_strings.ipynb'
2021-05-18T02:36:30.6673047Z rm '_sources/content/04/02a_Python Strings.ipynb'
2021-05-18T02:36:30.6673737Z rm '_sources/content/04/02b_regex.ipynb'
2021-05-18T02:36:30.6674445Z rm '_sources/content/04/02c_developing a regex.ipynb'
2021-05-18T02:36:30.6675265Z rm '_sources/content/04/02d_RegexApplication.ipynb'
2021-05-18T02:36:30.6676140Z rm '_sources/content/05/00_intro.ipynb'
2021-05-18T02:36:30.6676868Z rm '_sources/content/05/01_bigpicture.ipynb'
2021-05-18T02:36:30.6677612Z rm '_sources/content/05/01a_MLgonewrong.ipynb'
2021-05-18T02:36:30.6678354Z rm '_sources/content/05/01b_model_process.ipynb'
2021-05-18T02:36:30.6679038Z rm '_sources/content/05/01c_teams.ipynb'
2021-05-18T02:36:30.6679777Z rm '_sources/content/05/01d_sharingBigFiles.ipynb'
2021-05-18T02:36:30.6680498Z rm '_sources/content/05/02_reg.ipynb'
2021-05-18T02:36:30.6681129Z rm '_sources/content/05/02a_basics.ipynb'
2021-05-18T02:36:30.6681819Z rm '_sources/content/05/02b_mechanics.ipynb'
2021-05-18T02:36:30.6687717Z rm '_sources/content/05/02c_goodnessOfFit.ipynb'
2021-05-18T02:36:30.6688852Z rm '_sources/content/05/02d_interpretingCoefs.ipynb'
2021-05-18T02:36:30.6689845Z rm '_sources/content/05/02e_statisticalSig.ipynb'
2021-05-18T02:36:30.6690752Z rm '_sources/content/05/02g_summary.ipynb'
2021-05-18T02:36:30.6691397Z rm '_sources/content/05/03_ML.ipynb'
2021-05-18T02:36:30.6692208Z rm '_sources/content/05/03a_ML_obj_and_tradeoff.ipynb'
2021-05-18T02:36:30.6692950Z rm '_sources/content/05/03c1_OOS.ipynb'
2021-05-18T02:36:30.6693658Z rm '_sources/content/05/03c_ModelEval.ipynb'
2021-05-18T02:36:30.6694432Z rm '_sources/content/05/03d_whatToMax.ipynb'
2021-05-18T02:36:30.6695191Z rm '_sources/content/05/03e_whichModel.ipynb'
2021-05-18T02:36:30.6696022Z rm '_sources/content/05/03f_leakage.ipynb'
2021-05-18T02:36:30.6696861Z rm '_sources/content/05/04a_SKLearn.ipynb'
2021-05-18T02:36:30.6697614Z rm '_sources/content/05/04b_best_practices.ipynb'
2021-05-18T02:36:30.6698388Z rm '_sources/content/05/04c_onemodel.ipynb'
2021-05-18T02:36:30.6699217Z rm '_sources/content/05/04d_crossval.ipynb'
2021-05-18T02:36:30.6699977Z rm '_sources/content/05/04e1_preprocessing.ipynb'
2021-05-18T02:36:30.6700732Z rm '_sources/content/05/04e_pipelines.ipynb'
2021-05-18T02:36:30.6701483Z rm '_sources/content/05/04f_optimizing_a_model.ipynb'
2021-05-18T02:36:30.6702235Z rm '_sources/content/05/04h_putting_together.ipynb'
2021-05-18T02:36:30.6703066Z rm '_sources/content/05/05_saving.ipynb'
2021-05-18T02:36:30.6703782Z rm '_sources/content/05/05_thefuture.ipynb'
2021-05-18T02:36:30.6704606Z rm '_sources/content/05/regression_techniques/README.md'
2021-05-18T02:36:30.6705376Z rm '_sources/content/about/about_us.md'
2021-05-18T02:36:30.6706114Z rm '_sources/content/about/acknowledgments.md'
2021-05-18T02:36:30.6706995Z rm '_sources/content/about/gradeoverview.md'
2021-05-18T02:36:30.6707701Z rm '_sources/content/about/objectives.md'
2021-05-18T02:36:30.6708379Z rm '_sources/content/about/outcomes.md'
2021-05-18T02:36:30.6709036Z rm '_sources/content/about/resources.md'
2021-05-18T02:36:30.6709707Z rm '_sources/content/about/schedule.md'
2021-05-18T02:36:30.6710420Z rm '_sources/content/about/structure_and_policies.md'
2021-05-18T02:36:30.6711105Z rm '_sources/content/about/tips.md'
2021-05-18T02:36:30.6711839Z rm '_sources/content/assignments/asgn05_measurerisk.md'
2021-05-18T02:36:30.6712599Z rm '_sources/content/assignments/asgn_5.ipynb'
2021-05-18T02:36:30.6713306Z rm '_sources/content/assignments/howto_do.md'
2021-05-18T02:36:30.6714018Z rm '_sources/content/assignments/howto_review.md'
2021-05-18T02:36:30.6714979Z rm '_sources/content/assignments/project.ipynb'
2021-05-18T02:36:30.6715788Z rm '_sources/content/assignments/project_prop_template.md'
2021-05-18T02:36:30.6716611Z rm '_sources/content/estimate_factor_loadings.ipynb'
2021-05-18T02:36:30.6717314Z rm '_sources/content/frontpage.md'
2021-05-18T02:36:30.6717998Z rm '_sources/lectures/L01_intro_github.ipynb'
2021-05-18T02:36:30.6718726Z rm '_sources/lectures/L02_jupyterlab.ipynb'
2021-05-18T02:36:30.6719422Z rm '_sources/lectures/L03_python.ipynb'
2021-05-18T02:36:30.6720146Z rm '_sources/lectures/L05_numpypandas.ipynb'
2021-05-18T02:36:30.6720852Z rm '_sources/lectures/L06_pandas.ipynb'
2021-05-18T02:36:30.6721688Z rm '_sources/lectures/L07_dataviz.ipynb'
2021-05-18T02:36:30.6722607Z rm '_sources/lectures/L09_merging.ipynb'
2021-05-18T02:36:30.6723591Z rm '_sources/lectures/L11_scrapingWeek-Copy1.ipynb'
2021-05-18T02:36:30.6724507Z rm '_sources/lectures/L13_regexWeek.ipynb'
2021-05-18T02:36:30.6725420Z rm '_sources/lectures/L15_modeling_intro.ipynb'
2021-05-18T02:36:30.6726253Z rm '_sources/lectures/L16_POSTCLASS_first_regs.ipynb'
2021-05-18T02:36:30.6727133Z rm '_sources/lectures/L17_interpretation.ipynb'
2021-05-18T02:36:30.6728034Z rm '_sources/lectures/L18.ipynb'
2021-05-18T02:36:30.6728822Z rm '_sources/lectures/L21 pipelines and optimizing model.ipynb'
2021-05-18T02:36:30.6729786Z rm '_sources/lectures/L22 preprocessing.ipynb'
2021-05-18T02:36:30.6730596Z rm '_sources/lectures/L23 trees and ensemble models.ipynb'
2021-05-18T02:36:30.6731294Z rm '_sources/lectures/L24.ipynb'
2021-05-18T02:36:30.6731885Z rm '_sources/lectures/README.md'
2021-05-18T02:36:30.6732541Z rm '_sources/lectures/stock_prices.ipynb'
2021-05-18T02:36:30.6733122Z rm '_static/__init__.py'
2021-05-18T02:36:30.6733736Z rm '_static/__pycache__/__init__.cpython-38.pyc'
2021-05-18T02:36:30.6738184Z rm '_static/basic.css'
2021-05-18T02:36:30.6738906Z rm '_static/clipboard.min.js'
2021-05-18T02:36:30.6739522Z rm '_static/copy-button.svg'
2021-05-18T02:36:30.6740107Z rm '_static/copybutton.css'
2021-05-18T02:36:30.6740704Z rm '_static/copybutton.js'
2021-05-18T02:36:30.6741284Z rm '_static/copybutton_funcs.js'
2021-05-18T02:36:30.6742145Z rm '_static/css/index.f658d18f9b420779cfdf24aa0a7e2d77.css'
2021-05-18T02:36:30.6742923Z rm '_static/doctools.js'
2021-05-18T02:36:30.6743543Z rm '_static/documentation_options.js'
2021-05-18T02:36:30.6744122Z rm '_static/file.png'
2021-05-18T02:36:30.6744773Z rm '_static/fin377_specialformatting.css'
2021-05-18T02:36:30.6745450Z rm '_static/images/logo_binder.svg'
2021-05-18T02:36:30.6746062Z rm '_static/images/logo_colab.png'
2021-05-18T02:36:30.6746709Z rm '_static/images/logo_jupyterhub.svg'
2021-05-18T02:36:30.6747326Z rm '_static/jquery-3.5.1.js'
2021-05-18T02:36:30.6747872Z rm '_static/jquery.js'
2021-05-18T02:36:30.6748608Z rm '_static/js/index.d3f166471bb80abb5163.js'
2021-05-18T02:36:30.6749284Z rm '_static/language_data.js'
2021-05-18T02:36:30.6749809Z rm '_static/logo.png'
2021-05-18T02:36:30.6750327Z rm '_static/minus.png'
2021-05-18T02:36:30.6750987Z rm '_static/moviescript.css'
2021-05-18T02:36:30.6751542Z rm '_static/mystnb.css'
2021-05-18T02:36:30.6752484Z rm '_static/panels-main.c949a650a448cc0ae9fd3441c0e17fb0.css'
2021-05-18T02:36:30.6753864Z rm '_static/panels-variables.06eb56fa6e07937060861dad626602ad.css'
2021-05-18T02:36:30.6754848Z rm '_static/plus.png'
2021-05-18T02:36:30.6755378Z rm '_static/pygments.css'
2021-05-18T02:36:30.6755959Z rm '_static/searchtools.js'
2021-05-18T02:36:30.6757015Z rm '_static/sphinx-book-theme.40e2e510f6b7d1648584402491bb10fe.css'
2021-05-18T02:36:30.6758106Z rm '_static/sphinx-book-theme.css'
2021-05-18T02:36:30.6759271Z rm '_static/sphinx-book-theme.d31b09fe5c1d09cb49b26a786de4a05d.js'
2021-05-18T02:36:30.6760332Z rm '_static/sphinx-thebe.css'
2021-05-18T02:36:30.6760961Z rm '_static/sphinx-thebe.js'
2021-05-18T02:36:30.6761577Z rm '_static/togglebutton.css'
2021-05-18T02:36:30.6762364Z rm '_static/togglebutton.js'
2021-05-18T02:36:30.6763007Z rm '_static/underscore-1.12.0.js'
2021-05-18T02:36:30.6763825Z rm '_static/underscore.js'
2021-05-18T02:36:30.6764490Z rm '_static/vendor/fontawesome/5.13.0/LICENSE.txt'
2021-05-18T02:36:30.6765234Z rm '_static/vendor/fontawesome/5.13.0/css/all.min.css'
2021-05-18T02:36:30.6766047Z rm '_static/vendor/fontawesome/5.13.0/webfonts/fa-brands-400.eot'
2021-05-18T02:36:30.6766933Z rm '_static/vendor/fontawesome/5.13.0/webfonts/fa-brands-400.svg'
2021-05-18T02:36:30.6767928Z rm '_static/vendor/fontawesome/5.13.0/webfonts/fa-brands-400.ttf'
2021-05-18T02:36:30.6768798Z rm '_static/vendor/fontawesome/5.13.0/webfonts/fa-brands-400.woff'
2021-05-18T02:36:30.6769700Z rm '_static/vendor/fontawesome/5.13.0/webfonts/fa-brands-400.woff2'
2021-05-18T02:36:30.6771974Z rm '_static/vendor/fontawesome/5.13.0/webfonts/fa-regular-400.eot'
2021-05-18T02:36:30.6773057Z rm '_static/vendor/fontawesome/5.13.0/webfonts/fa-regular-400.svg'
2021-05-18T02:36:30.6773994Z rm '_static/vendor/fontawesome/5.13.0/webfonts/fa-regular-400.ttf'
2021-05-18T02:36:30.6774903Z rm '_static/vendor/fontawesome/5.13.0/webfonts/fa-regular-400.woff'
2021-05-18T02:36:30.6775836Z rm '_static/vendor/fontawesome/5.13.0/webfonts/fa-regular-400.woff2'
2021-05-18T02:36:30.6776721Z rm '_static/vendor/fontawesome/5.13.0/webfonts/fa-solid-900.eot'
2021-05-18T02:36:30.6777578Z rm '_static/vendor/fontawesome/5.13.0/webfonts/fa-solid-900.svg'
2021-05-18T02:36:30.6778584Z rm '_static/vendor/fontawesome/5.13.0/webfonts/fa-solid-900.ttf'
2021-05-18T02:36:30.6779503Z rm '_static/vendor/fontawesome/5.13.0/webfonts/fa-solid-900.woff'
2021-05-18T02:36:30.6780423Z rm '_static/vendor/fontawesome/5.13.0/webfonts/fa-solid-900.woff2'
2021-05-18T02:36:30.6781383Z rm '_static/vendor/lato_latin-ext/1.44.1/LICENSE.md'
2021-05-18T02:36:30.6782322Z rm '_static/vendor/lato_latin-ext/1.44.1/files/lato-latin-ext-100-italic.woff'
2021-05-18T02:36:30.6783448Z rm '_static/vendor/lato_latin-ext/1.44.1/files/lato-latin-ext-100-italic.woff2'
2021-05-18T02:36:30.6784504Z rm '_static/vendor/lato_latin-ext/1.44.1/files/lato-latin-ext-100.woff'
2021-05-18T02:36:30.6785480Z rm '_static/vendor/lato_latin-ext/1.44.1/files/lato-latin-ext-100.woff2'
2021-05-18T02:36:30.6786535Z rm '_static/vendor/lato_latin-ext/1.44.1/files/lato-latin-ext-300-italic.woff'
2021-05-18T02:36:30.6789970Z rm '_static/vendor/lato_latin-ext/1.44.1/files/lato-latin-ext-300-italic.woff2'
2021-05-18T02:36:30.6797235Z rm '_static/vendor/lato_latin-ext/1.44.1/files/lato-latin-ext-300.woff'
2021-05-18T02:36:30.6798592Z rm '_static/vendor/lato_latin-ext/1.44.1/files/lato-latin-ext-300.woff2'
2021-05-18T02:36:30.6799641Z rm '_static/vendor/lato_latin-ext/1.44.1/files/lato-latin-ext-400-italic.woff'
2021-05-18T02:36:30.6800768Z rm '_static/vendor/lato_latin-ext/1.44.1/files/lato-latin-ext-400-italic.woff2'
2021-05-18T02:36:30.6802152Z rm '_static/vendor/lato_latin-ext/1.44.1/files/lato-latin-ext-400.woff'
2021-05-18T02:36:30.6803220Z rm '_static/vendor/lato_latin-ext/1.44.1/files/lato-latin-ext-400.woff2'
2021-05-18T02:36:30.6804268Z rm '_static/vendor/lato_latin-ext/1.44.1/files/lato-latin-ext-700-italic.woff'
2021-05-18T02:36:30.6805412Z rm '_static/vendor/lato_latin-ext/1.44.1/files/lato-latin-ext-700-italic.woff2'
2021-05-18T02:36:30.6806470Z rm '_static/vendor/lato_latin-ext/1.44.1/files/lato-latin-ext-700.woff'
2021-05-18T02:36:30.6807437Z rm '_static/vendor/lato_latin-ext/1.44.1/files/lato-latin-ext-700.woff2'
2021-05-18T02:36:30.6808495Z rm '_static/vendor/lato_latin-ext/1.44.1/files/lato-latin-ext-900-italic.woff'
2021-05-18T02:36:30.6809618Z rm '_static/vendor/lato_latin-ext/1.44.1/files/lato-latin-ext-900-italic.woff2'
2021-05-18T02:36:30.6810673Z rm '_static/vendor/lato_latin-ext/1.44.1/files/lato-latin-ext-900.woff'
2021-05-18T02:36:30.6811638Z rm '_static/vendor/lato_latin-ext/1.44.1/files/lato-latin-ext-900.woff2'
2021-05-18T02:36:30.6812480Z rm '_static/vendor/lato_latin-ext/1.44.1/index.css'
2021-05-18T02:36:30.6813213Z rm '_static/vendor/open-sans_all/1.44.1/LICENSE.md'
2021-05-18T02:36:30.6814113Z rm '_static/vendor/open-sans_all/1.44.1/files/open-sans-all-400-italic.woff'
2021-05-18T02:36:30.6815404Z rm '_static/vendor/open-sans_all/1.44.1/files/open-sans-all-400-italic.woff2'
2021-05-18T02:36:30.6816410Z rm '_static/vendor/open-sans_all/1.44.1/files/open-sans-all-400.woff'
2021-05-18T02:36:30.6817359Z rm '_static/vendor/open-sans_all/1.44.1/files/open-sans-all-400.woff2'
2021-05-18T02:36:30.6818171Z rm '_static/vendor/open-sans_all/1.44.1/index.css'
2021-05-18T02:36:30.6818862Z rm '_static/webpack-macros.html'
2021-05-18T02:36:30.6819524Z rm 'community_codebook/README.html'
2021-05-18T02:36:30.6820183Z rm 'content/01/00_Getting_Started.html'
2021-05-18T02:36:30.6820832Z rm 'content/01/01_Motivation.html'
2021-05-18T02:36:30.6821419Z rm 'content/01/02_Setup.html'
2021-05-18T02:36:30.6821987Z rm 'content/01/03_github.html'
2021-05-18T02:36:30.6822561Z rm 'content/01/04_Markdown.html'
2021-05-18T02:36:30.6823276Z rm 'content/01/05_jupyterlab.html'
2021-05-18T02:36:30.6823920Z rm 'content/01/06_python.html'
2021-05-18T02:36:30.6824525Z rm 'content/01/07_debugging.html'
2021-05-18T02:36:30.6825113Z rm 'content/01/07a_errors.html'
2021-05-18T02:36:30.6825723Z rm 'content/01/08_libraries.html'
2021-05-18T02:36:30.6826332Z rm 'content/01/09_gitignore.html'
2021-05-18T02:36:30.6826921Z rm 'content/02/10_Golden_1.html'
2021-05-18T02:36:30.6827476Z rm 'content/02/10_Golden_2.html'
2021-05-18T02:36:30.6828014Z rm 'content/02/10_Golden_3.html'
2021-05-18T02:36:30.6828563Z rm 'content/02/10_Golden_4.html'
2021-05-18T02:36:30.6835393Z rm 'content/02/10_Golden_5.html'
2021-05-18T02:36:30.6835980Z rm 'content/02/10_Golden_6.html'
2021-05-18T02:36:30.6836541Z rm 'content/02/10_Golden_7.html'
2021-05-18T02:36:30.6837149Z rm 'content/03/00_Data_Wrangling_Intro.html'
2021-05-18T02:36:30.6837768Z rm 'content/03/01_Numpy.html'
2021-05-18T02:36:30.6838335Z rm 'content/03/01a_NumpyCS.html'
2021-05-18T02:36:30.6838977Z rm 'content/03/01b_NumpyBasics.html'
2021-05-18T02:36:30.6839656Z rm 'content/03/01c_NumpyPractice.html'
2021-05-18T02:36:30.6840360Z rm 'content/03/01c_NumpyPractice_ans.html'
2021-05-18T02:36:30.6841065Z rm 'content/03/01d_NumpyResources.html'
2021-05-18T02:36:30.6841755Z rm 'content/03/02a_pandasIntro.html'
2021-05-18T02:36:30.6843219Z rm 'content/03/02a_pandasTips.html'
2021-05-18T02:36:30.6844028Z rm 'content/03/02b_pandasVocab.html'
2021-05-18T02:36:30.6844802Z rm 'content/03/02c_commonFcns.html'
2021-05-18T02:36:30.6845447Z rm 'content/03/02d_temp.html'
2021-05-18T02:36:30.6846072Z rm 'content/03/02e_eda_golden.html'
2021-05-18T02:36:30.6846687Z rm 'content/03/02f_chains.html'
2021-05-18T02:36:30.6847547Z rm 'content/03/02g2_finance.html'
2021-05-18T02:36:30.6848242Z rm 'content/03/02g_commontasks.html'
2021-05-18T02:36:30.6849081Z rm 'content/03/02h_exercises.html'
2021-05-18T02:36:30.6849757Z rm 'content/03/02i_answers.html'
2021-05-18T02:36:30.6850486Z rm 'content/03/02j_resourcesAndSum.html'
2021-05-18T02:36:30.6851365Z rm 'content/03/04a-dataviz.html'
2021-05-18T02:36:30.6852004Z rm 'content/03/04b-whyplot.html'
2021-05-18T02:36:30.6852660Z rm 'content/03/04c-makeplot.html'
2021-05-18T02:36:30.6853456Z rm 'content/03/04d-whichplot.html'
2021-05-18T02:36:30.6854101Z rm 'content/03/04e-visualEDA.html'
2021-05-18T02:36:30.6854752Z rm 'content/03/04f-betterplots.html'
2021-05-18T02:36:30.6855441Z rm 'content/03/04g-lyingfigures.html'
2021-05-18T02:36:30.6856115Z rm 'content/03/05a-otherskills.html'
2021-05-18T02:36:30.6856749Z rm 'content/03/05b_merging.html'
2021-05-18T02:36:30.6857375Z rm 'content/03/05c_missingdata.html'
2021-05-18T02:36:30.6857989Z rm 'content/03/05d_outliers.html'
2021-05-18T02:36:30.6858618Z rm 'content/03/print multiple_dfs.html'
2021-05-18T02:36:30.6859243Z rm 'content/04/00_World_Wide_Data.html'
2021-05-18T02:36:30.6859882Z rm 'content/04/01_Intro_to_scraping.html'
2021-05-18T02:36:30.6860601Z rm 'content/04/01a_openingAndParsing.html'
2021-05-18T02:36:30.6861298Z rm 'content/04/01b_spiders.html'
2021-05-18T02:36:30.6861879Z rm 'content/04/02_strings.html'
2021-05-18T02:36:30.6862496Z rm 'content/04/02a_Python Strings.html'
2021-05-18T02:36:30.6863083Z rm 'content/04/02b_regex.html'
2021-05-18T02:36:30.6863914Z rm 'content/04/02c_developing a regex.html'
2021-05-18T02:36:30.6865425Z rm 'content/04/02d_RegexApplication.html'
2021-05-18T02:36:30.6866139Z rm 'content/05/00_intro.html'
2021-05-18T02:36:30.6866766Z rm 'content/05/01_bigpicture.html'
2021-05-18T02:36:30.6867407Z rm 'content/05/01a_MLgonewrong.html'
2021-05-18T02:36:30.6868055Z rm 'content/05/01b_model_process.html'
2021-05-18T02:36:30.6868715Z rm 'content/05/01c_teams.html'
2021-05-18T02:36:30.6869399Z rm 'content/05/01d_sharingBigFiles.html'
2021-05-18T02:36:30.6870034Z rm 'content/05/02_reg.html'
2021-05-18T02:36:30.6870578Z rm 'content/05/02a_basics.html'
2021-05-18T02:36:30.6871178Z rm 'content/05/02b_mechanics.html'
2021-05-18T02:36:30.6871826Z rm 'content/05/02c_goodnessOfFit.html'
2021-05-18T02:36:30.6872690Z rm 'content/05/02d_interpretingCoefs.html'
2021-05-18T02:36:30.6873488Z rm 'content/05/02e_statisticalSig.html'
2021-05-18T02:36:30.6883509Z rm 'content/05/02g_summary.html'
2021-05-18T02:36:30.6884232Z rm 'content/05/03_ML.html'
2021-05-18T02:36:30.6886034Z rm 'content/05/03a_ML_obj_and_tradeoff.html'
2021-05-18T02:36:30.6886690Z rm 'content/05/03c1_OOS.html'
2021-05-18T02:36:30.6887758Z rm 'content/05/03c_ModelEval.html'
2021-05-18T02:36:30.6888375Z rm 'content/05/03d_whatToMax.html'
2021-05-18T02:36:30.6889015Z rm 'content/05/03e_whichModel.html'
2021-05-18T02:36:30.6892134Z rm 'content/05/03f_leakage.html'
2021-05-18T02:36:30.6893083Z rm 'content/05/04a_SKLearn.html'
2021-05-18T02:36:30.6893771Z rm 'content/05/04b_best_practices.html'
2021-05-18T02:36:30.6894548Z rm 'content/05/04c_onemodel.html'
2021-05-18T02:36:30.6895160Z rm 'content/05/04d_crossval.html'
2021-05-18T02:36:30.6895813Z rm 'content/05/04e1_preprocessing.html'
2021-05-18T02:36:30.6896641Z rm 'content/05/04e_pipelines.html'
2021-05-18T02:36:30.6897343Z rm 'content/05/04f_optimizing_a_model.html'
2021-05-18T02:36:30.6898065Z rm 'content/05/04h_putting_together.html'
2021-05-18T02:36:30.6898709Z rm 'content/05/05_saving.html'
2021-05-18T02:36:30.6899361Z rm 'content/05/05_thefuture.html'
2021-05-18T02:36:30.6900116Z rm 'content/05/regression_techniques/README.html'
2021-05-18T02:36:30.6900824Z rm 'content/about/about_us.html'
2021-05-18T02:36:30.6901649Z rm 'content/about/acknowledgments.html'
2021-05-18T02:36:30.6902375Z rm 'content/about/gradeoverview.html'
2021-05-18T02:36:30.6903061Z rm 'content/about/objectives.html'
2021-05-18T02:36:30.6904142Z rm 'content/about/outcomes.html'
2021-05-18T02:36:30.6904783Z rm 'content/about/resources.html'
2021-05-18T02:36:30.6905404Z rm 'content/about/schedule.html'
2021-05-18T02:36:30.6906095Z rm 'content/about/structure_and_policies.html'
2021-05-18T02:36:30.6906741Z rm 'content/about/tips.html'
2021-05-18T02:36:30.6907427Z rm 'content/assignments/asgn05_measurerisk.html'
2021-05-18T02:36:30.6908148Z rm 'content/assignments/asgn_5.html'
2021-05-18T02:36:30.6908784Z rm 'content/assignments/howto_do.html'
2021-05-18T02:36:30.6909470Z rm 'content/assignments/howto_review.html'
2021-05-18T02:36:30.6910155Z rm 'content/assignments/project.html'
2021-05-18T02:36:30.6910923Z rm 'content/assignments/project_prop_template.html'
2021-05-18T02:36:30.6911669Z rm 'content/estimate_factor_loadings.html'
2021-05-18T02:36:30.6912321Z rm 'content/frontpage.html'
2021-05-18T02:36:30.6912867Z rm 'genindex.html'
2021-05-18T02:36:30.6913369Z rm 'index.html'
2021-05-18T02:36:30.6913930Z rm 'lectures/L01_intro_github.html'
2021-05-18T02:36:30.6914559Z rm 'lectures/L02_jupyterlab.html'
2021-05-18T02:36:30.6915185Z rm 'lectures/L03_python.html'
2021-05-18T02:36:30.6915809Z rm 'lectures/L05_numpypandas.html'
2021-05-18T02:36:30.6916444Z rm 'lectures/L06_pandas.html'
2021-05-18T02:36:30.6917025Z rm 'lectures/L07_dataviz.html'
2021-05-18T02:36:30.6917621Z rm 'lectures/L09_merging.html'
2021-05-18T02:36:30.6918329Z rm 'lectures/L11_scrapingWeek-Copy1.html'
2021-05-18T02:36:30.6919065Z rm 'lectures/L13_regexWeek.html'
2021-05-18T02:36:30.6919703Z rm 'lectures/L15_modeling_intro.html'
2021-05-18T02:36:30.6920379Z rm 'lectures/L16_POSTCLASS_first_regs.html'
2021-05-18T02:36:30.6921297Z rm 'lectures/L17_interpretation.html'
2021-05-18T02:36:30.6922062Z rm 'lectures/L18.html'
2021-05-18T02:36:30.6922772Z rm 'lectures/L21 pipelines and optimizing model.html'
2021-05-18T02:36:30.6923513Z rm 'lectures/L22 preprocessing.html'
2021-05-18T02:36:30.6924254Z rm 'lectures/L23 trees and ensemble models.html'
2021-05-18T02:36:30.6924862Z rm 'lectures/L24.html'
2021-05-18T02:36:30.6925407Z rm 'lectures/README.html'
2021-05-18T02:36:30.6925989Z rm 'lectures/stock_prices.html'
2021-05-18T02:36:30.6926538Z rm 'objects.inv'
2021-05-18T02:36:30.6927022Z rm 'search.html'
2021-05-18T02:36:30.6927540Z rm 'searchindex.js'
2021-05-18T02:36:30.6928238Z [INFO] copy .buildinfo
2021-05-18T02:36:30.6928654Z [INFO] copy README.html
2021-05-18T02:36:30.6929084Z [INFO] copy Untitled.html
2021-05-18T02:36:30.7058082Z [INFO] copy _images
2021-05-18T02:36:30.7068871Z [INFO] copy _panels_static
2021-05-18T02:36:30.7530938Z [INFO] copy _sources
2021-05-18T02:36:30.7794435Z [INFO] copy _static
2021-05-18T02:36:30.7815278Z [INFO] copy community_codebook
2021-05-18T02:36:30.8344560Z [INFO] copy content
2021-05-18T02:36:30.8351232Z [INFO] copy genindex.html
2021-05-18T02:36:30.8356767Z [INFO] copy index.html
2021-05-18T02:36:30.8432092Z [INFO] copy lectures
2021-05-18T02:36:30.8438069Z [INFO] copy objects.inv
2021-05-18T02:36:30.8493098Z [INFO] copy search.html
2021-05-18T02:36:30.8500058Z [INFO] copy searchindex.js
2021-05-18T02:36:30.8502818Z [INFO] Created /home/runner/actions_github_pages_1621305387720/.nojekyll
2021-05-18T02:36:30.8504220Z ##[endgroup]
2021-05-18T02:36:30.8504949Z ##[group]Setup Git config
2021-05-18T02:36:30.8527240Z [command]/usr/bin/git remote rm origin
2021-05-18T02:36:30.8621479Z [command]/usr/bin/git remote add origin ***github.com/LeDataSciFi/ledatascifi-2021.git
2021-05-18T02:36:30.8680242Z [command]/usr/bin/git add --all
2021-05-18T02:36:31.0800492Z [command]/usr/bin/git config user.name donbowen
2021-05-18T02:36:31.0874447Z [command]/usr/bin/git config user.email donbowen@users.noreply.github.com
2021-05-18T02:36:31.0909140Z ##[endgroup]
2021-05-18T02:36:31.0911156Z ##[group]Create a commit
2021-05-18T02:36:31.0934172Z [command]/usr/bin/git commit -m deploy: d3eaeea2ea60cd683a90dd1dca115e8317f25513
2021-05-18T02:36:31.1124502Z [gh-pages 06d9d2c] deploy: d3eaeea2ea60cd683a90dd1dca115e8317f25513
2021-05-18T02:36:31.1125611Z  10 files changed, 50 insertions(+), 55 deletions(-)
2021-05-18T02:36:31.1126184Z  rewrite searchindex.js (84%)
2021-05-18T02:36:31.1142492Z ##[endgroup]
2021-05-18T02:36:31.1143248Z ##[group]Push the commit or tag
2021-05-18T02:36:31.1170610Z [command]/usr/bin/git push origin gh-pages
2021-05-18T02:36:33.1411851Z To https://github.com/LeDataSciFi/ledatascifi-2021.git
2021-05-18T02:36:33.1412794Z    519f3c7..06d9d2c  gh-pages -> gh-pages
2021-05-18T02:36:33.1465333Z ##[endgroup]
2021-05-18T02:36:33.1465839Z [INFO] Action successfully completed
2021-05-18T02:36:33.1592431Z Post job cleanup.
2021-05-18T02:36:33.2639469Z [command]/usr/bin/git version
2021-05-18T02:36:33.2711187Z git version 2.31.1
2021-05-18T02:36:33.2747621Z [command]/usr/bin/git config --local --name-only --get-regexp core\.sshCommand
2021-05-18T02:36:33.2786613Z [command]/usr/bin/git submodule foreach --recursive git config --local --name-only --get-regexp 'core\.sshCommand' && git config --local --unset-all 'core.sshCommand' || :
2021-05-18T02:36:33.3019967Z [command]/usr/bin/git config --local --name-only --get-regexp http\.https\:\/\/github\.com\/\.extraheader
2021-05-18T02:36:33.3051847Z http.https://github.com/.extraheader
2021-05-18T02:36:33.3061117Z [command]/usr/bin/git config --local --unset-all http.https://github.com/.extraheader
2021-05-18T02:36:33.3100136Z [command]/usr/bin/git submodule foreach --recursive git config --local --name-only --get-regexp 'http\.https\:\/\/github\.com\/\.extraheader' && git config --local --unset-all 'http.https://github.com/.extraheader' || :
2021-05-18T02:36:33.3361625Z Cleaning up orphan processes
